******************************************************************************
                  TI ARM Linker PC v5.2.2                      
******************************************************************************
>> Linked Mon Feb 27 15:28:51 2017

OUTPUT FILE NAME:   <495.out>
ENTRY POINT SYMBOL: "_c_int00"  address: 00004501


MEMORY CONFIGURATION

         name            origin    length      used     unused   attr    fill
----------------------  --------  ---------  --------  --------  ----  --------
  FLASH                 00000000   00040000  0000728a  00038d76  R  X
  SRAM                  20000000   00008000  00001f68  00006098  RW X


SEGMENT ALLOCATION MAP

run origin  load origin   length   init length attrs members
----------  ----------- ---------- ----------- ----- -------
00000000    00000000    00007290   00007290    r-x
  00000000    00000000    0000026c   0000026c    r-- .intvecs
  0000026c    0000026c    00004d52   00004d52    r-x .text
  00004fc0    00004fc0    00001e14   00001e14    r-- .const
  00006dd8    00006dd8    000004b8   000004b8    r-- .cinit
20000000    20000000    000003d4   00000000    rw-
  20000000    20000000    0000026c   00000000    rw- .vtable
  2000026c    2000026c    00000168   00000000    rw- .bss
20000400    20000400    00001b94   00000000    rw-
  20000400    20000400    00001794   00000000    rw- .data
  20001b94    20001b94    00000400   00000000    rw- .stack


SECTION ALLOCATION MAP

 output                                  attributes/
section   page    origin      length       input sections
--------  ----  ----------  ----------   ----------------
.intvecs   0    00000000    0000026c     
                  00000000    0000026c     tm4c123gh6pm_startup_ccs.obj (.intvecs)

.text      0    0000026c    00004d52     
                  0000026c    00000abc     495.obj (.text)
                  00000d28    00000704     Kentec320x240x16_ssd2119_SPI.obj (.text)
                  0000142c    000006dc     ustdlib.obj (.text)
                  00001b08    00000370     grlib.lib : image.obj (.text:InternalImageDraw)
                  00001e78    00000308     touch.obj (.text)
                  00002180    000002ec     rtsv7M4_T_le_v4SPD16_eabi.lib : xlog.obj (.text)
                  0000246c    000002e4     grlib.lib : image.obj (.text:PixelTransparentDraw)
                  00002750    000002c4               : slider.obj (.text:SliderPaint)
                  00002a14    00000256               : string.obj (.text:GrFontGlyphRender)
                  00002c6a    000001b6     rtsv7M4_T_le_v4SPD16_eabi.lib : fd_add_t2.obj (.text)
                  00002e20    00000194     grlib.lib : canvas.obj (.text:CanvasPaint)
                  00002fb4    00000176               : pushbutton.obj (.text:RectangularButtonPaint)
                  0000312a    00000136     rtsv7M4_T_le_v4SPD16_eabi.lib : fd_div_t2.obj (.text)
                  00003260    00000130     driverlib.lib : gpio.obj (.text:GPIOPadConfigSet)
                  00003390    0000010c                   : sysctl.obj (.text:SysCtlClockGet)
                  0000349c    000000fc     rtsv7M4_T_le_v4SPD16_eabi.lib : fd_mul_t2.obj (.text)
                  00003598    000000f2     grlib.lib : pushbutton.obj (.text:RectangularButtonClick)
                  0000368a    00000002     --HOLE-- [fill = 0]
                  0000368c    000000f0     driverlib.lib : sysctl.obj (.text:SysCtlClockSet)
                  0000377c    000000e8     grlib.lib : widget.obj (.text:WidgetMessageQueueAdd)
                  00003864    000000d2               : slider.obj (.text:SliderClick)
                  00003936    000000c4               : string.obj (.text:GrDefaultStringRenderer)
                  000039fa    000000be     rtsv7M4_T_le_v4SPD16_eabi.lib : xdnorm.obj (.text)
                  00003ab8    000000b4     grlib.lib : widget.obj (.text:WidgetMessageSendPostOrder)
                  00003b6c    000000b0               : slider.obj (.text:SliderValueToPosition)
                  00003c1c    0000009c     rtsv7M4_T_le_v4SPD16_eabi.lib : memcpy_t2.obj (.text)
                  00003cb8    0000008a     grlib.lib : rectangle.obj (.text:GrRectIntersectGet)
                  00003d42    00000086               : rectangle.obj (.text:GrRectFill)
                  00003dc8    00000086     rtsv7M4_T_le_v4SPD16_eabi.lib : fd_cmp_t2.obj (.text:__aeabi_cdcmple)
                  00003e4e    0000007a     driverlib.lib : adc.obj (.text:ADCSequenceStepConfigure)
                  00003ec8    0000007a     rtsv7M4_T_le_v4SPD16_eabi.lib : memset_t2.obj (.text)
                  00003f42    00000002     --HOLE-- [fill = 0]
                  00003f44    0000006c                                   : autoinit.obj (.text)
                  00003fb0    0000006a     grlib.lib : string.obj (.text:GrStringWidthGet)
                  0000401a    0000006a     rtsv7M4_T_le_v4SPD16_eabi.lib : copy_decompress_rle.obj (.text)
                  00004084    00000068     grlib.lib : context.obj (.text:GrContextInit)
                  000040ec    00000068     driverlib.lib : interrupt.obj (.text:IntEnable)
                  00004154    00000066     grlib.lib : rectangle.obj (.text:GrRectDraw)
                  000041ba    00000066     rtsv7M4_T_le_v4SPD16_eabi.lib : xdunscal.obj (.text)
                  00004220    00000064     grlib.lib : widget.obj (.text:WidgetMessageQueueProcess)
                  00004284    00000062               : context.obj (.text:GrContextClipRegionSet)
                  000042e6    00000002     --HOLE-- [fill = 0]
                  000042e8    00000060     driverlib.lib : timer.obj (.text:TimerConfigure)
                  00004348    0000005c     grlib.lib : widget.obj (.text:WidgetMessageSendPreOrder)
                  000043a4    0000005a               : string.obj (.text:FontWideGlyphDataGet)
                  000043fe    00000058               : slider.obj (.text:SliderPositionToValue)
                  00004456    00000002     --HOLE-- [fill = 0]
                  00004458    00000058     driverlib.lib : timer.obj (.text:TimerControlTrigger)
                  000044b0    00000050                   : sysctl.obj (.text:SysCtlPeripheralReset)
                  00004500    00000050     rtsv7M4_T_le_v4SPD16_eabi.lib : boot.obj (.text)
                  00004550    0000004c     grlib.lib : widget.obj (.text:WidgetRemove)
                  0000459c    0000004c     driverlib.lib : timer.obj (.text:_TimerIntNumberGet)
                  000045e8    0000004c     rtsv7M4_T_le_v4SPD16_eabi.lib : cpy_tbl.obj (.text)
                  00004634    0000004a     grlib.lib : string.obj (.text:UpdateContextCharMapping)
                  0000467e    00000002     --HOLE-- [fill = 0]
                  00004680    00000048     driverlib.lib : gpio.obj (.text:GPIOPinConfigure)
                  000046c8    00000048                   : i2c.obj (.text:I2CMasterInitExpClk)
                  00004710    00000048     rtsv7M4_T_le_v4SPD16_eabi.lib : fd_toi_t2.obj (.text)
                  00004758    00000046     grlib.lib : line.obj (.text:GrLineDrawH)
                  0000479e    00000046               : line.obj (.text:GrLineDrawV)
                  000047e4    00000044     rtsv7M4_T_le_v4SPD16_eabi.lib : exit.obj (.text)
                  00004828    00000042                                   : u_divt2.obj (.text)
                  0000486a    00000002     --HOLE-- [fill = 0]
                  0000486c    00000040                                   : signal.obj (.text)
                  000048ac    0000003e     driverlib.lib : adc.obj (.text:ADCSequenceConfigure)
                  000048ea    0000003c                   : ssi.obj (.text:SSIConfigSetExpClk)
                  00004926    0000003a     grlib.lib : string.obj (.text:FontGlyphDataGet)
                  00004960    00000038               : rectangle.obj (.text:GrRectOverlapCheck)
                  00004998    00000038     driverlib.lib : sysctl.obj (.text:SysCtlPeripheralReady)
                  000049d0    00000038     rtsv7M4_T_le_v4SPD16_eabi.lib : fs_tod_t2.obj (.text)
                  00004a08    00000034     driverlib.lib : interrupt.obj (.text:IntRegister)
                  00004a3c    00000034                   : sysctl.obj (.text:SysCtlPeripheralEnable)
                  00004a70    00000034     rtsv7M4_T_le_v4SPD16_eabi.lib : feraiseexcept.obj (.text)
                  00004aa4    00000030                                   : xferaise.obj (.text)
                  00004ad4    0000002e     grlib.lib : string.obj (.text:GrStringNextCharGet)
                  00004b02    0000002e     rtsv7M4_T_le_v4SPD16_eabi.lib : i_tofd_t2.obj (.text)
                  00004b30    0000002e                                   : raise.obj (.text)
                  00004b5e    0000002c     grlib.lib : string.obj (.text:GrFontBaselineGet)
                  00004b8a    0000002c               : string.obj (.text:GrFontHeightGet)
                  00004bb6    0000002c               : slider.obj (.text:SliderMsgProc)
                  00004be2    0000002a     driverlib.lib : gpio.obj (.text:GPIODirModeSet)
                  00004c0c    0000002a     grlib.lib : widget.obj (.text:WidgetIsInTree)
                  00004c36    00000028               : pushbutton.obj (.text:RectangularButtonMsgProc)
                  00004c5e    00000026               : string.obj (.text:GrFontInfoGet)
                  00004c84    00000024               : widget.obj (.text:WidgetAdd)
                  00004ca8    00000022               : string.obj (.text:GrFontGlyphDataGet)
                  00004cca    00000020     rtsv7M4_T_le_v4SPD16_eabi.lib : u_tofd_t2.obj (.text)
                  00004cea    0000001e     driverlib.lib : adc.obj (.text:ADCSequenceDataGet)
                  00004d08    0000001e     grlib.lib : string.obj (.text:GrFontCodepageGet)
                  00004d26    00000002     --HOLE-- [fill = 0]
                  00004d28    0000001c               : widget.obj (.text:WidgetPointerMessage)
                  00004d44    0000001a     rtsv7M4_T_le_v4SPD16_eabi.lib : log10.obj (.text)
                  00004d5e    00000018     driverlib.lib : adc.obj (.text:ADCProcessorTrigger)
                  00004d76    00000018                   : gpio.obj (.text:GPIOPinTypeGPIOOutput)
                  00004d8e    00000018                   : timer.obj (.text:TimerIntRegister)
                  00004da6    00000002     --HOLE-- [fill = 0]
                  00004da8    00000018     rtsv7M4_T_le_v4SPD16_eabi.lib : args_main.obj (.text)
                  00004dc0    00000016     grlib.lib : string.obj (.text:GrStringDraw)
                  00004dd6    00000014               : canvas.obj (.text:CanvasMsgProc)
                  00004dea    00000014               : widget.obj (.text:WidgetMutexGet)
                  00004dfe    00000002     --HOLE-- [fill = 0]
                  00004e00    00000014     rtsv7M4_T_le_v4SPD16_eabi.lib : _lock.obj (.text)
                  00004e14    00000012     driverlib.lib : adc.obj (.text:ADCHardwareOversampleConfigure)
                  00004e26    00000012                   : gpio.obj (.text:GPIOPinTypeADC)
                  00004e38    00000012                   : gpio.obj (.text:GPIOPinTypeI2C)
                  00004e4a    00000012                   : gpio.obj (.text:GPIOPinTypeI2CSCL)
                  00004e5c    00000012                   : gpio.obj (.text:GPIOPinTypeSSI)
                  00004e6e    00000012                   : timer.obj (.text:TimerLoadSet)
                  00004e80    00000010                   : adc.obj (.text:ADCIntEnable)
                  00004e90    00000010                   : fpu.obj (.text:FPUEnable)
                  00004ea0    00000010                   : fpu.obj (.text:FPULazyStackingEnable)
                  00004eb0    00000010                   : udma.obj (.text:uDMAEnable)
                  00004ec0    0000000e                   : adc.obj (.text:ADCSequenceDisable)
                  00004ece    0000000e                   : adc.obj (.text:ADCSequenceEnable)
                  00004edc    0000000e     grlib.lib : image.obj (.text:GrImageDraw)
                  00004eea    0000000e     driverlib.lib : timer.obj (.text:TimerEnable)
                  00004ef8    0000000e     rtsv7M4_T_le_v4SPD16_eabi.lib : copy_decompress_none.obj (.text:decompress:none)
                  00004f06    0000000c                                   : copy_zero_init.obj (.text:decompress:ZI)
                  00004f12    0000000c     tm4c123gh6pm_startup_ccs.obj (.text)
                  00004f1e    00000002     --HOLE-- [fill = 0]
                  00004f20    0000000c     driverlib.lib : udma.obj (.text:uDMAControlBaseSet)
                  00004f2c    0000000a                   : i2c.obj (.text:I2CMasterEnable)
                  00004f36    0000000a                   : ssi.obj (.text:SSIDataPut)
                  00004f40    0000000a                   : ssi.obj (.text:SSIDisable)
                  00004f4a    0000000a                   : ssi.obj (.text:SSIEnable)
                  00004f54    0000000a                   : timer.obj (.text:TimerIntDisable)
                  00004f5e    00000008                   : adc.obj (.text:ADCBusy)
                  00004f66    00000008     grlib.lib : charmap.obj (.text:GrMapISO8859_1_Unicode)
                  00004f6e    00000008     driverlib.lib : i2c.obj (.text:I2CMasterBusy)
                  00004f76    00000008                   : i2c.obj (.text:I2CMasterSlaveAddrSet)
                  00004f7e    00000008                   : timer.obj (.text:TimerIntEnable)
                  00004f86    00000006                   : gpio.obj (.text:GPIOPinWrite)
                  00004f8c    00000006     grlib.lib : string.obj (.text:GrContextFontSet)
                  00004f92    00000006     driverlib.lib : ssi.obj (.text:SSIClockSourceSet)
                  00004f98    00000006                   : sysctl.obj (.text:SysCtlDelay)
                  00004f9e    00000006     grlib.lib : widget.obj (.text:WidgetMutexPut)
                  00004fa4    00000006     rtsv7M4_T_le_v4SPD16_eabi.lib : copy_decompress_rle.obj (.text:decompress:rle24)
                  00004faa    00000004     driverlib.lib : i2c.obj (.text:I2CMasterControl)
                  00004fae    00000004                   : i2c.obj (.text:I2CMasterDataPut)
                  00004fb2    00000004                   : timer.obj (.text:TimerIntClear)
                  00004fb6    00000004     grlib.lib : widget.obj (.text:WidgetDefaultMsgProc)
                  00004fba    00000004     rtsv7M4_T_le_v4SPD16_eabi.lib : pre_init.obj (.text)

.const     0    00004fc0    00001e14     
                  00004fc0    0000095e     grlib.lib : fontcm20.obj (.const:.string:g_pui8Cm20Data)
                  0000591e    0000086e               : fontcm18.obj (.const:.string:g_pui8Cm18Data)
                  0000618c    0000065a               : fontcm14.obj (.const:.string:g_pui8Cm14Data)
                  000067e6    00000002     --HOLE-- [fill = 0]
                  000067e8    000000c8               : fontcm14.obj (.const:g_sFontCm14)
                  000068b0    000000c8               : fontcm18.obj (.const:g_sFontCm18)
                  00006978    000000c8               : fontcm20.obj (.const:g_sFontCm20)
                  00006a40    00000090     driverlib.lib : gpio.obj (.const:g_pui32GPIOBaseAddrs)
                  00006ad0    0000007a     495.obj (.const:.string)
                  00006b4a    00000002     --HOLE-- [fill = 0]
                  00006b4c    00000070     driverlib.lib : interrupt.obj (.const)
                  00006bbc    0000006c                   : sysctl.obj (.const:g_pui32Xtals)
                  00006c28    00000060                   : timer.obj (.const:g_ppui32TimerIntMap)
                  00006c88    0000004c     ustdlib.obj (.const)
                  00006cd4    00000040     driverlib.lib : timer.obj (.const:g_ppui32TimerIntMapSnowflake)
                  00006d14    00000038     touch.obj (.const:g_lTouchParameters)
                  00006d4c    00000004     --HOLE-- [fill = 0]
                  00006d50    00000038     rtsv7M4_T_le_v4SPD16_eabi.lib : xlog.obj (.const:p)
                  00006d88    00000028     Kentec320x240x16_ssd2119_SPI.obj (.const:g_sKentec320x240x16_SSD2119)
                  00006db0    00000012     ustdlib.obj (.const:.string)
                  00006dc2    00000002     --HOLE-- [fill = 0]
                  00006dc4    00000010     grlib.lib : context.obj (.const)

.cinit     0    00006dd8    000004b8     
                  00006dd8    00000480     (.cinit..data.load) [load image, compression = rle]
                  00007258    0000000c     (__TI_handler_table)
                  00007264    00000004     --HOLE-- [fill = 0]
                  00007268    00000008     (.cinit..bss.load) [load image, compression = zero_init]
                  00007270    00000008     (.cinit..vtable.load) [load image, compression = zero_init]
                  00007278    00000018     (__TI_cinit_table)

.init_array 
*          0    00000000    00000000     UNINITIALIZED

.vtable    0    20000000    0000026c     UNINITIALIZED
                  20000000    0000026c     driverlib.lib : interrupt.obj (.vtable)

.bss       0    2000026c    00000168     UNINITIALIZED
                  2000026c    00000140     grlib.lib : widget.obj (.bss:g_psMQ)
                  200003ac    00000020     (.common:g_pui8Dictionary)
                  200003cc    00000004     (.common:g_psGrLibDefaults)
                  200003d0    00000002     (.common:g_sTouchX)
                  200003d2    00000002     (.common:g_sTouchY)

.data      0    20000400    00001794     UNINITIALIZED
                  20000400    00001400     495.obj (.data)
                  20001800    000000b0     rtsv7M4_T_le_v4SPD16_eabi.lib : signal.obj (.data:sigtable)
                  200018b0    00000080                                   : xvalues.obj (.data)
                  20001930    00000068                                   : xfvalues.obj (.data)
                  20001998    00000040     495.obj (.data:g_sEQ1)
                  200019d8    00000040     495.obj (.data:g_sEQ2)
                  20001a18    00000040     495.obj (.data:g_sEQ3)
                  20001a58    00000040     495.obj (.data:g_sEQ4)
                  20001a98    00000040     495.obj (.data:g_sEQ)
                  20001ad8    00000040     495.obj (.data:g_sMain)
                  20001b18    0000002d     grlib.lib : widget.obj (.data)
                  20001b45    00000003     --HOLE--
                  20001b48    00000020     touch.obj (.data)
                  20001b68    00000008     Kentec320x240x16_ssd2119_SPI.obj (.data)
                  20001b70    00000008     rtsv7M4_T_le_v4SPD16_eabi.lib : _lock.obj (.data)
                  20001b78    00000008                                   : exit.obj (.data)
                  20001b80    00000008                                   : feraiseexcept.obj (.data)
                  20001b88    00000004                                   : errno.obj (.data)
                  20001b8c    00000004                                   : stkdepth_vars.obj (.data)
                  20001b90    00000004     ustdlib.obj (.data)

.TI.noinit 
*          0    2000026c    00000000     UNINITIALIZED

.TI.persistent 
*          0    20000400    00000000     UNINITIALIZED

.stack     0    20001b94    00000400     UNINITIALIZED
                  20001b94    00000400     --HOLE--


LINKER GENERATED COPY TABLES

__TI_cinit_table @ 00007278 records: 3, size/record: 8, table size: 24
	.data: load addr=00006dd8, load size=00000480 bytes, run addr=20000400, run size=00001794 bytes, compression=rle
	.bss: load addr=00007268, load size=00000008 bytes, run addr=2000026c, run size=00000168 bytes, compression=zero_init
	.vtable: load addr=00007270, load size=00000008 bytes, run addr=20000000, run size=0000026c bytes, compression=zero_init


LINKER GENERATED HANDLER TABLE

__TI_handler_table @ 00007258 records: 3, size/record: 4, table size: 12
	index: 0, handler: __TI_zero_init
	index: 1, handler: __TI_decompress_rle24
	index: 2, handler: __TI_decompress_none


GLOBAL SYMBOLS: SORTED ALPHABETICALLY BY Name 

address   name                          
-------   ----                          
00004f5f  ADCBusy                       
20000440  ADCCache                      
20001000  ADCFIFO                       
00004e15  ADCHardwareOversampleConfigure
00004e81  ADCIntEnable                  
00004d5f  ADCProcessorTrigger           
000048ad  ADCSequenceConfigure          
00004ceb  ADCSequenceDataGet            
00004ec1  ADCSequenceDisable            
00004ecf  ADCSequenceEnable             
00003e4f  ADCSequenceStepConfigure      
00000509  AdjustEQ                      
000047e5  C$$EXIT                       
00004dd7  CanvasMsgProc                 
20000458  EQ                            
2000040c  EQparam1                      
20000410  EQparam2                      
20000402  FIFOptr                       
00004e91  FPUEnable                     
00004ea1  FPULazyStackingEnable         
00004be3  GPIODirModeSet                
00003261  GPIOPadConfigSet              
00004681  GPIOPinConfigure              
00004e27  GPIOPinTypeADC                
00004d77  GPIOPinTypeGPIOOutput         
00004e39  GPIOPinTypeI2C                
00004e4b  GPIOPinTypeI2CSCL             
00004e5d  GPIOPinTypeSSI                
00004f87  GPIOPinWrite                  
00004285  GrContextClipRegionSet        
00004f8d  GrContextFontSet              
00004085  GrContextInit                 
00003937  GrDefaultStringRenderer       
00004b5f  GrFontBaselineGet             
00004d09  GrFontCodepageGet             
00004ca9  GrFontGlyphDataGet            
00002a15  GrFontGlyphRender             
00004b8b  GrFontHeightGet               
00004c5f  GrFontInfoGet                 
00004edd  GrImageDraw                   
00004759  GrLineDrawH                   
0000479f  GrLineDrawV                   
00004f67  GrMapISO8859_1_Unicode        
00004155  GrRectDraw                    
00003d43  GrRectFill                    
00003cb9  GrRectIntersectGet            
00004961  GrRectOverlapCheck            
00004dc1  GrStringDraw                  
00004ad5  GrStringNextCharGet           
00003fb1  GrStringWidthGet              
00004f6f  I2CMasterBusy                 
00004fab  I2CMasterControl              
00004faf  I2CMasterDataPut              
00004f2d  I2CMasterEnable               
000046c9  I2CMasterInitExpClk           
00004f77  I2CMasterSlaveAddrSet         
000040ed  IntEnable                     
00004a09  IntRegister                   
0000113d  Kentec320x240x16_SSD2119Init  
00001127  LCD_WriteReg                  
00000d5b  LED_OFF                       
00000d51  LED_ON                        
20000668  PanelList                     
20000464  PanelNames                    
20000404  PanelNum                      
0000086d  PnMain                        
00004c37  RectangularButtonMsgProc      
00004f13  ResetISR                      
UNDEFED   SHT$$INIT_ARRAY$$Base         
UNDEFED   SHT$$INIT_ARRAY$$Limit        
00004f93  SSIClockSourceSet             
000048eb  SSIConfigSetExpClk            
00004f37  SSIDataPut                    
00004f41  SSIDisable                    
00004f4b  SSIEnable                     
00000385  SampleVU                      
20000728  SliderList                    
00004bb7  SliderMsgProc                 
20000408  SliderNum                     
000008f1  SwitchPanel                   
00003391  SysCtlClockGet                
0000368d  SysCtlClockSet                
00004f99  SysCtlDelay                   
00004a3d  SysCtlPeripheralEnable        
00004999  SysCtlPeripheralReady         
000044b1  SysCtlPeripheralReset         
000042e9  TimerConfigure                
00004459  TimerControlTrigger           
00004eeb  TimerEnable                   
00004fb3  TimerIntClear                 
00004f55  TimerIntDisable               
00004f7f  TimerIntEnable                
00004d8f  TimerIntRegister              
00004e6f  TimerLoadSet                  
0000213b  TouchScreenCallbackSet        
00002073  TouchScreenInit               
00001e79  TouchScreenIntHandler         
0000048b  UpdateEQ                      
000006a9  UpdateSliders                 
0000026d  UpdateVU                      
20000438  VU                            
20000400  VUct                          
000003d1  VUisr                         
20000430  VUlog                         
20000414  VUparam1                      
20000418  VUparam2                      
00004c85  WidgetAdd                     
00004fb7  WidgetDefaultMsgProc          
0000377d  WidgetMessageQueueAdd         
00004221  WidgetMessageQueueProcess     
00003ab9  WidgetMessageSendPostOrder    
00004349  WidgetMessageSendPreOrder     
00004deb  WidgetMutexGet                
00004f9f  WidgetMutexPut                
00004d29  WidgetPointerMessage          
00004551  WidgetRemove                  
20001b6c  WriteCommand                  
20001b68  WriteData                     
200018b0  _Denorm                       
000039fb  _Dnorm                        
000041bb  _Dunscale                     
200018c0  _Eps                          
20001b88  _Errno                        
20001930  _FDenorm                      
20001940  _FEps                         
20001950  _FInf                         
20001960  _FNan                         
20001980  _FRteps                       
20001970  _FSnan                        
20001990  _FXbig                        
20001994  _FZero                        
20001b80  _Fenv                         
00004aa5  _Feraise                      
200018d0  _Hugeval                      
200018e0  _Inf                          
00002181  _Log                          
200018f0  _Nan                          
20001910  _Rteps                        
20001900  _Snan                         
20001b84  _Tls_setup__Fenv              
20001920  _Xbig                         
20001928  _Zero                         
20001f94  __STACK_END                   
00000400  __STACK_SIZE                  
20001f94  __STACK_TOP                   
00007278  __TI_CINIT_Base               
00007290  __TI_CINIT_Limit              
00007258  __TI_Handler_Table_Base       
00007264  __TI_Handler_Table_Limit      
00003f45  __TI_auto_init                
20001b78  __TI_cleanup_ptr              
00004ef9  __TI_decompress_none          
00004fa5  __TI_decompress_rle24         
20001b7c  __TI_dtors_ptr                
00000000  __TI_static_base__            
00004f07  __TI_zero_init                
00003dc9  __aeabi_cdcmpeq               
00003dc9  __aeabi_cdcmple               
00004711  __aeabi_d2iz                  
00002c75  __aeabi_dadd                  
0000312b  __aeabi_ddiv                  
0000349d  __aeabi_dmul                  
00002c6b  __aeabi_dsub                  
000049d1  __aeabi_f2d                   
00004b03  __aeabi_i2d                   
00003ec9  __aeabi_memclr                
00003ec9  __aeabi_memclr4               
00003ec9  __aeabi_memclr8               
00003c1d  __aeabi_memcpy                
00003c1d  __aeabi_memcpy4               
00003c1d  __aeabi_memcpy8               
00003ecb  __aeabi_memset                
00003ecb  __aeabi_memset4               
00003ecb  __aeabi_memset8               
00004ccb  __aeabi_ui2d                  
00004829  __aeabi_uidiv                 
00004829  __aeabi_uidivmod              
ffffffff  __binit__                     
ffffffff  __c_args__                    
20001b94  __stack                       
00004da9  _args_main                    
00004501  _c_int00                      
20001b70  _lock                         
00004e0f  _nop                          
00004e07  _register_lock                
00004e01  _register_unlock              
00004fbb  _system_pre_init              
20001b74  _unlock                       
000047e9  abort                         
2000056c  bEQ                           
200005bc  bStart                        
2000051c  bVU                           
2000041c  balfact_l                     
20000420  balfact_r                     
ffffffff  binit                         
000045e9  copy_in                       
000047f1  exit                          
00004a71  feraiseexcept                 
00006d14  g_lTouchParameters            
20000000  g_pfnRAMVectors               
00000000  g_pfnVectors                  
20001b4c  g_plParmSet                   
00006dc4  g_psDefaultCodePointMapTable  
20001a98  g_sEQ                         
20001998  g_sEQ1                        
200019d8  g_sEQ2                        
20001a18  g_sEQ3                        
20001a58  g_sEQ4                        
000067e8  g_sFontCm14                   
000068b0  g_sFontCm18                   
00006978  g_sFontCm20                   
00006d88  g_sKentec320x240x16_SSD2119   
20001ad8  g_sMain                       
20001b18  g_sRoot                       
200004dc  g_sTitle                      
20001b4a  g_sTouchMin                   
200003d0  g_sTouchX                     
200003d2  g_sTouchY                     
2000049c  g_sVU                         
000007f9  goEQ                          
000009cd  goStart                       
00000829  goVU                          
000003ff  i2cSend                       
00004d45  log10                         
00000a41  main                          
20001b8c  main_func_sp                  
00003c1d  memcpy                        
00003ed1  memset                        
00004b31  raise                         
20000470  sContext                      
20000c00  sDMAControlTable              
20000448  sRect                         
0000486d  signal                        
00004f21  uDMAControlBaseSet            
00004eb1  uDMAEnable                    
000019ad  ulocaltime                    
00001aa1  umktime                       
00001999  urand                         
0000197f  usnprintf                     
0000195f  usprintf                      
00001959  usrand                        
00001951  ustrcasecmp                   
00001949  ustrcmp                       
00001877  ustrlen                       
000018ff  ustrncasecmp                  
00001889  ustrncmp                      
0000142d  ustrncpy                      
000018bf  ustrstr                       
0000172b  ustrtof                       
00001689  ustrtoul                      
00001457  uvsnprintf                    
2000060c  vum                           


GLOBAL SYMBOLS: SORTED BY Symbol Address 

address   name                          
-------   ----                          
00000000  __TI_static_base__            
00000000  g_pfnVectors                  
0000026d  UpdateVU                      
00000385  SampleVU                      
000003d1  VUisr                         
000003ff  i2cSend                       
00000400  __STACK_SIZE                  
0000048b  UpdateEQ                      
00000509  AdjustEQ                      
000006a9  UpdateSliders                 
000007f9  goEQ                          
00000829  goVU                          
0000086d  PnMain                        
000008f1  SwitchPanel                   
000009cd  goStart                       
00000a41  main                          
00000d51  LED_ON                        
00000d5b  LED_OFF                       
00001127  LCD_WriteReg                  
0000113d  Kentec320x240x16_SSD2119Init  
0000142d  ustrncpy                      
00001457  uvsnprintf                    
00001689  ustrtoul                      
0000172b  ustrtof                       
00001877  ustrlen                       
00001889  ustrncmp                      
000018bf  ustrstr                       
000018ff  ustrncasecmp                  
00001949  ustrcmp                       
00001951  ustrcasecmp                   
00001959  usrand                        
0000195f  usprintf                      
0000197f  usnprintf                     
00001999  urand                         
000019ad  ulocaltime                    
00001aa1  umktime                       
00001e79  TouchScreenIntHandler         
00002073  TouchScreenInit               
0000213b  TouchScreenCallbackSet        
00002181  _Log                          
00002a15  GrFontGlyphRender             
00002c6b  __aeabi_dsub                  
00002c75  __aeabi_dadd                  
0000312b  __aeabi_ddiv                  
00003261  GPIOPadConfigSet              
00003391  SysCtlClockGet                
0000349d  __aeabi_dmul                  
0000368d  SysCtlClockSet                
0000377d  WidgetMessageQueueAdd         
00003937  GrDefaultStringRenderer       
000039fb  _Dnorm                        
00003ab9  WidgetMessageSendPostOrder    
00003c1d  __aeabi_memcpy                
00003c1d  __aeabi_memcpy4               
00003c1d  __aeabi_memcpy8               
00003c1d  memcpy                        
00003cb9  GrRectIntersectGet            
00003d43  GrRectFill                    
00003dc9  __aeabi_cdcmpeq               
00003dc9  __aeabi_cdcmple               
00003e4f  ADCSequenceStepConfigure      
00003ec9  __aeabi_memclr                
00003ec9  __aeabi_memclr4               
00003ec9  __aeabi_memclr8               
00003ecb  __aeabi_memset                
00003ecb  __aeabi_memset4               
00003ecb  __aeabi_memset8               
00003ed1  memset                        
00003f45  __TI_auto_init                
00003fb1  GrStringWidthGet              
00004085  GrContextInit                 
000040ed  IntEnable                     
00004155  GrRectDraw                    
000041bb  _Dunscale                     
00004221  WidgetMessageQueueProcess     
00004285  GrContextClipRegionSet        
000042e9  TimerConfigure                
00004349  WidgetMessageSendPreOrder     
00004459  TimerControlTrigger           
000044b1  SysCtlPeripheralReset         
00004501  _c_int00                      
00004551  WidgetRemove                  
000045e9  copy_in                       
00004681  GPIOPinConfigure              
000046c9  I2CMasterInitExpClk           
00004711  __aeabi_d2iz                  
00004759  GrLineDrawH                   
0000479f  GrLineDrawV                   
000047e5  C$$EXIT                       
000047e9  abort                         
000047f1  exit                          
00004829  __aeabi_uidiv                 
00004829  __aeabi_uidivmod              
0000486d  signal                        
000048ad  ADCSequenceConfigure          
000048eb  SSIConfigSetExpClk            
00004961  GrRectOverlapCheck            
00004999  SysCtlPeripheralReady         
000049d1  __aeabi_f2d                   
00004a09  IntRegister                   
00004a3d  SysCtlPeripheralEnable        
00004a71  feraiseexcept                 
00004aa5  _Feraise                      
00004ad5  GrStringNextCharGet           
00004b03  __aeabi_i2d                   
00004b31  raise                         
00004b5f  GrFontBaselineGet             
00004b8b  GrFontHeightGet               
00004bb7  SliderMsgProc                 
00004be3  GPIODirModeSet                
00004c37  RectangularButtonMsgProc      
00004c5f  GrFontInfoGet                 
00004c85  WidgetAdd                     
00004ca9  GrFontGlyphDataGet            
00004ccb  __aeabi_ui2d                  
00004ceb  ADCSequenceDataGet            
00004d09  GrFontCodepageGet             
00004d29  WidgetPointerMessage          
00004d45  log10                         
00004d5f  ADCProcessorTrigger           
00004d77  GPIOPinTypeGPIOOutput         
00004d8f  TimerIntRegister              
00004da9  _args_main                    
00004dc1  GrStringDraw                  
00004dd7  CanvasMsgProc                 
00004deb  WidgetMutexGet                
00004e01  _register_unlock              
00004e07  _register_lock                
00004e0f  _nop                          
00004e15  ADCHardwareOversampleConfigure
00004e27  GPIOPinTypeADC                
00004e39  GPIOPinTypeI2C                
00004e4b  GPIOPinTypeI2CSCL             
00004e5d  GPIOPinTypeSSI                
00004e6f  TimerLoadSet                  
00004e81  ADCIntEnable                  
00004e91  FPUEnable                     
00004ea1  FPULazyStackingEnable         
00004eb1  uDMAEnable                    
00004ec1  ADCSequenceDisable            
00004ecf  ADCSequenceEnable             
00004edd  GrImageDraw                   
00004eeb  TimerEnable                   
00004ef9  __TI_decompress_none          
00004f07  __TI_zero_init                
00004f13  ResetISR                      
00004f21  uDMAControlBaseSet            
00004f2d  I2CMasterEnable               
00004f37  SSIDataPut                    
00004f41  SSIDisable                    
00004f4b  SSIEnable                     
00004f55  TimerIntDisable               
00004f5f  ADCBusy                       
00004f67  GrMapISO8859_1_Unicode        
00004f6f  I2CMasterBusy                 
00004f77  I2CMasterSlaveAddrSet         
00004f7f  TimerIntEnable                
00004f87  GPIOPinWrite                  
00004f8d  GrContextFontSet              
00004f93  SSIClockSourceSet             
00004f99  SysCtlDelay                   
00004f9f  WidgetMutexPut                
00004fa5  __TI_decompress_rle24         
00004fab  I2CMasterControl              
00004faf  I2CMasterDataPut              
00004fb3  TimerIntClear                 
00004fb7  WidgetDefaultMsgProc          
00004fbb  _system_pre_init              
000067e8  g_sFontCm14                   
000068b0  g_sFontCm18                   
00006978  g_sFontCm20                   
00006d14  g_lTouchParameters            
00006d88  g_sKentec320x240x16_SSD2119   
00006dc4  g_psDefaultCodePointMapTable  
00007258  __TI_Handler_Table_Base       
00007264  __TI_Handler_Table_Limit      
00007278  __TI_CINIT_Base               
00007290  __TI_CINIT_Limit              
20000000  g_pfnRAMVectors               
200003d0  g_sTouchX                     
200003d2  g_sTouchY                     
20000400  VUct                          
20000402  FIFOptr                       
20000404  PanelNum                      
20000408  SliderNum                     
2000040c  EQparam1                      
20000410  EQparam2                      
20000414  VUparam1                      
20000418  VUparam2                      
2000041c  balfact_l                     
20000420  balfact_r                     
20000430  VUlog                         
20000438  VU                            
20000440  ADCCache                      
20000448  sRect                         
20000458  EQ                            
20000464  PanelNames                    
20000470  sContext                      
2000049c  g_sVU                         
200004dc  g_sTitle                      
2000051c  bVU                           
2000056c  bEQ                           
200005bc  bStart                        
2000060c  vum                           
20000668  PanelList                     
20000728  SliderList                    
20000c00  sDMAControlTable              
20001000  ADCFIFO                       
200018b0  _Denorm                       
200018c0  _Eps                          
200018d0  _Hugeval                      
200018e0  _Inf                          
200018f0  _Nan                          
20001900  _Snan                         
20001910  _Rteps                        
20001920  _Xbig                         
20001928  _Zero                         
20001930  _FDenorm                      
20001940  _FEps                         
20001950  _FInf                         
20001960  _FNan                         
20001970  _FSnan                        
20001980  _FRteps                       
20001990  _FXbig                        
20001994  _FZero                        
20001998  g_sEQ1                        
200019d8  g_sEQ2                        
20001a18  g_sEQ3                        
20001a58  g_sEQ4                        
20001a98  g_sEQ                         
20001ad8  g_sMain                       
20001b18  g_sRoot                       
20001b4a  g_sTouchMin                   
20001b4c  g_plParmSet                   
20001b68  WriteData                     
20001b6c  WriteCommand                  
20001b70  _lock                         
20001b74  _unlock                       
20001b78  __TI_cleanup_ptr              
20001b7c  __TI_dtors_ptr                
20001b80  _Fenv                         
20001b84  _Tls_setup__Fenv              
20001b88  _Errno                        
20001b8c  main_func_sp                  
20001b94  __stack                       
20001f94  __STACK_END                   
20001f94  __STACK_TOP                   
ffffffff  __binit__                     
ffffffff  __c_args__                    
ffffffff  binit                         
UNDEFED   SHT$$INIT_ARRAY$$Base         
UNDEFED   SHT$$INIT_ARRAY$$Limit        

[252 symbols]
