<?xml version="1.0"?>
<link_info>
   <banner>TI ARM Linker PC v5.2.2</banner>
   <copyright>Copyright (c) 1996-2015 Texas Instruments Incorporated</copyright>
   <link_time>0x58b9c5a0</link_time>
   <link_errors>0x0</link_errors>
   <output_file>495.out</output_file>
   <entry_point>
      <name>_c_int00</name>
      <address>0x456d</address>
   </entry_point>
   <input_file_list>
      <input_file id="fl-2">
         <path>.\</path>
         <kind>object</kind>
         <file>495.obj</file>
         <name>495.obj</name>
      </input_file>
      <input_file id="fl-3">
         <path>.\</path>
         <kind>object</kind>
         <file>Kentec320x240x16_ssd2119_SPI.obj</file>
         <name>Kentec320x240x16_ssd2119_SPI.obj</name>
      </input_file>
      <input_file id="fl-4">
         <path>.\</path>
         <kind>object</kind>
         <file>images.obj</file>
         <name>images.obj</name>
      </input_file>
      <input_file id="fl-5">
         <path>.\</path>
         <kind>object</kind>
         <file>tm4c123gh6pm_startup_ccs.obj</file>
         <name>tm4c123gh6pm_startup_ccs.obj</name>
      </input_file>
      <input_file id="fl-6">
         <path>.\</path>
         <kind>object</kind>
         <file>touch.obj</file>
         <name>touch.obj</name>
      </input_file>
      <input_file id="fl-7">
         <path>.\</path>
         <kind>object</kind>
         <file>ustdlib.obj</file>
         <name>ustdlib.obj</name>
      </input_file>
      <input_file id="fl-10">
         <path>C:\ti\TivaWare_C_Series-2.1.1.71\driverlib\ccs\Debug\</path>
         <kind>archive</kind>
         <file>driverlib.lib</file>
         <name>adc.obj</name>
      </input_file>
      <input_file id="fl-11">
         <path>C:\ti\TivaWare_C_Series-2.1.1.71\driverlib\ccs\Debug\</path>
         <kind>archive</kind>
         <file>driverlib.lib</file>
         <name>fpu.obj</name>
      </input_file>
      <input_file id="fl-12">
         <path>C:\ti\TivaWare_C_Series-2.1.1.71\driverlib\ccs\Debug\</path>
         <kind>archive</kind>
         <file>driverlib.lib</file>
         <name>gpio.obj</name>
      </input_file>
      <input_file id="fl-13">
         <path>C:\ti\TivaWare_C_Series-2.1.1.71\driverlib\ccs\Debug\</path>
         <kind>archive</kind>
         <file>driverlib.lib</file>
         <name>i2c.obj</name>
      </input_file>
      <input_file id="fl-14">
         <path>C:\ti\TivaWare_C_Series-2.1.1.71\driverlib\ccs\Debug\</path>
         <kind>archive</kind>
         <file>driverlib.lib</file>
         <name>interrupt.obj</name>
      </input_file>
      <input_file id="fl-15">
         <path>C:\ti\TivaWare_C_Series-2.1.1.71\driverlib\ccs\Debug\</path>
         <kind>archive</kind>
         <file>driverlib.lib</file>
         <name>ssi.obj</name>
      </input_file>
      <input_file id="fl-16">
         <path>C:\ti\TivaWare_C_Series-2.1.1.71\driverlib\ccs\Debug\</path>
         <kind>archive</kind>
         <file>driverlib.lib</file>
         <name>sysctl.obj</name>
      </input_file>
      <input_file id="fl-17">
         <path>C:\ti\TivaWare_C_Series-2.1.1.71\driverlib\ccs\Debug\</path>
         <kind>archive</kind>
         <file>driverlib.lib</file>
         <name>timer.obj</name>
      </input_file>
      <input_file id="fl-18">
         <path>C:\ti\TivaWare_C_Series-2.1.1.71\driverlib\ccs\Debug\</path>
         <kind>archive</kind>
         <file>driverlib.lib</file>
         <name>udma.obj</name>
      </input_file>
      <input_file id="fl-19">
         <path>C:\ti\TivaWare_C_Series-2.1.1.71\driverlib\ccs\Debug\</path>
         <kind>archive</kind>
         <file>driverlib.lib</file>
         <name>cpu.obj</name>
      </input_file>
      <input_file id="fl-1a">
         <path>C:\ti\TivaWare_C_Series-2.1.1.71\grlib\ccs\Debug\</path>
         <kind>archive</kind>
         <file>grlib.lib</file>
         <name>canvas.obj</name>
      </input_file>
      <input_file id="fl-1b">
         <path>C:\ti\TivaWare_C_Series-2.1.1.71\grlib\ccs\Debug\</path>
         <kind>archive</kind>
         <file>grlib.lib</file>
         <name>context.obj</name>
      </input_file>
      <input_file id="fl-1c">
         <path>C:\ti\TivaWare_C_Series-2.1.1.71\grlib\ccs\Debug\</path>
         <kind>archive</kind>
         <file>grlib.lib</file>
         <name>image.obj</name>
      </input_file>
      <input_file id="fl-1d">
         <path>C:\ti\TivaWare_C_Series-2.1.1.71\grlib\ccs\Debug\</path>
         <kind>archive</kind>
         <file>grlib.lib</file>
         <name>pushbutton.obj</name>
      </input_file>
      <input_file id="fl-1e">
         <path>C:\ti\TivaWare_C_Series-2.1.1.71\grlib\ccs\Debug\</path>
         <kind>archive</kind>
         <file>grlib.lib</file>
         <name>rectangle.obj</name>
      </input_file>
      <input_file id="fl-1f">
         <path>C:\ti\TivaWare_C_Series-2.1.1.71\grlib\ccs\Debug\</path>
         <kind>archive</kind>
         <file>grlib.lib</file>
         <name>slider.obj</name>
      </input_file>
      <input_file id="fl-20">
         <path>C:\ti\TivaWare_C_Series-2.1.1.71\grlib\ccs\Debug\</path>
         <kind>archive</kind>
         <file>grlib.lib</file>
         <name>string.obj</name>
      </input_file>
      <input_file id="fl-21">
         <path>C:\ti\TivaWare_C_Series-2.1.1.71\grlib\ccs\Debug\</path>
         <kind>archive</kind>
         <file>grlib.lib</file>
         <name>widget.obj</name>
      </input_file>
      <input_file id="fl-22">
         <path>C:\ti\TivaWare_C_Series-2.1.1.71\grlib\ccs\Debug\</path>
         <kind>archive</kind>
         <file>grlib.lib</file>
         <name>fontcm14.obj</name>
      </input_file>
      <input_file id="fl-23">
         <path>C:\ti\TivaWare_C_Series-2.1.1.71\grlib\ccs\Debug\</path>
         <kind>archive</kind>
         <file>grlib.lib</file>
         <name>fontcm18.obj</name>
      </input_file>
      <input_file id="fl-24">
         <path>C:\ti\TivaWare_C_Series-2.1.1.71\grlib\ccs\Debug\</path>
         <kind>archive</kind>
         <file>grlib.lib</file>
         <name>fontcm20.obj</name>
      </input_file>
      <input_file id="fl-25">
         <path>C:\ti\TivaWare_C_Series-2.1.1.71\grlib\ccs\Debug\</path>
         <kind>archive</kind>
         <file>grlib.lib</file>
         <name>charmap.obj</name>
      </input_file>
      <input_file id="fl-26">
         <path>C:\ti\TivaWare_C_Series-2.1.1.71\grlib\ccs\Debug\</path>
         <kind>archive</kind>
         <file>grlib.lib</file>
         <name>circle.obj</name>
      </input_file>
      <input_file id="fl-27">
         <path>C:\ti\TivaWare_C_Series-2.1.1.71\grlib\ccs\Debug\</path>
         <kind>archive</kind>
         <file>grlib.lib</file>
         <name>line.obj</name>
      </input_file>
      <input_file id="fl-149">
         <path>C:\ti\ccsv6\tools\compiler\ti-cgt-arm_5.2.2\lib\</path>
         <kind>archive</kind>
         <file>rtsv7M4_T_le_v4SPD16_eabi.lib</file>
         <name>boot.obj</name>
      </input_file>
      <input_file id="fl-14a">
         <path>C:\ti\ccsv6\tools\compiler\ti-cgt-arm_5.2.2\lib\</path>
         <kind>archive</kind>
         <file>rtsv7M4_T_le_v4SPD16_eabi.lib</file>
         <name>copy_decompress_none.obj</name>
      </input_file>
      <input_file id="fl-14b">
         <path>C:\ti\ccsv6\tools\compiler\ti-cgt-arm_5.2.2\lib\</path>
         <kind>archive</kind>
         <file>rtsv7M4_T_le_v4SPD16_eabi.lib</file>
         <name>copy_decompress_rle.obj</name>
      </input_file>
      <input_file id="fl-14c">
         <path>C:\ti\ccsv6\tools\compiler\ti-cgt-arm_5.2.2\lib\</path>
         <kind>archive</kind>
         <file>rtsv7M4_T_le_v4SPD16_eabi.lib</file>
         <name>copy_zero_init.obj</name>
      </input_file>
      <input_file id="fl-14d">
         <path>C:\ti\ccsv6\tools\compiler\ti-cgt-arm_5.2.2\lib\</path>
         <kind>archive</kind>
         <file>rtsv7M4_T_le_v4SPD16_eabi.lib</file>
         <name>exit.obj</name>
      </input_file>
      <input_file id="fl-14e">
         <path>C:\ti\ccsv6\tools\compiler\ti-cgt-arm_5.2.2\lib\</path>
         <kind>archive</kind>
         <file>rtsv7M4_T_le_v4SPD16_eabi.lib</file>
         <name>fd_add_t2.obj</name>
      </input_file>
      <input_file id="fl-14f">
         <path>C:\ti\ccsv6\tools\compiler\ti-cgt-arm_5.2.2\lib\</path>
         <kind>archive</kind>
         <file>rtsv7M4_T_le_v4SPD16_eabi.lib</file>
         <name>fd_cmp_t2.obj</name>
      </input_file>
      <input_file id="fl-150">
         <path>C:\ti\ccsv6\tools\compiler\ti-cgt-arm_5.2.2\lib\</path>
         <kind>archive</kind>
         <file>rtsv7M4_T_le_v4SPD16_eabi.lib</file>
         <name>fd_div_t2.obj</name>
      </input_file>
      <input_file id="fl-151">
         <path>C:\ti\ccsv6\tools\compiler\ti-cgt-arm_5.2.2\lib\</path>
         <kind>archive</kind>
         <file>rtsv7M4_T_le_v4SPD16_eabi.lib</file>
         <name>fd_mul_t2.obj</name>
      </input_file>
      <input_file id="fl-152">
         <path>C:\ti\ccsv6\tools\compiler\ti-cgt-arm_5.2.2\lib\</path>
         <kind>archive</kind>
         <file>rtsv7M4_T_le_v4SPD16_eabi.lib</file>
         <name>fd_toi_t2.obj</name>
      </input_file>
      <input_file id="fl-153">
         <path>C:\ti\ccsv6\tools\compiler\ti-cgt-arm_5.2.2\lib\</path>
         <kind>archive</kind>
         <file>rtsv7M4_T_le_v4SPD16_eabi.lib</file>
         <name>i_tofd_t2.obj</name>
      </input_file>
      <input_file id="fl-154">
         <path>C:\ti\ccsv6\tools\compiler\ti-cgt-arm_5.2.2\lib\</path>
         <kind>archive</kind>
         <file>rtsv7M4_T_le_v4SPD16_eabi.lib</file>
         <name>log10.obj</name>
      </input_file>
      <input_file id="fl-155">
         <path>C:\ti\ccsv6\tools\compiler\ti-cgt-arm_5.2.2\lib\</path>
         <kind>archive</kind>
         <file>rtsv7M4_T_le_v4SPD16_eabi.lib</file>
         <name>memcpy_t2.obj</name>
      </input_file>
      <input_file id="fl-156">
         <path>C:\ti\ccsv6\tools\compiler\ti-cgt-arm_5.2.2\lib\</path>
         <kind>archive</kind>
         <file>rtsv7M4_T_le_v4SPD16_eabi.lib</file>
         <name>memset_t2.obj</name>
      </input_file>
      <input_file id="fl-157">
         <path>C:\ti\ccsv6\tools\compiler\ti-cgt-arm_5.2.2\lib\</path>
         <kind>archive</kind>
         <file>rtsv7M4_T_le_v4SPD16_eabi.lib</file>
         <name>pre_init.obj</name>
      </input_file>
      <input_file id="fl-158">
         <path>C:\ti\ccsv6\tools\compiler\ti-cgt-arm_5.2.2\lib\</path>
         <kind>archive</kind>
         <file>rtsv7M4_T_le_v4SPD16_eabi.lib</file>
         <name>stkdepth_vars.obj</name>
      </input_file>
      <input_file id="fl-159">
         <path>C:\ti\ccsv6\tools\compiler\ti-cgt-arm_5.2.2\lib\</path>
         <kind>archive</kind>
         <file>rtsv7M4_T_le_v4SPD16_eabi.lib</file>
         <name>u_divt2.obj</name>
      </input_file>
      <input_file id="fl-15a">
         <path>C:\ti\ccsv6\tools\compiler\ti-cgt-arm_5.2.2\lib\</path>
         <kind>archive</kind>
         <file>rtsv7M4_T_le_v4SPD16_eabi.lib</file>
         <name>u_tofd_t2.obj</name>
      </input_file>
      <input_file id="fl-15b">
         <path>C:\ti\ccsv6\tools\compiler\ti-cgt-arm_5.2.2\lib\</path>
         <kind>archive</kind>
         <file>rtsv7M4_T_le_v4SPD16_eabi.lib</file>
         <name>xlog.obj</name>
      </input_file>
      <input_file id="fl-15c">
         <path>C:\ti\ccsv6\tools\compiler\ti-cgt-arm_5.2.2\lib\</path>
         <kind>archive</kind>
         <file>rtsv7M4_T_le_v4SPD16_eabi.lib</file>
         <name>xvalues.obj</name>
      </input_file>
      <input_file id="fl-15d">
         <path>C:\ti\ccsv6\tools\compiler\ti-cgt-arm_5.2.2\lib\</path>
         <kind>archive</kind>
         <file>rtsv7M4_T_le_v4SPD16_eabi.lib</file>
         <name>_lock.obj</name>
      </input_file>
      <input_file id="fl-15e">
         <path>C:\ti\ccsv6\tools\compiler\ti-cgt-arm_5.2.2\lib\</path>
         <kind>archive</kind>
         <file>rtsv7M4_T_le_v4SPD16_eabi.lib</file>
         <name>args_main.obj</name>
      </input_file>
      <input_file id="fl-15f">
         <path>C:\ti\ccsv6\tools\compiler\ti-cgt-arm_5.2.2\lib\</path>
         <kind>archive</kind>
         <file>rtsv7M4_T_le_v4SPD16_eabi.lib</file>
         <name>autoinit.obj</name>
      </input_file>
      <input_file id="fl-160">
         <path>C:\ti\ccsv6\tools\compiler\ti-cgt-arm_5.2.2\lib\</path>
         <kind>archive</kind>
         <file>rtsv7M4_T_le_v4SPD16_eabi.lib</file>
         <name>cpy_tbl.obj</name>
      </input_file>
      <input_file id="fl-161">
         <path>C:\ti\ccsv6\tools\compiler\ti-cgt-arm_5.2.2\lib\</path>
         <kind>archive</kind>
         <file>rtsv7M4_T_le_v4SPD16_eabi.lib</file>
         <name>fs_tod_t2.obj</name>
      </input_file>
      <input_file id="fl-162">
         <path>C:\ti\ccsv6\tools\compiler\ti-cgt-arm_5.2.2\lib\</path>
         <kind>archive</kind>
         <file>rtsv7M4_T_le_v4SPD16_eabi.lib</file>
         <name>xdunscal.obj</name>
      </input_file>
      <input_file id="fl-163">
         <path>C:\ti\ccsv6\tools\compiler\ti-cgt-arm_5.2.2\lib\</path>
         <kind>archive</kind>
         <file>rtsv7M4_T_le_v4SPD16_eabi.lib</file>
         <name>xferaise.obj</name>
      </input_file>
      <input_file id="fl-164">
         <path>C:\ti\ccsv6\tools\compiler\ti-cgt-arm_5.2.2\lib\</path>
         <kind>archive</kind>
         <file>rtsv7M4_T_le_v4SPD16_eabi.lib</file>
         <name>xfvalues.obj</name>
      </input_file>
      <input_file id="fl-165">
         <path>C:\ti\ccsv6\tools\compiler\ti-cgt-arm_5.2.2\lib\</path>
         <kind>archive</kind>
         <file>rtsv7M4_T_le_v4SPD16_eabi.lib</file>
         <name>errno.obj</name>
      </input_file>
      <input_file id="fl-166">
         <path>C:\ti\ccsv6\tools\compiler\ti-cgt-arm_5.2.2\lib\</path>
         <kind>archive</kind>
         <file>rtsv7M4_T_le_v4SPD16_eabi.lib</file>
         <name>feraiseexcept.obj</name>
      </input_file>
      <input_file id="fl-167">
         <path>C:\ti\ccsv6\tools\compiler\ti-cgt-arm_5.2.2\lib\</path>
         <kind>archive</kind>
         <file>rtsv7M4_T_le_v4SPD16_eabi.lib</file>
         <name>raise.obj</name>
      </input_file>
      <input_file id="fl-168">
         <path>C:\ti\ccsv6\tools\compiler\ti-cgt-arm_5.2.2\lib\</path>
         <kind>archive</kind>
         <file>rtsv7M4_T_le_v4SPD16_eabi.lib</file>
         <name>signal.obj</name>
      </input_file>
      <input_file id="fl-169">
         <path>C:\ti\ccsv6\tools\compiler\ti-cgt-arm_5.2.2\lib\</path>
         <kind>archive</kind>
         <file>rtsv7M4_T_le_v4SPD16_eabi.lib</file>
         <name>xdnorm.obj</name>
      </input_file>
   </input_file_list>
   <object_component_list>
      <object_component id="oc-f">
         <name>.intvecs</name>
         <load_address>0x0</load_address>
         <run_address>0x0</run_address>
         <size>0x26c</size>
         <input_file_ref idref="fl-5"/>
      </object_component>
      <object_component id="oc-103">
         <name>.text</name>
         <load_address>0x26c</load_address>
         <run_address>0x26c</run_address>
         <size>0xb28</size>
         <input_file_ref idref="fl-2"/>
      </object_component>
      <object_component id="oc-218">
         <name>.text</name>
         <load_address>0xd94</load_address>
         <run_address>0xd94</run_address>
         <size>0x704</size>
         <input_file_ref idref="fl-3"/>
      </object_component>
      <object_component id="oc-188">
         <name>.text</name>
         <load_address>0x1498</load_address>
         <run_address>0x1498</run_address>
         <size>0x6dc</size>
         <input_file_ref idref="fl-7"/>
      </object_component>
      <object_component id="oc-515">
         <name>.text:InternalImageDraw</name>
         <load_address>0x1b74</load_address>
         <run_address>0x1b74</run_address>
         <size>0x370</size>
         <input_file_ref idref="fl-1c"/>
      </object_component>
      <object_component id="oc-30">
         <name>.text</name>
         <load_address>0x1ee4</load_address>
         <run_address>0x1ee4</run_address>
         <size>0x308</size>
         <input_file_ref idref="fl-6"/>
      </object_component>
      <object_component id="oc-2bb">
         <name>.text</name>
         <load_address>0x21ec</load_address>
         <run_address>0x21ec</run_address>
         <size>0x2ec</size>
         <input_file_ref idref="fl-15b"/>
      </object_component>
      <object_component id="oc-542">
         <name>.text:PixelTransparentDraw</name>
         <load_address>0x24d8</load_address>
         <run_address>0x24d8</run_address>
         <size>0x2e4</size>
         <input_file_ref idref="fl-1c"/>
      </object_component>
      <object_component id="oc-428">
         <name>.text:SliderPaint</name>
         <load_address>0x27bc</load_address>
         <run_address>0x27bc</run_address>
         <size>0x2c4</size>
         <input_file_ref idref="fl-1f"/>
      </object_component>
      <object_component id="oc-475">
         <name>.text:GrFontGlyphRender</name>
         <load_address>0x2a80</load_address>
         <run_address>0x2a80</run_address>
         <size>0x256</size>
         <input_file_ref idref="fl-20"/>
      </object_component>
      <object_component id="oc-16e">
         <name>.text</name>
         <load_address>0x2cd6</load_address>
         <run_address>0x2cd6</run_address>
         <size>0x1b6</size>
         <input_file_ref idref="fl-14e"/>
      </object_component>
      <object_component id="oc-412">
         <name>.text:CanvasPaint</name>
         <load_address>0x2e8c</load_address>
         <run_address>0x2e8c</run_address>
         <size>0x194</size>
         <input_file_ref idref="fl-1a"/>
      </object_component>
      <object_component id="oc-41a">
         <name>.text:RectangularButtonPaint</name>
         <load_address>0x3020</load_address>
         <run_address>0x3020</run_address>
         <size>0x176</size>
         <input_file_ref idref="fl-1d"/>
      </object_component>
      <object_component id="oc-164">
         <name>.text</name>
         <load_address>0x3196</load_address>
         <run_address>0x3196</run_address>
         <size>0x136</size>
         <input_file_ref idref="fl-150"/>
      </object_component>
      <object_component id="oc-124">
         <name>.text:GPIOPadConfigSet</name>
         <load_address>0x32cc</load_address>
         <run_address>0x32cc</run_address>
         <size>0x130</size>
         <input_file_ref idref="fl-12"/>
      </object_component>
      <object_component id="oc-b7">
         <name>.text:SysCtlClockGet</name>
         <load_address>0x33fc</load_address>
         <run_address>0x33fc</run_address>
         <size>0x10c</size>
         <input_file_ref idref="fl-16"/>
      </object_component>
      <object_component id="oc-169">
         <name>.text</name>
         <load_address>0x3508</load_address>
         <run_address>0x3508</run_address>
         <size>0xfc</size>
         <input_file_ref idref="fl-151"/>
      </object_component>
      <object_component id="oc-420">
         <name>.text:RectangularButtonClick</name>
         <load_address>0x3604</load_address>
         <run_address>0x3604</run_address>
         <size>0xf2</size>
         <input_file_ref idref="fl-1d"/>
      </object_component>
      <object_component id="oc-212">
         <name>.text:SysCtlClockSet</name>
         <load_address>0x36f8</load_address>
         <run_address>0x36f8</run_address>
         <size>0xf0</size>
         <input_file_ref idref="fl-16"/>
      </object_component>
      <object_component id="oc-18e">
         <name>.text:WidgetMessageQueueAdd</name>
         <load_address>0x37e8</load_address>
         <run_address>0x37e8</run_address>
         <size>0xe8</size>
         <input_file_ref idref="fl-21"/>
      </object_component>
      <object_component id="oc-42e">
         <name>.text:SliderClick</name>
         <load_address>0x38d0</load_address>
         <run_address>0x38d0</run_address>
         <size>0xd2</size>
         <input_file_ref idref="fl-1f"/>
      </object_component>
      <object_component id="oc-38f">
         <name>.text:GrDefaultStringRenderer</name>
         <load_address>0x39a2</load_address>
         <run_address>0x39a2</run_address>
         <size>0xc4</size>
         <input_file_ref idref="fl-20"/>
      </object_component>
      <object_component id="oc-49c">
         <name>.text</name>
         <load_address>0x3a66</load_address>
         <run_address>0x3a66</run_address>
         <size>0xbe</size>
         <input_file_ref idref="fl-169"/>
      </object_component>
      <object_component id="oc-3be">
         <name>.text:WidgetMessageSendPostOrder</name>
         <load_address>0x3b24</load_address>
         <run_address>0x3b24</run_address>
         <size>0xb4</size>
         <input_file_ref idref="fl-21"/>
      </object_component>
      <object_component id="oc-4db">
         <name>.text:SliderValueToPosition</name>
         <load_address>0x3bd8</load_address>
         <run_address>0x3bd8</run_address>
         <size>0xb0</size>
         <input_file_ref idref="fl-1f"/>
      </object_component>
      <object_component id="oc-39">
         <name>.text</name>
         <load_address>0x3c88</load_address>
         <run_address>0x3c88</run_address>
         <size>0x9c</size>
         <input_file_ref idref="fl-155"/>
      </object_component>
      <object_component id="oc-4d5">
         <name>.text:GrRectIntersectGet</name>
         <load_address>0x3d24</load_address>
         <run_address>0x3d24</run_address>
         <size>0x8a</size>
         <input_file_ref idref="fl-1e"/>
      </object_component>
      <object_component id="oc-1eb">
         <name>.text:GrRectFill</name>
         <load_address>0x3dae</load_address>
         <run_address>0x3dae</run_address>
         <size>0x86</size>
         <input_file_ref idref="fl-1e"/>
      </object_component>
      <object_component id="oc-17e">
         <name>.text:__aeabi_cdcmple</name>
         <load_address>0x3e34</load_address>
         <run_address>0x3e34</run_address>
         <size>0x86</size>
         <input_file_ref idref="fl-14f"/>
      </object_component>
      <object_component id="oc-8d">
         <name>.text:ADCSequenceStepConfigure</name>
         <load_address>0x3eba</load_address>
         <run_address>0x3eba</run_address>
         <size>0x7a</size>
         <input_file_ref idref="fl-10"/>
      </object_component>
      <object_component id="oc-52">
         <name>.text</name>
         <load_address>0x3f34</load_address>
         <run_address>0x3f34</run_address>
         <size>0x7a</size>
         <input_file_ref idref="fl-156"/>
      </object_component>
      <object_component id="oc-64">
         <name>.text</name>
         <load_address>0x3fb0</load_address>
         <run_address>0x3fb0</run_address>
         <size>0x6c</size>
         <input_file_ref idref="fl-15f"/>
      </object_component>
      <object_component id="oc-1f7">
         <name>.text:GrStringWidthGet</name>
         <load_address>0x401c</load_address>
         <run_address>0x401c</run_address>
         <size>0x6a</size>
         <input_file_ref idref="fl-20"/>
      </object_component>
      <object_component id="oc-45">
         <name>.text</name>
         <load_address>0x4086</load_address>
         <run_address>0x4086</run_address>
         <size>0x6a</size>
         <input_file_ref idref="fl-14b"/>
      </object_component>
      <object_component id="oc-21e">
         <name>.text:GrContextInit</name>
         <load_address>0x40f0</load_address>
         <run_address>0x40f0</run_address>
         <size>0x68</size>
         <input_file_ref idref="fl-1b"/>
      </object_component>
      <object_component id="oc-9f">
         <name>.text:IntEnable</name>
         <load_address>0x4158</load_address>
         <run_address>0x4158</run_address>
         <size>0x68</size>
         <input_file_ref idref="fl-14"/>
      </object_component>
      <object_component id="oc-1f1">
         <name>.text:GrRectDraw</name>
         <load_address>0x41c0</load_address>
         <run_address>0x41c0</run_address>
         <size>0x66</size>
         <input_file_ref idref="fl-1e"/>
      </object_component>
      <object_component id="oc-3e0">
         <name>.text</name>
         <load_address>0x4226</load_address>
         <run_address>0x4226</run_address>
         <size>0x66</size>
         <input_file_ref idref="fl-162"/>
      </object_component>
      <object_component id="oc-26d">
         <name>.text:WidgetMessageQueueProcess</name>
         <load_address>0x428c</load_address>
         <run_address>0x428c</run_address>
         <size>0x64</size>
         <input_file_ref idref="fl-21"/>
      </object_component>
      <object_component id="oc-4bc">
         <name>.text:GrContextClipRegionSet</name>
         <load_address>0x42f0</load_address>
         <run_address>0x42f0</run_address>
         <size>0x62</size>
         <input_file_ref idref="fl-1b"/>
      </object_component>
      <object_component id="oc-b1">
         <name>.text:TimerConfigure</name>
         <load_address>0x4354</load_address>
         <run_address>0x4354</run_address>
         <size>0x60</size>
         <input_file_ref idref="fl-17"/>
      </object_component>
      <object_component id="oc-3b8">
         <name>.text:WidgetMessageSendPreOrder</name>
         <load_address>0x43b4</load_address>
         <run_address>0x43b4</run_address>
         <size>0x5c</size>
         <input_file_ref idref="fl-21"/>
      </object_component>
      <object_component id="oc-453">
         <name>.text:FontWideGlyphDataGet</name>
         <load_address>0x4410</load_address>
         <run_address>0x4410</run_address>
         <size>0x5a</size>
         <input_file_ref idref="fl-20"/>
      </object_component>
      <object_component id="oc-4e2">
         <name>.text:SliderPositionToValue</name>
         <load_address>0x446a</load_address>
         <run_address>0x446a</run_address>
         <size>0x58</size>
         <input_file_ref idref="fl-1f"/>
      </object_component>
      <object_component id="oc-c3">
         <name>.text:TimerControlTrigger</name>
         <load_address>0x44c4</load_address>
         <run_address>0x44c4</run_address>
         <size>0x58</size>
         <input_file_ref idref="fl-17"/>
      </object_component>
      <object_component id="oc-231">
         <name>.text:SysCtlPeripheralReset</name>
         <load_address>0x451c</load_address>
         <run_address>0x451c</run_address>
         <size>0x50</size>
         <input_file_ref idref="fl-16"/>
      </object_component>
      <object_component id="oc-24">
         <name>.text</name>
         <load_address>0x456c</load_address>
         <run_address>0x456c</run_address>
         <size>0x50</size>
         <input_file_ref idref="fl-149"/>
      </object_component>
      <object_component id="oc-1c7">
         <name>.text:WidgetRemove</name>
         <load_address>0x45bc</load_address>
         <run_address>0x45bc</run_address>
         <size>0x4c</size>
         <input_file_ref idref="fl-21"/>
      </object_component>
      <object_component id="oc-3a9">
         <name>.text:_TimerIntNumberGet</name>
         <load_address>0x4608</load_address>
         <run_address>0x4608</run_address>
         <size>0x4c</size>
         <input_file_ref idref="fl-17"/>
      </object_component>
      <object_component id="oc-fb">
         <name>.text</name>
         <load_address>0x4654</load_address>
         <run_address>0x4654</run_address>
         <size>0x4c</size>
         <input_file_ref idref="fl-160"/>
      </object_component>
      <object_component id="oc-32e">
         <name>.text:UpdateContextCharMapping</name>
         <load_address>0x46a0</load_address>
         <run_address>0x46a0</run_address>
         <size>0x4a</size>
         <input_file_ref idref="fl-20"/>
      </object_component>
      <object_component id="oc-23d">
         <name>.text:GPIOPinConfigure</name>
         <load_address>0x46ec</load_address>
         <run_address>0x46ec</run_address>
         <size>0x48</size>
         <input_file_ref idref="fl-12"/>
      </object_component>
      <object_component id="oc-255">
         <name>.text:I2CMasterInitExpClk</name>
         <load_address>0x4734</load_address>
         <run_address>0x4734</run_address>
         <size>0x48</size>
         <input_file_ref idref="fl-13"/>
      </object_component>
      <object_component id="oc-179">
         <name>.text</name>
         <load_address>0x477c</load_address>
         <run_address>0x477c</run_address>
         <size>0x48</size>
         <input_file_ref idref="fl-152"/>
      </object_component>
      <object_component id="oc-33b">
         <name>.text:GrLineDrawH</name>
         <load_address>0x47c4</load_address>
         <run_address>0x47c4</run_address>
         <size>0x46</size>
         <input_file_ref idref="fl-27"/>
      </object_component>
      <object_component id="oc-341">
         <name>.text:GrLineDrawV</name>
         <load_address>0x480a</load_address>
         <run_address>0x480a</run_address>
         <size>0x46</size>
         <input_file_ref idref="fl-27"/>
      </object_component>
      <object_component id="oc-70">
         <name>.text</name>
         <load_address>0x4850</load_address>
         <run_address>0x4850</run_address>
         <size>0x44</size>
         <input_file_ref idref="fl-14d"/>
      </object_component>
      <object_component id="oc-2c6">
         <name>.text</name>
         <load_address>0x4894</load_address>
         <run_address>0x4894</run_address>
         <size>0x42</size>
         <input_file_ref idref="fl-159"/>
      </object_component>
      <object_component id="oc-531">
         <name>.text</name>
         <load_address>0x48d8</load_address>
         <run_address>0x48d8</run_address>
         <size>0x40</size>
         <input_file_ref idref="fl-168"/>
      </object_component>
      <object_component id="oc-87">
         <name>.text:ADCSequenceConfigure</name>
         <load_address>0x4918</load_address>
         <run_address>0x4918</run_address>
         <size>0x3e</size>
         <input_file_ref idref="fl-10"/>
      </object_component>
      <object_component id="oc-380">
         <name>.text:SSIConfigSetExpClk</name>
         <load_address>0x4956</load_address>
         <run_address>0x4956</run_address>
         <size>0x3c</size>
         <input_file_ref idref="fl-15"/>
      </object_component>
      <object_component id="oc-459">
         <name>.text:FontGlyphDataGet</name>
         <load_address>0x4992</load_address>
         <run_address>0x4992</run_address>
         <size>0x3a</size>
         <input_file_ref idref="fl-20"/>
      </object_component>
      <object_component id="oc-51f">
         <name>.text:GrRectOverlapCheck</name>
         <load_address>0x49cc</load_address>
         <run_address>0x49cc</run_address>
         <size>0x38</size>
         <input_file_ref idref="fl-1e"/>
      </object_component>
      <object_component id="oc-237">
         <name>.text:SysCtlPeripheralReady</name>
         <load_address>0x4a04</load_address>
         <run_address>0x4a04</run_address>
         <size>0x38</size>
         <input_file_ref idref="fl-16"/>
      </object_component>
      <object_component id="oc-3ec">
         <name>.text</name>
         <load_address>0x4a3c</load_address>
         <run_address>0x4a3c</run_address>
         <size>0x38</size>
         <input_file_ref idref="fl-161"/>
      </object_component>
      <object_component id="oc-3af">
         <name>.text:IntRegister</name>
         <load_address>0x4a74</load_address>
         <run_address>0x4a74</run_address>
         <size>0x34</size>
         <input_file_ref idref="fl-14"/>
      </object_component>
      <object_component id="oc-7b">
         <name>.text:SysCtlPeripheralEnable</name>
         <load_address>0x4aa8</load_address>
         <run_address>0x4aa8</run_address>
         <size>0x34</size>
         <input_file_ref idref="fl-16"/>
      </object_component>
      <object_component id="oc-4a4">
         <name>.text</name>
         <load_address>0x4adc</load_address>
         <run_address>0x4adc</run_address>
         <size>0x34</size>
         <input_file_ref idref="fl-166"/>
      </object_component>
      <object_component id="oc-3e6">
         <name>.text</name>
         <load_address>0x4b10</load_address>
         <run_address>0x4b10</run_address>
         <size>0x30</size>
         <input_file_ref idref="fl-163"/>
      </object_component>
      <object_component id="oc-348">
         <name>.text:GrStringNextCharGet</name>
         <load_address>0x4b40</load_address>
         <run_address>0x4b40</run_address>
         <size>0x2e</size>
         <input_file_ref idref="fl-20"/>
      </object_component>
      <object_component id="oc-183">
         <name>.text</name>
         <load_address>0x4b6e</load_address>
         <run_address>0x4b6e</run_address>
         <size>0x2e</size>
         <input_file_ref idref="fl-153"/>
      </object_component>
      <object_component id="oc-508">
         <name>.text</name>
         <load_address>0x4b9c</load_address>
         <run_address>0x4b9c</run_address>
         <size>0x2e</size>
         <input_file_ref idref="fl-167"/>
      </object_component>
      <object_component id="oc-1fd">
         <name>.text:GrFontBaselineGet</name>
         <load_address>0x4bca</load_address>
         <run_address>0x4bca</run_address>
         <size>0x2c</size>
         <input_file_ref idref="fl-20"/>
      </object_component>
      <object_component id="oc-4c8">
         <name>.text:GrFontHeightGet</name>
         <load_address>0x4bf6</load_address>
         <run_address>0x4bf6</run_address>
         <size>0x2c</size>
         <input_file_ref idref="fl-20"/>
      </object_component>
      <object_component id="oc-300">
         <name>.text:SliderMsgProc</name>
         <load_address>0x4c22</load_address>
         <run_address>0x4c22</run_address>
         <size>0x2c</size>
         <input_file_ref idref="fl-1f"/>
      </object_component>
      <object_component id="oc-12a">
         <name>.text:GPIODirModeSet</name>
         <load_address>0x4c4e</load_address>
         <run_address>0x4c4e</run_address>
         <size>0x2a</size>
         <input_file_ref idref="fl-12"/>
      </object_component>
      <object_component id="oc-325">
         <name>.text:WidgetIsInTree</name>
         <load_address>0x4c78</load_address>
         <run_address>0x4c78</run_address>
         <size>0x2a</size>
         <input_file_ref idref="fl-21"/>
      </object_component>
      <object_component id="oc-2fa">
         <name>.text:RectangularButtonMsgProc</name>
         <load_address>0x4ca2</load_address>
         <run_address>0x4ca2</run_address>
         <size>0x28</size>
         <input_file_ref idref="fl-1d"/>
      </object_component>
      <object_component id="oc-354">
         <name>.text:GrFontInfoGet</name>
         <load_address>0x4cca</load_address>
         <run_address>0x4cca</run_address>
         <size>0x26</size>
         <input_file_ref idref="fl-20"/>
      </object_component>
      <object_component id="oc-1e5">
         <name>.text:WidgetAdd</name>
         <load_address>0x4cf0</load_address>
         <run_address>0x4cf0</run_address>
         <size>0x24</size>
         <input_file_ref idref="fl-21"/>
      </object_component>
      <object_component id="oc-34e">
         <name>.text:GrFontGlyphDataGet</name>
         <load_address>0x4d14</load_address>
         <run_address>0x4d14</run_address>
         <size>0x22</size>
         <input_file_ref idref="fl-20"/>
      </object_component>
      <object_component id="oc-15f">
         <name>.text</name>
         <load_address>0x4d36</load_address>
         <run_address>0x4d36</run_address>
         <size>0x20</size>
         <input_file_ref idref="fl-15a"/>
      </object_component>
      <object_component id="oc-1a0">
         <name>.text:ADCSequenceDataGet</name>
         <load_address>0x4d56</load_address>
         <run_address>0x4d56</run_address>
         <size>0x1e</size>
         <input_file_ref idref="fl-10"/>
      </object_component>
      <object_component id="oc-444">
         <name>.text:GrFontCodepageGet</name>
         <load_address>0x4d74</load_address>
         <run_address>0x4d74</run_address>
         <size>0x1e</size>
         <input_file_ref idref="fl-20"/>
      </object_component>
      <object_component id="oc-27c">
         <name>.text:WidgetPointerMessage</name>
         <load_address>0x4d94</load_address>
         <run_address>0x4d94</run_address>
         <size>0x1c</size>
         <input_file_ref idref="fl-21"/>
      </object_component>
      <object_component id="oc-173">
         <name>.text</name>
         <load_address>0x4db0</load_address>
         <run_address>0x4db0</run_address>
         <size>0x1a</size>
         <input_file_ref idref="fl-154"/>
      </object_component>
      <object_component id="oc-194">
         <name>.text:ADCProcessorTrigger</name>
         <load_address>0x4dca</load_address>
         <run_address>0x4dca</run_address>
         <size>0x18</size>
         <input_file_ref idref="fl-10"/>
      </object_component>
      <object_component id="oc-a5">
         <name>.text:GPIOPinTypeGPIOOutput</name>
         <load_address>0x4de2</load_address>
         <run_address>0x4de2</run_address>
         <size>0x18</size>
         <input_file_ref idref="fl-12"/>
      </object_component>
      <object_component id="oc-25b">
         <name>.text:TimerIntRegister</name>
         <load_address>0x4dfa</load_address>
         <run_address>0x4dfa</run_address>
         <size>0x18</size>
         <input_file_ref idref="fl-17"/>
      </object_component>
      <object_component id="oc-6a">
         <name>.text</name>
         <load_address>0x4e14</load_address>
         <run_address>0x4e14</run_address>
         <size>0x18</size>
         <input_file_ref idref="fl-15e"/>
      </object_component>
      <object_component id="oc-1df">
         <name>.text:GrStringDraw</name>
         <load_address>0x4e2c</load_address>
         <run_address>0x4e2c</run_address>
         <size>0x16</size>
         <input_file_ref idref="fl-20"/>
      </object_component>
      <object_component id="oc-2f4">
         <name>.text:CanvasMsgProc</name>
         <load_address>0x4e42</load_address>
         <run_address>0x4e42</run_address>
         <size>0x14</size>
         <input_file_ref idref="fl-1a"/>
      </object_component>
      <object_component id="oc-2de">
         <name>.text:WidgetMutexGet</name>
         <load_address>0x4e56</load_address>
         <run_address>0x4e56</run_address>
         <size>0x14</size>
         <input_file_ref idref="fl-21"/>
      </object_component>
      <object_component id="oc-28d">
         <name>.text</name>
         <load_address>0x4e6c</load_address>
         <run_address>0x4e6c</run_address>
         <size>0x14</size>
         <input_file_ref idref="fl-15d"/>
      </object_component>
      <object_component id="oc-81">
         <name>.text:ADCHardwareOversampleConfigure</name>
         <load_address>0x4e80</load_address>
         <run_address>0x4e80</run_address>
         <size>0x12</size>
         <input_file_ref idref="fl-10"/>
      </object_component>
      <object_component id="oc-261">
         <name>.text:GPIOPinTypeADC</name>
         <load_address>0x4e92</load_address>
         <run_address>0x4e92</run_address>
         <size>0x12</size>
         <input_file_ref idref="fl-12"/>
      </object_component>
      <object_component id="oc-249">
         <name>.text:GPIOPinTypeI2C</name>
         <load_address>0x4ea4</load_address>
         <run_address>0x4ea4</run_address>
         <size>0x12</size>
         <input_file_ref idref="fl-12"/>
      </object_component>
      <object_component id="oc-243">
         <name>.text:GPIOPinTypeI2CSCL</name>
         <load_address>0x4eb6</load_address>
         <run_address>0x4eb6</run_address>
         <size>0x12</size>
         <input_file_ref idref="fl-12"/>
      </object_component>
      <object_component id="oc-374">
         <name>.text:GPIOPinTypeSSI</name>
         <load_address>0x4ec8</load_address>
         <run_address>0x4ec8</run_address>
         <size>0x12</size>
         <input_file_ref idref="fl-12"/>
      </object_component>
      <object_component id="oc-bd">
         <name>.text:TimerLoadSet</name>
         <load_address>0x4eda</load_address>
         <run_address>0x4eda</run_address>
         <size>0x12</size>
         <input_file_ref idref="fl-17"/>
      </object_component>
      <object_component id="oc-99">
         <name>.text:ADCIntEnable</name>
         <load_address>0x4eec</load_address>
         <run_address>0x4eec</run_address>
         <size>0x10</size>
         <input_file_ref idref="fl-10"/>
      </object_component>
      <object_component id="oc-206">
         <name>.text:FPUEnable</name>
         <load_address>0x4efc</load_address>
         <run_address>0x4efc</run_address>
         <size>0x10</size>
         <input_file_ref idref="fl-11"/>
      </object_component>
      <object_component id="oc-20c">
         <name>.text:FPULazyStackingEnable</name>
         <load_address>0x4f0c</load_address>
         <run_address>0x4f0c</run_address>
         <size>0x10</size>
         <input_file_ref idref="fl-11"/>
      </object_component>
      <object_component id="oc-22b">
         <name>.text:uDMAEnable</name>
         <load_address>0x4f1c</load_address>
         <run_address>0x4f1c</run_address>
         <size>0x10</size>
         <input_file_ref idref="fl-18"/>
      </object_component>
      <object_component id="oc-267">
         <name>.text:ADCSequenceDisable</name>
         <load_address>0x4f2c</load_address>
         <run_address>0x4f2c</run_address>
         <size>0xe</size>
         <input_file_ref idref="fl-10"/>
      </object_component>
      <object_component id="oc-93">
         <name>.text:ADCSequenceEnable</name>
         <load_address>0x4f3a</load_address>
         <run_address>0x4f3a</run_address>
         <size>0xe</size>
         <input_file_ref idref="fl-10"/>
      </object_component>
      <object_component id="oc-4c2">
         <name>.text:GrImageDraw</name>
         <load_address>0x4f48</load_address>
         <run_address>0x4f48</run_address>
         <size>0xe</size>
         <input_file_ref idref="fl-1c"/>
      </object_component>
      <object_component id="oc-c9">
         <name>.text:TimerEnable</name>
         <load_address>0x4f56</load_address>
         <run_address>0x4f56</run_address>
         <size>0xe</size>
         <input_file_ref idref="fl-17"/>
      </object_component>
      <object_component id="oc-12">
         <name>.text:decompress:none</name>
         <load_address>0x4f64</load_address>
         <run_address>0x4f64</run_address>
         <size>0xe</size>
         <input_file_ref idref="fl-14a"/>
      </object_component>
      <object_component id="oc-1e">
         <name>.text:decompress:ZI</name>
         <load_address>0x4f72</load_address>
         <run_address>0x4f72</run_address>
         <size>0xc</size>
         <input_file_ref idref="fl-14c"/>
      </object_component>
      <object_component id="oc-2a">
         <name>.text</name>
         <load_address>0x4f7e</load_address>
         <run_address>0x4f7e</run_address>
         <size>0xc</size>
         <input_file_ref idref="fl-5"/>
      </object_component>
      <object_component id="oc-225">
         <name>.text:uDMAControlBaseSet</name>
         <load_address>0x4f8c</load_address>
         <run_address>0x4f8c</run_address>
         <size>0xc</size>
         <input_file_ref idref="fl-18"/>
      </object_component>
      <object_component id="oc-24f">
         <name>.text:I2CMasterEnable</name>
         <load_address>0x4f98</load_address>
         <run_address>0x4f98</run_address>
         <size>0xa</size>
         <input_file_ref idref="fl-13"/>
      </object_component>
      <object_component id="oc-365">
         <name>.text:SSIDataPut</name>
         <load_address>0x4fa2</load_address>
         <run_address>0x4fa2</run_address>
         <size>0xa</size>
         <input_file_ref idref="fl-15"/>
      </object_component>
      <object_component id="oc-36e">
         <name>.text:SSIDisable</name>
         <load_address>0x4fac</load_address>
         <run_address>0x4fac</run_address>
         <size>0xa</size>
         <input_file_ref idref="fl-15"/>
      </object_component>
      <object_component id="oc-386">
         <name>.text:SSIEnable</name>
         <load_address>0x4fb6</load_address>
         <run_address>0x4fb6</run_address>
         <size>0xa</size>
         <input_file_ref idref="fl-15"/>
      </object_component>
      <object_component id="oc-1cd">
         <name>.text:TimerIntDisable</name>
         <load_address>0x4fc0</load_address>
         <run_address>0x4fc0</run_address>
         <size>0xa</size>
         <input_file_ref idref="fl-17"/>
      </object_component>
      <object_component id="oc-19a">
         <name>.text:ADCBusy</name>
         <load_address>0x4fca</load_address>
         <run_address>0x4fca</run_address>
         <size>0x8</size>
         <input_file_ref idref="fl-10"/>
      </object_component>
      <object_component id="oc-47c">
         <name>.text:GrMapISO8859_1_Unicode</name>
         <load_address>0x4fd2</load_address>
         <run_address>0x4fd2</run_address>
         <size>0x8</size>
         <input_file_ref idref="fl-25"/>
      </object_component>
      <object_component id="oc-1be">
         <name>.text:I2CMasterBusy</name>
         <load_address>0x4fda</load_address>
         <run_address>0x4fda</run_address>
         <size>0x8</size>
         <input_file_ref idref="fl-13"/>
      </object_component>
      <object_component id="oc-1ac">
         <name>.text:I2CMasterSlaveAddrSet</name>
         <load_address>0x4fe2</load_address>
         <run_address>0x4fe2</run_address>
         <size>0x8</size>
         <input_file_ref idref="fl-13"/>
      </object_component>
      <object_component id="oc-1d3">
         <name>.text:TimerIntEnable</name>
         <load_address>0x4fea</load_address>
         <run_address>0x4fea</run_address>
         <size>0x8</size>
         <input_file_ref idref="fl-17"/>
      </object_component>
      <object_component id="oc-ab">
         <name>.text:GPIOPinWrite</name>
         <load_address>0x4ff2</load_address>
         <run_address>0x4ff2</run_address>
         <size>0x6</size>
         <input_file_ref idref="fl-12"/>
      </object_component>
      <object_component id="oc-1d9">
         <name>.text:GrContextFontSet</name>
         <load_address>0x4ff8</load_address>
         <run_address>0x4ff8</run_address>
         <size>0x6</size>
         <input_file_ref idref="fl-20"/>
      </object_component>
      <object_component id="oc-37a">
         <name>.text:SSIClockSourceSet</name>
         <load_address>0x4ffe</load_address>
         <run_address>0x4ffe</run_address>
         <size>0x6</size>
         <input_file_ref idref="fl-15"/>
      </object_component>
      <object_component id="oc-224">
         <name>.text:SysCtlDelay</name>
         <load_address>0x5004</load_address>
         <run_address>0x5004</run_address>
         <size>0x6</size>
         <input_file_ref idref="fl-16"/>
      </object_component>
      <object_component id="oc-2df">
         <name>.text:WidgetMutexPut</name>
         <load_address>0x500a</load_address>
         <run_address>0x500a</run_address>
         <size>0x6</size>
         <input_file_ref idref="fl-21"/>
      </object_component>
      <object_component id="oc-18">
         <name>.text:decompress:rle24</name>
         <load_address>0x5010</load_address>
         <run_address>0x5010</run_address>
         <size>0x6</size>
         <input_file_ref idref="fl-14b"/>
      </object_component>
      <object_component id="oc-1b2">
         <name>.text:I2CMasterControl</name>
         <load_address>0x5016</load_address>
         <run_address>0x5016</run_address>
         <size>0x4</size>
         <input_file_ref idref="fl-13"/>
      </object_component>
      <object_component id="oc-1b8">
         <name>.text:I2CMasterDataPut</name>
         <load_address>0x501a</load_address>
         <run_address>0x501a</run_address>
         <size>0x4</size>
         <input_file_ref idref="fl-13"/>
      </object_component>
      <object_component id="oc-1a6">
         <name>.text:TimerIntClear</name>
         <load_address>0x501e</load_address>
         <run_address>0x501e</run_address>
         <size>0x4</size>
         <input_file_ref idref="fl-17"/>
      </object_component>
      <object_component id="oc-3c5">
         <name>.text:WidgetDefaultMsgProc</name>
         <load_address>0x5022</load_address>
         <run_address>0x5022</run_address>
         <size>0x4</size>
         <input_file_ref idref="fl-21"/>
      </object_component>
      <object_component id="oc-5e">
         <name>.text</name>
         <load_address>0x5026</load_address>
         <run_address>0x5026</run_address>
         <size>0x4</size>
         <input_file_ref idref="fl-157"/>
      </object_component>
      <object_component id="oc-3cd">
         <name>.const:.string:g_pui8Cm20Data</name>
         <load_address>0x5030</load_address>
         <run_address>0x5030</run_address>
         <size>0x95e</size>
         <input_file_ref idref="fl-24"/>
      </object_component>
      <object_component id="oc-35c">
         <name>.const:.string:g_pui8Cm18Data</name>
         <load_address>0x598e</load_address>
         <run_address>0x598e</run_address>
         <size>0x86e</size>
         <input_file_ref idref="fl-23"/>
      </object_component>
      <object_component id="oc-436">
         <name>.const:.string:g_pui8Cm14Data</name>
         <load_address>0x61fc</load_address>
         <run_address>0x61fc</run_address>
         <size>0x65a</size>
         <input_file_ref idref="fl-22"/>
      </object_component>
      <object_component id="oc-306">
         <name>.const:g_sFontCm14</name>
         <load_address>0x6858</load_address>
         <run_address>0x6858</run_address>
         <size>0xc8</size>
         <input_file_ref idref="fl-22"/>
      </object_component>
      <object_component id="oc-203">
         <name>.const:g_sFontCm18</name>
         <load_address>0x6920</load_address>
         <run_address>0x6920</run_address>
         <size>0xc8</size>
         <input_file_ref idref="fl-23"/>
      </object_component>
      <object_component id="oc-276">
         <name>.const:g_sFontCm20</name>
         <load_address>0x69e8</load_address>
         <run_address>0x69e8</run_address>
         <size>0xc8</size>
         <input_file_ref idref="fl-24"/>
      </object_component>
      <object_component id="oc-3a1">
         <name>.const:g_pui32GPIOBaseAddrs</name>
         <load_address>0x6ab0</load_address>
         <run_address>0x6ab0</run_address>
         <size>0x90</size>
         <input_file_ref idref="fl-12"/>
      </object_component>
      <object_component id="oc-2f3">
         <name>.const:.string</name>
         <load_address>0x6b40</load_address>
         <run_address>0x6b40</run_address>
         <size>0x7a</size>
         <input_file_ref idref="fl-2"/>
      </object_component>
      <object_component id="oc-11f">
         <name>.const</name>
         <load_address>0x6bbc</load_address>
         <run_address>0x6bbc</run_address>
         <size>0x70</size>
         <input_file_ref idref="fl-14"/>
      </object_component>
      <object_component id="oc-135">
         <name>.const:g_pui32Xtals</name>
         <load_address>0x6c2c</load_address>
         <run_address>0x6c2c</run_address>
         <size>0x6c</size>
         <input_file_ref idref="fl-16"/>
      </object_component>
      <object_component id="oc-48a">
         <name>.const:g_ppui32TimerIntMap</name>
         <load_address>0x6c98</load_address>
         <run_address>0x6c98</run_address>
         <size>0x60</size>
         <input_file_ref idref="fl-17"/>
      </object_component>
      <object_component id="oc-2cb">
         <name>.const</name>
         <load_address>0x6cf8</load_address>
         <run_address>0x6cf8</run_address>
         <size>0x4c</size>
         <input_file_ref idref="fl-7"/>
      </object_component>
      <object_component id="oc-48d">
         <name>.const:g_ppui32TimerIntMapSnowflake</name>
         <load_address>0x6d44</load_address>
         <run_address>0x6d44</run_address>
         <size>0x40</size>
         <input_file_ref idref="fl-17"/>
      </object_component>
      <object_component id="oc-d7">
         <name>.const:g_lTouchParameters</name>
         <load_address>0x6d84</load_address>
         <run_address>0x6d84</run_address>
         <size>0x38</size>
         <input_file_ref idref="fl-6"/>
      </object_component>
      <object_component id="oc-3f4">
         <name>.const:p</name>
         <load_address>0x6dc0</load_address>
         <run_address>0x6dc0</run_address>
         <size>0x38</size>
         <input_file_ref idref="fl-15b"/>
      </object_component>
      <object_component id="oc-279">
         <name>.const:g_sKentec320x240x16_SSD2119</name>
         <load_address>0x6df8</load_address>
         <run_address>0x6df8</run_address>
         <size>0x28</size>
         <input_file_ref idref="fl-3"/>
      </object_component>
      <object_component id="oc-3ff">
         <name>.const:.string</name>
         <load_address>0x6e20</load_address>
         <run_address>0x6e20</run_address>
         <size>0x12</size>
         <input_file_ref idref="fl-7"/>
      </object_component>
      <object_component id="oc-395">
         <name>.const</name>
         <load_address>0x6e34</load_address>
         <run_address>0x6e34</run_address>
         <size>0x10</size>
         <input_file_ref idref="fl-1b"/>
      </object_component>
      <object_component id="oc-58b">
         <name>.cinit..data.load</name>
         <load_address>0x6e48</load_address>
         <run_address>0x6e48</run_address>
         <size>0x480</size>
      </object_component>
      <object_component id="oc-588">
         <name>__TI_handler_table</name>
         <load_address>0x72c8</load_address>
         <run_address>0x72c8</run_address>
         <size>0xc</size>
      </object_component>
      <object_component id="oc-58c">
         <name>.cinit..bss.load</name>
         <load_address>0x72d8</load_address>
         <run_address>0x72d8</run_address>
         <size>0x8</size>
      </object_component>
      <object_component id="oc-58a">
         <name>.cinit..vtable.load</name>
         <load_address>0x72e0</load_address>
         <run_address>0x72e0</run_address>
         <size>0x8</size>
      </object_component>
      <object_component id="oc-589">
         <name>__TI_cinit_table</name>
         <load_address>0x72e8</load_address>
         <run_address>0x72e8</run_address>
         <size>0x18</size>
      </object_component>
      <object_component id="oc-491">
         <name>.vtable</name>
         <uninitialized>true</uninitialized>
         <run_address>0x20000000</run_address>
         <size>0x26c</size>
         <input_file_ref idref="fl-14"/>
      </object_component>
      <object_component id="oc-29">
         <name>.stack</name>
         <uninitialized>true</uninitialized>
         <run_address>0x20001b94</run_address>
         <size>0x0</size>
         <input_file_ref idref="fl-149"/>
      </object_component>
      <object_component id="oc-58d">
         <name>.stack</name>
         <uninitialized>true</uninitialized>
         <run_address>0x20001b94</run_address>
         <size>0x0</size>
      </object_component>
      <object_component id="oc-2e5">
         <name>.bss:g_psMQ</name>
         <uninitialized>true</uninitialized>
         <run_address>0x2000026c</run_address>
         <size>0x140</size>
         <input_file_ref idref="fl-21"/>
      </object_component>
      <object_component id="oc-d6">
         <name>.common:g_sTouchX</name>
         <uninitialized>true</uninitialized>
         <run_address>0x200003d0</run_address>
         <size>0x2</size>
      </object_component>
      <object_component id="oc-d2">
         <name>.common:g_sTouchY</name>
         <uninitialized>true</uninitialized>
         <run_address>0x200003d2</run_address>
         <size>0x2</size>
      </object_component>
      <object_component id="oc-398">
         <name>.common:g_psGrLibDefaults</name>
         <uninitialized>true</uninitialized>
         <run_address>0x200003cc</run_address>
         <size>0x4</size>
      </object_component>
      <object_component id="oc-548">
         <name>.common:g_pui8Dictionary</name>
         <uninitialized>true</uninitialized>
         <run_address>0x200003ac</run_address>
         <size>0x20</size>
      </object_component>
      <object_component id="oc-309">
         <name>.data:g_sMain</name>
         <load_address>0x20001ad8</load_address>
         <run_address>0x20001ad8</run_address>
         <size>0x40</size>
         <input_file_ref idref="fl-2"/>
      </object_component>
      <object_component id="oc-54d">
         <name>.data:g_sEQ</name>
         <load_address>0x20001a98</load_address>
         <run_address>0x20001a98</run_address>
         <size>0x40</size>
         <input_file_ref idref="fl-2"/>
      </object_component>
      <object_component id="oc-528">
         <name>.data:g_sEQ1</name>
         <load_address>0x20001998</load_address>
         <run_address>0x20001998</run_address>
         <size>0x40</size>
         <input_file_ref idref="fl-2"/>
      </object_component>
      <object_component id="oc-4ef">
         <name>.data:g_sEQ2</name>
         <load_address>0x200019d8</load_address>
         <run_address>0x200019d8</run_address>
         <size>0x40</size>
         <input_file_ref idref="fl-2"/>
      </object_component>
      <object_component id="oc-43e">
         <name>.data:g_sEQ3</name>
         <load_address>0x20001a18</load_address>
         <run_address>0x20001a18</run_address>
         <size>0x40</size>
         <input_file_ref idref="fl-2"/>
      </object_component>
      <object_component id="oc-30c">
         <name>.data:g_sEQ4</name>
         <load_address>0x20001a58</load_address>
         <run_address>0x20001a58</run_address>
         <size>0x40</size>
         <input_file_ref idref="fl-2"/>
      </object_component>
      <object_component id="oc-1c4">
         <name>.data</name>
         <load_address>0x20000400</load_address>
         <run_address>0x20000400</run_address>
         <size>0x1400</size>
         <input_file_ref idref="fl-2"/>
      </object_component>
      <object_component id="oc-36b">
         <name>.data</name>
         <load_address>0x20001b68</load_address>
         <run_address>0x20001b68</run_address>
         <size>0x8</size>
         <input_file_ref idref="fl-3"/>
      </object_component>
      <object_component id="oc-cf">
         <name>.data</name>
         <load_address>0x20001b48</load_address>
         <run_address>0x20001b48</run_address>
         <size>0x20</size>
         <input_file_ref idref="fl-6"/>
      </object_component>
      <object_component id="oc-2ce">
         <name>.data</name>
         <load_address>0x20001b90</load_address>
         <run_address>0x20001b90</run_address>
         <size>0x4</size>
         <input_file_ref idref="fl-7"/>
      </object_component>
      <object_component id="oc-273">
         <name>.data</name>
         <load_address>0x20001b18</load_address>
         <run_address>0x20001b18</run_address>
         <size>0x2d</size>
         <input_file_ref idref="fl-21"/>
      </object_component>
      <object_component id="oc-10e">
         <name>.data</name>
         <load_address>0x20001b78</load_address>
         <run_address>0x20001b78</run_address>
         <size>0x8</size>
         <input_file_ref idref="fl-14d"/>
      </object_component>
      <object_component id="oc-76">
         <name>.data</name>
         <load_address>0x20001b8c</load_address>
         <run_address>0x20001b8c</run_address>
         <size>0x4</size>
         <input_file_ref idref="fl-158"/>
      </object_component>
      <object_component id="oc-3f7">
         <name>.data</name>
         <load_address>0x200018b0</load_address>
         <run_address>0x200018b0</run_address>
         <size>0x80</size>
         <input_file_ref idref="fl-15c"/>
      </object_component>
      <object_component id="oc-10b">
         <name>.data</name>
         <load_address>0x20001b70</load_address>
         <run_address>0x20001b70</run_address>
         <size>0x8</size>
         <input_file_ref idref="fl-15d"/>
      </object_component>
      <object_component id="oc-3f1">
         <name>.data</name>
         <load_address>0x20001930</load_address>
         <run_address>0x20001930</run_address>
         <size>0x68</size>
         <input_file_ref idref="fl-164"/>
      </object_component>
      <object_component id="oc-4aa">
         <name>.data</name>
         <load_address>0x20001b88</load_address>
         <run_address>0x20001b88</run_address>
         <size>0x4</size>
         <input_file_ref idref="fl-165"/>
      </object_component>
      <object_component id="oc-50e">
         <name>.data</name>
         <load_address>0x20001b80</load_address>
         <run_address>0x20001b80</run_address>
         <size>0x8</size>
         <input_file_ref idref="fl-166"/>
      </object_component>
      <object_component id="oc-552">
         <name>.data:sigtable</name>
         <load_address>0x20001800</load_address>
         <run_address>0x20001800</run_address>
         <size>0xb0</size>
         <input_file_ref idref="fl-168"/>
      </object_component>
      <object_component id="oc-283">
         <name>.debug_info</name>
         <load_address>0x0</load_address>
         <run_address>0x0</run_address>
         <size>0x1579</size>
         <input_file_ref idref="fl-2"/>
      </object_component>
      <object_component id="oc-30a">
         <name>.debug_info</name>
         <load_address>0x1579</load_address>
         <run_address>0x1579</run_address>
         <size>0xab</size>
         <input_file_ref idref="fl-2"/>
      </object_component>
      <object_component id="oc-54e">
         <name>.debug_info</name>
         <load_address>0x1624</load_address>
         <run_address>0x1624</run_address>
         <size>0xa7</size>
         <input_file_ref idref="fl-2"/>
      </object_component>
      <object_component id="oc-529">
         <name>.debug_info</name>
         <load_address>0x16cb</load_address>
         <run_address>0x16cb</run_address>
         <size>0xa9</size>
         <input_file_ref idref="fl-2"/>
      </object_component>
      <object_component id="oc-4f0">
         <name>.debug_info</name>
         <load_address>0x1774</load_address>
         <run_address>0x1774</run_address>
         <size>0xa9</size>
         <input_file_ref idref="fl-2"/>
      </object_component>
      <object_component id="oc-43f">
         <name>.debug_info</name>
         <load_address>0x181d</load_address>
         <run_address>0x181d</run_address>
         <size>0xa9</size>
         <input_file_ref idref="fl-2"/>
      </object_component>
      <object_component id="oc-30d">
         <name>.debug_info</name>
         <load_address>0x18c6</load_address>
         <run_address>0x18c6</run_address>
         <size>0xa9</size>
         <input_file_ref idref="fl-2"/>
      </object_component>
      <object_component id="oc-1c5">
         <name>.debug_info</name>
         <load_address>0x196f</load_address>
         <run_address>0x196f</run_address>
         <size>0x3cf</size>
         <input_file_ref idref="fl-2"/>
      </object_component>
      <object_component id="oc-104">
         <name>.debug_info</name>
         <load_address>0x1d3e</load_address>
         <run_address>0x1d3e</run_address>
         <size>0x11a9</size>
         <input_file_ref idref="fl-2"/>
      </object_component>
      <object_component id="oc-145">
         <name>.debug_info</name>
         <load_address>0x2ee7</load_address>
         <run_address>0x2ee7</run_address>
         <size>0x6bd</size>
         <input_file_ref idref="fl-2"/>
      </object_component>
      <object_component id="oc-3d8">
         <name>.debug_info</name>
         <load_address>0x35a4</load_address>
         <run_address>0x35a4</run_address>
         <size>0x86</size>
         <input_file_ref idref="fl-2"/>
      </object_component>
      <object_component id="oc-311">
         <name>.debug_info</name>
         <load_address>0x362a</load_address>
         <run_address>0x362a</run_address>
         <size>0xa8</size>
         <input_file_ref idref="fl-2"/>
      </object_component>
      <object_component id="oc-316">
         <name>.debug_info</name>
         <load_address>0x36d2</load_address>
         <run_address>0x36d2</run_address>
         <size>0xea</size>
         <input_file_ref idref="fl-2"/>
      </object_component>
      <object_component id="oc-31b">
         <name>.debug_info</name>
         <load_address>0x37bc</load_address>
         <run_address>0x37bc</run_address>
         <size>0x14e</size>
         <input_file_ref idref="fl-2"/>
      </object_component>
      <object_component id="oc-320">
         <name>.debug_info</name>
         <load_address>0x390a</load_address>
         <run_address>0x390a</run_address>
         <size>0x176</size>
         <input_file_ref idref="fl-2"/>
      </object_component>
      <object_component id="oc-2d4">
         <name>.debug_info</name>
         <load_address>0x3a80</load_address>
         <run_address>0x3a80</run_address>
         <size>0x16f</size>
         <input_file_ref idref="fl-2"/>
      </object_component>
      <object_component id="oc-14a">
         <name>.debug_info</name>
         <load_address>0x3bef</load_address>
         <run_address>0x3bef</run_address>
         <size>0xc6</size>
         <input_file_ref idref="fl-2"/>
      </object_component>
      <object_component id="oc-13b">
         <name>.debug_info</name>
         <load_address>0x3cb5</load_address>
         <run_address>0x3cb5</run_address>
         <size>0x8b</size>
         <input_file_ref idref="fl-2"/>
      </object_component>
      <object_component id="oc-db">
         <name>.debug_info</name>
         <load_address>0x3d40</load_address>
         <run_address>0x3d40</run_address>
         <size>0x18b</size>
         <input_file_ref idref="fl-2"/>
      </object_component>
      <object_component id="oc-2d9">
         <name>.debug_info</name>
         <load_address>0x3ecb</load_address>
         <run_address>0x3ecb</run_address>
         <size>0x4e</size>
         <input_file_ref idref="fl-2"/>
      </object_component>
      <object_component id="oc-38d">
         <name>.debug_info</name>
         <load_address>0x3f19</load_address>
         <run_address>0x3f19</run_address>
         <size>0x60f</size>
         <input_file_ref idref="fl-3"/>
      </object_component>
      <object_component id="oc-27a">
         <name>.debug_info</name>
         <load_address>0x4528</load_address>
         <run_address>0x4528</run_address>
         <size>0xed</size>
         <input_file_ref idref="fl-3"/>
      </object_component>
      <object_component id="oc-36c">
         <name>.debug_info</name>
         <load_address>0x4615</load_address>
         <run_address>0x4615</run_address>
         <size>0xf3</size>
         <input_file_ref idref="fl-3"/>
      </object_component>
      <object_component id="oc-219">
         <name>.debug_info</name>
         <load_address>0x4708</load_address>
         <run_address>0x4708</run_address>
         <size>0x1275</size>
         <input_file_ref idref="fl-3"/>
      </object_component>
      <object_component id="oc-469">
         <name>.debug_info</name>
         <load_address>0x597d</load_address>
         <run_address>0x597d</run_address>
         <size>0x47</size>
         <input_file_ref idref="fl-3"/>
      </object_component>
      <object_component id="oc-38">
         <name>.debug_info</name>
         <load_address>0x59c4</load_address>
         <run_address>0x59c4</run_address>
         <size>0x117</size>
         <input_file_ref idref="fl-5"/>
      </object_component>
      <object_component id="oc-10">
         <name>.debug_info</name>
         <load_address>0x5adb</load_address>
         <run_address>0x5adb</run_address>
         <size>0xca</size>
         <input_file_ref idref="fl-5"/>
      </object_component>
      <object_component id="oc-2b">
         <name>.debug_info</name>
         <load_address>0x5ba5</load_address>
         <run_address>0x5ba5</run_address>
         <size>0x246</size>
         <input_file_ref idref="fl-5"/>
      </object_component>
      <object_component id="oc-e2">
         <name>.debug_info</name>
         <load_address>0x5deb</load_address>
         <run_address>0x5deb</run_address>
         <size>0x84</size>
         <input_file_ref idref="fl-5"/>
      </object_component>
      <object_component id="oc-d3">
         <name>.debug_info</name>
         <load_address>0x5e6f</load_address>
         <run_address>0x5e6f</run_address>
         <size>0x7e4</size>
         <input_file_ref idref="fl-6"/>
      </object_component>
      <object_component id="oc-d8">
         <name>.debug_info</name>
         <load_address>0x6653</load_address>
         <run_address>0x6653</run_address>
         <size>0xc3</size>
         <input_file_ref idref="fl-6"/>
      </object_component>
      <object_component id="oc-d0">
         <name>.debug_info</name>
         <load_address>0x6716</load_address>
         <run_address>0x6716</run_address>
         <size>0x198</size>
         <input_file_ref idref="fl-6"/>
      </object_component>
      <object_component id="oc-31">
         <name>.debug_info</name>
         <load_address>0x68ae</load_address>
         <run_address>0x68ae</run_address>
         <size>0x414</size>
         <input_file_ref idref="fl-6"/>
      </object_component>
      <object_component id="oc-2d2">
         <name>.debug_info</name>
         <load_address>0x6cc2</load_address>
         <run_address>0x6cc2</run_address>
         <size>0x1bd</size>
         <input_file_ref idref="fl-7"/>
      </object_component>
      <object_component id="oc-2cc">
         <name>.debug_info</name>
         <load_address>0x6e7f</load_address>
         <run_address>0x6e7f</run_address>
         <size>0x12c</size>
         <input_file_ref idref="fl-7"/>
      </object_component>
      <object_component id="oc-2cf">
         <name>.debug_info</name>
         <load_address>0x6fab</load_address>
         <run_address>0x6fab</run_address>
         <size>0xdf</size>
         <input_file_ref idref="fl-7"/>
      </object_component>
      <object_component id="oc-189">
         <name>.debug_info</name>
         <load_address>0x708a</load_address>
         <run_address>0x708a</run_address>
         <size>0x12c7</size>
         <input_file_ref idref="fl-7"/>
      </object_component>
      <object_component id="oc-119">
         <name>.debug_info</name>
         <load_address>0x8351</load_address>
         <run_address>0x8351</run_address>
         <size>0x23d</size>
         <input_file_ref idref="fl-10"/>
      </object_component>
      <object_component id="oc-8e">
         <name>.debug_info</name>
         <load_address>0x858e</load_address>
         <run_address>0x858e</run_address>
         <size>0x333</size>
         <input_file_ref idref="fl-10"/>
      </object_component>
      <object_component id="oc-95">
         <name>.debug_info</name>
         <load_address>0x88c1</load_address>
         <run_address>0x88c1</run_address>
         <size>0x2a0</size>
         <input_file_ref idref="fl-10"/>
      </object_component>
      <object_component id="oc-269">
         <name>.debug_info</name>
         <load_address>0x8b61</load_address>
         <run_address>0x8b61</run_address>
         <size>0x2a2</size>
         <input_file_ref idref="fl-10"/>
      </object_component>
      <object_component id="oc-1a3">
         <name>.debug_info</name>
         <load_address>0x8e03</load_address>
         <run_address>0x8e03</run_address>
         <size>0x2ff</size>
         <input_file_ref idref="fl-10"/>
      </object_component>
      <object_component id="oc-8a">
         <name>.debug_info</name>
         <load_address>0x9102</load_address>
         <run_address>0x9102</run_address>
         <size>0x326</size>
         <input_file_ref idref="fl-10"/>
      </object_component>
      <object_component id="oc-197">
         <name>.debug_info</name>
         <load_address>0x9428</load_address>
         <run_address>0x9428</run_address>
         <size>0x2a4</size>
         <input_file_ref idref="fl-10"/>
      </object_component>
      <object_component id="oc-9b">
         <name>.debug_info</name>
         <load_address>0x96cc</load_address>
         <run_address>0x96cc</run_address>
         <size>0x296</size>
         <input_file_ref idref="fl-10"/>
      </object_component>
      <object_component id="oc-83">
         <name>.debug_info</name>
         <load_address>0x9962</load_address>
         <run_address>0x9962</run_address>
         <size>0x2c1</size>
         <input_file_ref idref="fl-10"/>
      </object_component>
      <object_component id="oc-19c">
         <name>.debug_info</name>
         <load_address>0x9c23</load_address>
         <run_address>0x9c23</run_address>
         <size>0x242</size>
         <input_file_ref idref="fl-10"/>
      </object_component>
      <object_component id="oc-20d">
         <name>.debug_info</name>
         <load_address>0x9e65</load_address>
         <run_address>0x9e65</run_address>
         <size>0x225</size>
         <input_file_ref idref="fl-11"/>
      </object_component>
      <object_component id="oc-208">
         <name>.debug_info</name>
         <load_address>0xa08a</load_address>
         <run_address>0xa08a</run_address>
         <size>0x20d</size>
         <input_file_ref idref="fl-11"/>
      </object_component>
      <object_component id="oc-131">
         <name>.debug_info</name>
         <load_address>0xa297</load_address>
         <run_address>0xa297</run_address>
         <size>0x230</size>
         <input_file_ref idref="fl-12"/>
      </object_component>
      <object_component id="oc-3a2">
         <name>.debug_info</name>
         <load_address>0xa4c7</load_address>
         <run_address>0xa4c7</run_address>
         <size>0x15b</size>
         <input_file_ref idref="fl-12"/>
      </object_component>
      <object_component id="oc-ac">
         <name>.debug_info</name>
         <load_address>0xa622</load_address>
         <run_address>0xa622</run_address>
         <size>0x2a3</size>
         <input_file_ref idref="fl-12"/>
      </object_component>
      <object_component id="oc-12b">
         <name>.debug_info</name>
         <load_address>0xa8c5</load_address>
         <run_address>0xa8c5</run_address>
         <size>0x2b3</size>
         <input_file_ref idref="fl-12"/>
      </object_component>
      <object_component id="oc-125">
         <name>.debug_info</name>
         <load_address>0xab78</load_address>
         <run_address>0xab78</run_address>
         <size>0x316</size>
         <input_file_ref idref="fl-12"/>
      </object_component>
      <object_component id="oc-375">
         <name>.debug_info</name>
         <load_address>0xae8e</load_address>
         <run_address>0xae8e</run_address>
         <size>0x2a9</size>
         <input_file_ref idref="fl-12"/>
      </object_component>
      <object_component id="oc-244">
         <name>.debug_info</name>
         <load_address>0xb137</load_address>
         <run_address>0xb137</run_address>
         <size>0x2af</size>
         <input_file_ref idref="fl-12"/>
      </object_component>
      <object_component id="oc-24a">
         <name>.debug_info</name>
         <load_address>0xb3e6</load_address>
         <run_address>0xb3e6</run_address>
         <size>0x2a9</size>
         <input_file_ref idref="fl-12"/>
      </object_component>
      <object_component id="oc-a6">
         <name>.debug_info</name>
         <load_address>0xb68f</load_address>
         <run_address>0xb68f</run_address>
         <size>0x2b7</size>
         <input_file_ref idref="fl-12"/>
      </object_component>
      <object_component id="oc-262">
         <name>.debug_info</name>
         <load_address>0xb946</load_address>
         <run_address>0xb946</run_address>
         <size>0x2a9</size>
         <input_file_ref idref="fl-12"/>
      </object_component>
      <object_component id="oc-23e">
         <name>.debug_info</name>
         <load_address>0xbbef</load_address>
         <run_address>0xbbef</run_address>
         <size>0x280</size>
         <input_file_ref idref="fl-12"/>
      </object_component>
      <object_component id="oc-2ef">
         <name>.debug_info</name>
         <load_address>0xbe6f</load_address>
         <run_address>0xbe6f</run_address>
         <size>0x231</size>
         <input_file_ref idref="fl-13"/>
      </object_component>
      <object_component id="oc-1ad">
         <name>.debug_info</name>
         <load_address>0xc0a0</load_address>
         <run_address>0xc0a0</run_address>
         <size>0x2ce</size>
         <input_file_ref idref="fl-13"/>
      </object_component>
      <object_component id="oc-250">
         <name>.debug_info</name>
         <load_address>0xc36e</load_address>
         <run_address>0xc36e</run_address>
         <size>0x24e</size>
         <input_file_ref idref="fl-13"/>
      </object_component>
      <object_component id="oc-256">
         <name>.debug_info</name>
         <load_address>0xc5bc</load_address>
[...]
      </symbol>
      <symbol id="sm-540">
         <name>TimerLoadSet</name>
         <value>0x4edb</value>
         <object_component_ref idref="oc-bd"/>
      </symbol>
      <symbol id="sm-541">
         <name>TimerIntRegister</name>
         <value>0x4dfb</value>
         <object_component_ref idref="oc-25b"/>
      </symbol>
      <symbol id="sm-542">
         <name>TimerEnable</name>
         <value>0x4f57</value>
         <object_component_ref idref="oc-c9"/>
      </symbol>
      <symbol id="sm-543">
         <name>TimerIntDisable</name>
         <value>0x4fc1</value>
         <object_component_ref idref="oc-1cd"/>
      </symbol>
      <symbol id="sm-544">
         <name>TimerControlTrigger</name>
         <value>0x44c5</value>
         <object_component_ref idref="oc-c3"/>
      </symbol>
      <symbol id="sm-545">
         <name>TimerIntEnable</name>
         <value>0x4feb</value>
         <object_component_ref idref="oc-1d3"/>
      </symbol>
      <symbol id="sm-546">
         <name>TimerConfigure</name>
         <value>0x4355</value>
         <object_component_ref idref="oc-b1"/>
      </symbol>
      <symbol id="sm-547">
         <name>TimerIntClear</name>
         <value>0x501f</value>
         <object_component_ref idref="oc-1a6"/>
      </symbol>
      <symbol id="sm-560">
         <name>uDMAEnable</name>
         <value>0x4f1d</value>
         <object_component_ref idref="oc-22b"/>
      </symbol>
      <symbol id="sm-561">
         <name>uDMAControlBaseSet</name>
         <value>0x4f8d</value>
         <object_component_ref idref="oc-225"/>
      </symbol>
      <symbol id="sm-583">
         <name>CanvasMsgProc</name>
         <value>0x4e43</value>
         <object_component_ref idref="oc-2f4"/>
      </symbol>
      <symbol id="sm-5ae">
         <name>GrContextInit</name>
         <value>0x40f1</value>
         <object_component_ref idref="oc-21e"/>
      </symbol>
      <symbol id="sm-5af">
         <name>GrContextClipRegionSet</name>
         <value>0x42f1</value>
         <object_component_ref idref="oc-4bc"/>
      </symbol>
      <symbol id="sm-5b0">
         <name>g_psDefaultCodePointMapTable</name>
         <value>0x6e34</value>
         <object_component_ref idref="oc-395"/>
      </symbol>
      <symbol id="sm-607">
         <name>GrImageDraw</name>
         <value>0x4f49</value>
         <object_component_ref idref="oc-4c2"/>
      </symbol>
      <symbol id="sm-63a">
         <name>RectangularButtonMsgProc</name>
         <value>0x4ca3</value>
         <object_component_ref idref="oc-2fa"/>
      </symbol>
      <symbol id="sm-666">
         <name>GrRectIntersectGet</name>
         <value>0x3d25</value>
         <object_component_ref idref="oc-4d5"/>
      </symbol>
      <symbol id="sm-667">
         <name>GrRectFill</name>
         <value>0x3daf</value>
         <object_component_ref idref="oc-1eb"/>
      </symbol>
      <symbol id="sm-668">
         <name>GrRectOverlapCheck</name>
         <value>0x49cd</value>
         <object_component_ref idref="oc-51f"/>
      </symbol>
      <symbol id="sm-669">
         <name>GrRectDraw</name>
         <value>0x41c1</value>
         <object_component_ref idref="oc-1f1"/>
      </symbol>
      <symbol id="sm-6b7">
         <name>SliderMsgProc</name>
         <value>0x4c23</value>
         <object_component_ref idref="oc-300"/>
      </symbol>
      <symbol id="sm-763">
         <name>GrFontInfoGet</name>
         <value>0x4ccb</value>
         <object_component_ref idref="oc-354"/>
      </symbol>
      <symbol id="sm-764">
         <name>GrDefaultStringRenderer</name>
         <value>0x39a3</value>
         <object_component_ref idref="oc-38f"/>
      </symbol>
      <symbol id="sm-765">
         <name>GrFontGlyphRender</name>
         <value>0x2a81</value>
         <object_component_ref idref="oc-475"/>
      </symbol>
      <symbol id="sm-766">
         <name>GrFontHeightGet</name>
         <value>0x4bf7</value>
         <object_component_ref idref="oc-4c8"/>
      </symbol>
      <symbol id="sm-767">
         <name>GrContextFontSet</name>
         <value>0x4ff9</value>
         <object_component_ref idref="oc-1d9"/>
      </symbol>
      <symbol id="sm-768">
         <name>GrFontGlyphDataGet</name>
         <value>0x4d15</value>
         <object_component_ref idref="oc-34e"/>
      </symbol>
      <symbol id="sm-769">
         <name>GrStringDraw</name>
         <value>0x4e2d</value>
         <object_component_ref idref="oc-1df"/>
      </symbol>
      <symbol id="sm-76a">
         <name>GrFontCodepageGet</name>
         <value>0x4d75</value>
         <object_component_ref idref="oc-444"/>
      </symbol>
      <symbol id="sm-76b">
         <name>GrStringNextCharGet</name>
         <value>0x4b41</value>
         <object_component_ref idref="oc-348"/>
      </symbol>
      <symbol id="sm-76c">
         <name>GrStringWidthGet</name>
         <value>0x401d</value>
         <object_component_ref idref="oc-1f7"/>
      </symbol>
      <symbol id="sm-76d">
         <name>GrFontBaselineGet</name>
         <value>0x4bcb</value>
         <object_component_ref idref="oc-1fd"/>
      </symbol>
      <symbol id="sm-817">
         <name>g_sRoot</name>
         <value>0x20001b18</value>
         <object_component_ref idref="oc-273"/>
      </symbol>
      <symbol id="sm-818">
         <name>WidgetMessageQueueAdd</name>
         <value>0x37e9</value>
         <object_component_ref idref="oc-18e"/>
      </symbol>
      <symbol id="sm-819">
         <name>WidgetMessageSendPostOrder</name>
         <value>0x3b25</value>
         <object_component_ref idref="oc-3be"/>
      </symbol>
      <symbol id="sm-81a">
         <name>WidgetAdd</name>
         <value>0x4cf1</value>
         <object_component_ref idref="oc-1e5"/>
      </symbol>
      <symbol id="sm-81b">
         <name>WidgetRemove</name>
         <value>0x45bd</value>
         <object_component_ref idref="oc-1c7"/>
      </symbol>
      <symbol id="sm-81c">
         <name>WidgetDefaultMsgProc</name>
         <value>0x5023</value>
         <object_component_ref idref="oc-3c5"/>
      </symbol>
      <symbol id="sm-81d">
         <name>WidgetMutexPut</name>
         <value>0x500b</value>
         <object_component_ref idref="oc-2df"/>
      </symbol>
      <symbol id="sm-81e">
         <name>WidgetMessageQueueProcess</name>
         <value>0x428d</value>
         <object_component_ref idref="oc-26d"/>
      </symbol>
      <symbol id="sm-81f">
         <name>WidgetMutexGet</name>
         <value>0x4e57</value>
         <object_component_ref idref="oc-2de"/>
      </symbol>
      <symbol id="sm-820">
         <name>WidgetPointerMessage</name>
         <value>0x4d95</value>
         <object_component_ref idref="oc-27c"/>
      </symbol>
      <symbol id="sm-821">
         <name>WidgetMessageSendPreOrder</name>
         <value>0x43b5</value>
         <object_component_ref idref="oc-3b8"/>
      </symbol>
      <symbol id="sm-833">
         <name>g_sFontCm14</name>
         <value>0x6858</value>
         <object_component_ref idref="oc-306"/>
      </symbol>
      <symbol id="sm-845">
         <name>g_sFontCm18</name>
         <value>0x6920</value>
         <object_component_ref idref="oc-203"/>
      </symbol>
      <symbol id="sm-857">
         <name>g_sFontCm20</name>
         <value>0x69e8</value>
         <object_component_ref idref="oc-276"/>
      </symbol>
      <symbol id="sm-864">
         <name>GrMapISO8859_1_Unicode</name>
         <value>0x4fd3</value>
         <object_component_ref idref="oc-47c"/>
      </symbol>
      <symbol id="sm-87e">
         <name>GrLineDrawH</name>
         <value>0x47c5</value>
         <object_component_ref idref="oc-33b"/>
      </symbol>
      <symbol id="sm-87f">
         <name>GrLineDrawV</name>
         <value>0x480b</value>
         <object_component_ref idref="oc-341"/>
      </symbol>
      <symbol id="sm-891">
         <name>_c_int00</name>
         <value>0x456d</value>
         <object_component_ref idref="oc-24"/>
      </symbol>
      <symbol id="sm-892">
         <name>__stack</name>
         <value>0x20001b94</value>
         <object_component_ref idref="oc-29"/>
      </symbol>
      <symbol id="sm-8a9">
         <name>__TI_decompress_none</name>
         <value>0x4f65</value>
         <object_component_ref idref="oc-12"/>
      </symbol>
      <symbol id="sm-8d1">
         <name>__TI_decompress_rle24</name>
         <value>0x5011</value>
         <object_component_ref idref="oc-18"/>
      </symbol>
      <symbol id="sm-8e3">
         <name>__TI_zero_init</name>
         <value>0x4f73</value>
         <object_component_ref idref="oc-1e"/>
      </symbol>
      <symbol id="sm-902">
         <name>C$$EXIT</name>
         <value>0x4851</value>
         <object_component_ref idref="oc-70"/>
      </symbol>
      <symbol id="sm-903">
         <name>abort</name>
         <value>0x4855</value>
         <object_component_ref idref="oc-70"/>
      </symbol>
      <symbol id="sm-904">
         <name>exit</name>
         <value>0x485d</value>
         <object_component_ref idref="oc-70"/>
      </symbol>
      <symbol id="sm-905">
         <name>__TI_dtors_ptr</name>
         <value>0x20001b7c</value>
         <object_component_ref idref="oc-10e"/>
      </symbol>
      <symbol id="sm-906">
         <name>__TI_cleanup_ptr</name>
         <value>0x20001b78</value>
         <object_component_ref idref="oc-10e"/>
      </symbol>
      <symbol id="sm-92a">
         <name>__aeabi_dsub</name>
         <value>0x2cd7</value>
         <object_component_ref idref="oc-16e"/>
      </symbol>
      <symbol id="sm-92b">
         <name>__aeabi_dadd</name>
         <value>0x2ce1</value>
         <object_component_ref idref="oc-16e"/>
      </symbol>
      <symbol id="sm-942">
         <name>__aeabi_cdcmpeq</name>
         <value>0x3e35</value>
         <object_component_ref idref="oc-17e"/>
      </symbol>
      <symbol id="sm-943">
         <name>__aeabi_cdcmple</name>
         <value>0x3e35</value>
         <object_component_ref idref="oc-17e"/>
      </symbol>
      <symbol id="sm-963">
         <name>__aeabi_ddiv</name>
         <value>0x3197</value>
         <object_component_ref idref="oc-164"/>
      </symbol>
      <symbol id="sm-97a">
         <name>__aeabi_dmul</name>
         <value>0x3509</value>
         <object_component_ref idref="oc-169"/>
      </symbol>
      <symbol id="sm-988">
         <name>__aeabi_d2iz</name>
         <value>0x477d</value>
         <object_component_ref idref="oc-179"/>
      </symbol>
      <symbol id="sm-994">
         <name>__aeabi_i2d</name>
         <value>0x4b6f</value>
         <object_component_ref idref="oc-183"/>
      </symbol>
      <symbol id="sm-9a1">
         <name>log10</name>
         <value>0x4db1</value>
         <object_component_ref idref="oc-173"/>
      </symbol>
      <symbol id="sm-9bc">
         <name>memcpy</name>
         <value>0x3c89</value>
         <object_component_ref idref="oc-39"/>
      </symbol>
      <symbol id="sm-9bd">
         <name>__aeabi_memcpy</name>
         <value>0x3c89</value>
         <object_component_ref idref="oc-39"/>
      </symbol>
      <symbol id="sm-9be">
         <name>__aeabi_memcpy8</name>
         <value>0x3c89</value>
         <object_component_ref idref="oc-39"/>
      </symbol>
      <symbol id="sm-9bf">
         <name>__aeabi_memcpy4</name>
         <value>0x3c89</value>
         <object_component_ref idref="oc-39"/>
      </symbol>
      <symbol id="sm-9ce">
         <name>__aeabi_memset</name>
         <value>0x3f37</value>
         <object_component_ref idref="oc-52"/>
      </symbol>
      <symbol id="sm-9cf">
         <name>memset</name>
         <value>0x3f3d</value>
         <object_component_ref idref="oc-52"/>
      </symbol>
      <symbol id="sm-9d0">
         <name>__aeabi_memset8</name>
         <value>0x3f37</value>
         <object_component_ref idref="oc-52"/>
      </symbol>
      <symbol id="sm-9d1">
         <name>__aeabi_memset4</name>
         <value>0x3f37</value>
         <object_component_ref idref="oc-52"/>
      </symbol>
      <symbol id="sm-9d2">
         <name>__aeabi_memclr8</name>
         <value>0x3f35</value>
         <object_component_ref idref="oc-52"/>
      </symbol>
      <symbol id="sm-9d3">
         <name>__aeabi_memclr4</name>
         <value>0x3f35</value>
         <object_component_ref idref="oc-52"/>
      </symbol>
      <symbol id="sm-9d4">
         <name>__aeabi_memclr</name>
         <value>0x3f35</value>
         <object_component_ref idref="oc-52"/>
      </symbol>
      <symbol id="sm-9de">
         <name>_system_pre_init</name>
         <value>0x5027</value>
         <object_component_ref idref="oc-5e"/>
      </symbol>
      <symbol id="sm-9e6">
         <name>main_func_sp</name>
         <value>0x20001b8c</value>
         <object_component_ref idref="oc-76"/>
      </symbol>
      <symbol id="sm-9f9">
         <name>__aeabi_uidivmod</name>
         <value>0x4895</value>
         <object_component_ref idref="oc-2c6"/>
      </symbol>
      <symbol id="sm-9fa">
         <name>__aeabi_uidiv</name>
         <value>0x4895</value>
         <object_component_ref idref="oc-2c6"/>
      </symbol>
      <symbol id="sm-a06">
         <name>__aeabi_ui2d</name>
         <value>0x4d37</value>
         <object_component_ref idref="oc-15f"/>
      </symbol>
      <symbol id="sm-a3b">
         <name>_Log</name>
         <value>0x21ed</value>
         <object_component_ref idref="oc-2bb"/>
      </symbol>
      <symbol id="sm-a4b">
         <name>_Rteps</name>
         <value>0x20001910</value>
         <object_component_ref idref="oc-3f7"/>
      </symbol>
      <symbol id="sm-a4c">
         <name>_Zero</name>
         <value>0x20001928</value>
         <object_component_ref idref="oc-3f7"/>
      </symbol>
      <symbol id="sm-a4d">
         <name>_Hugeval</name>
         <value>0x200018d0</value>
         <object_component_ref idref="oc-3f7"/>
      </symbol>
      <symbol id="sm-a4e">
         <name>_Snan</name>
         <value>0x20001900</value>
         <object_component_ref idref="oc-3f7"/>
      </symbol>
      <symbol id="sm-a4f">
         <name>_Nan</name>
         <value>0x200018f0</value>
         <object_component_ref idref="oc-3f7"/>
      </symbol>
      <symbol id="sm-a50">
         <name>_Inf</name>
         <value>0x200018e0</value>
         <object_component_ref idref="oc-3f7"/>
      </symbol>
      <symbol id="sm-a51">
         <name>_Xbig</name>
         <value>0x20001920</value>
         <object_component_ref idref="oc-3f7"/>
      </symbol>
      <symbol id="sm-a52">
         <name>_Eps</name>
         <value>0x200018c0</value>
         <object_component_ref idref="oc-3f7"/>
      </symbol>
      <symbol id="sm-a53">
         <name>_Denorm</name>
         <value>0x200018b0</value>
         <object_component_ref idref="oc-3f7"/>
      </symbol>
      <symbol id="sm-a6c">
         <name>_nop</name>
         <value>0x4e7b</value>
         <object_component_ref idref="oc-28d"/>
      </symbol>
      <symbol id="sm-a6d">
         <name>_lock</name>
         <value>0x20001b70</value>
         <object_component_ref idref="oc-10b"/>
      </symbol>
      <symbol id="sm-a6e">
         <name>_unlock</name>
         <value>0x20001b74</value>
         <object_component_ref idref="oc-10b"/>
      </symbol>
      <symbol id="sm-a6f">
         <name>_register_lock</name>
         <value>0x4e73</value>
         <object_component_ref idref="oc-28d"/>
      </symbol>
      <symbol id="sm-a70">
         <name>_register_unlock</name>
         <value>0x4e6d</value>
         <object_component_ref idref="oc-28d"/>
      </symbol>
      <symbol id="sm-a85">
         <name>_args_main</name>
         <value>0x4e15</value>
         <object_component_ref idref="oc-6a"/>
      </symbol>
      <symbol id="sm-aab">
         <name>__TI_auto_init</name>
         <value>0x3fb1</value>
         <object_component_ref idref="oc-64"/>
      </symbol>
      <symbol id="sm-ac5">
         <name>copy_in</name>
         <value>0x4655</value>
         <object_component_ref idref="oc-fb"/>
      </symbol>
      <symbol id="sm-ad3">
         <name>__aeabi_f2d</name>
         <value>0x4a3d</value>
         <object_component_ref idref="oc-3ec"/>
      </symbol>
      <symbol id="sm-ae7">
         <name>_Dunscale</name>
         <value>0x4227</value>
         <object_component_ref idref="oc-3e0"/>
      </symbol>
      <symbol id="sm-af6">
         <name>_Feraise</name>
         <value>0x4b11</value>
         <object_component_ref idref="oc-3e6"/>
      </symbol>
      <symbol id="sm-b05">
         <name>_FZero</name>
         <value>0x20001994</value>
         <object_component_ref idref="oc-3f1"/>
      </symbol>
      <symbol id="sm-b06">
         <name>_FRteps</name>
         <value>0x20001980</value>
         <object_component_ref idref="oc-3f1"/>
      </symbol>
      <symbol id="sm-b07">
         <name>_FSnan</name>
         <value>0x20001970</value>
         <object_component_ref idref="oc-3f1"/>
      </symbol>
      <symbol id="sm-b08">
         <name>_FNan</name>
         <value>0x20001960</value>
         <object_component_ref idref="oc-3f1"/>
      </symbol>
      <symbol id="sm-b09">
         <name>_FInf</name>
         <value>0x20001950</value>
         <object_component_ref idref="oc-3f1"/>
      </symbol>
      <symbol id="sm-b0a">
         <name>_FEps</name>
         <value>0x20001940</value>
         <object_component_ref idref="oc-3f1"/>
      </symbol>
      <symbol id="sm-b0b">
         <name>_FXbig</name>
         <value>0x20001990</value>
         <object_component_ref idref="oc-3f1"/>
      </symbol>
      <symbol id="sm-b0c">
         <name>_FDenorm</name>
         <value>0x20001930</value>
         <object_component_ref idref="oc-3f1"/>
      </symbol>
      <symbol id="sm-b14">
         <name>_Errno</name>
         <value>0x20001b88</value>
         <object_component_ref idref="oc-4aa"/>
      </symbol>
      <symbol id="sm-b32">
         <name>feraiseexcept</name>
         <value>0x4add</value>
         <object_component_ref idref="oc-4a4"/>
      </symbol>
      <symbol id="sm-b33">
         <name>_Tls_setup__Fenv</name>
         <value>0x20001b84</value>
         <object_component_ref idref="oc-50e"/>
      </symbol>
      <symbol id="sm-b34">
         <name>_Fenv</name>
         <value>0x20001b80</value>
         <object_component_ref idref="oc-50e"/>
      </symbol>
      <symbol id="sm-b48">
         <name>raise</name>
         <value>0x4b9d</value>
         <object_component_ref idref="oc-508"/>
      </symbol>
      <symbol id="sm-b62">
         <name>signal</name>
         <value>0x48d9</value>
         <object_component_ref idref="oc-531"/>
      </symbol>
      <symbol id="sm-b77">
         <name>_Dnorm</name>
         <value>0x3a67</value>
         <object_component_ref idref="oc-49c"/>
      </symbol>
      <symbol id="sm-b78">
         <name>__TI_static_base__</name>
         <value>0x0</value>
      </symbol>
      <symbol id="sm-b7b">
         <name>SHT$$INIT_ARRAY$$Limit</name>
         <value>0x0</value>
      </symbol>
      <symbol id="sm-b7c">
         <name>SHT$$INIT_ARRAY$$Base</name>
         <value>0x0</value>
      </symbol>
   </symbol_table>
   <title>Link successful</title>
</link_info>
