<?xml version="1.0"?>
<link_info>
   <banner>TI ARM Linker PC v5.2.2</banner>
   <copyright>Copyright (c) 1996-2015 Texas Instruments Incorporated</copyright>
   <link_time>0x58b48c03</link_time>
   <link_errors>0x0</link_errors>
   <output_file>495.out</output_file>
   <entry_point>
      <name>_c_int00</name>
      <address>0x4501</address>
   </entry_point>
   <input_file_list>
      <input_file id="fl-2">
         <path>.\</path>
         <kind>object</kind>
         <file>495.obj</file>
         <name>495.obj</name>
      </input_file>
      <input_file id="fl-3">
         <path>.\</path>
         <kind>object</kind>
         <file>Kentec320x240x16_ssd2119_SPI.obj</file>
         <name>Kentec320x240x16_ssd2119_SPI.obj</name>
      </input_file>
      <input_file id="fl-4">
         <path>.\</path>
         <kind>object</kind>
         <file>images.obj</file>
         <name>images.obj</name>
      </input_file>
      <input_file id="fl-5">
         <path>.\</path>
         <kind>object</kind>
         <file>tm4c123gh6pm_startup_ccs.obj</file>
         <name>tm4c123gh6pm_startup_ccs.obj</name>
      </input_file>
      <input_file id="fl-6">
         <path>.\</path>
         <kind>object</kind>
         <file>touch.obj</file>
         <name>touch.obj</name>
      </input_file>
      <input_file id="fl-7">
         <path>.\</path>
         <kind>object</kind>
         <file>ustdlib.obj</file>
         <name>ustdlib.obj</name>
      </input_file>
      <input_file id="fl-10">
         <path>C:\ti\TivaWare_C_Series-2.1.1.71\driverlib\ccs\Debug\</path>
         <kind>archive</kind>
         <file>driverlib.lib</file>
         <name>adc.obj</name>
      </input_file>
      <input_file id="fl-11">
         <path>C:\ti\TivaWare_C_Series-2.1.1.71\driverlib\ccs\Debug\</path>
         <kind>archive</kind>
         <file>driverlib.lib</file>
         <name>fpu.obj</name>
      </input_file>
      <input_file id="fl-12">
         <path>C:\ti\TivaWare_C_Series-2.1.1.71\driverlib\ccs\Debug\</path>
         <kind>archive</kind>
         <file>driverlib.lib</file>
         <name>gpio.obj</name>
      </input_file>
      <input_file id="fl-13">
         <path>C:\ti\TivaWare_C_Series-2.1.1.71\driverlib\ccs\Debug\</path>
         <kind>archive</kind>
         <file>driverlib.lib</file>
         <name>i2c.obj</name>
      </input_file>
      <input_file id="fl-14">
         <path>C:\ti\TivaWare_C_Series-2.1.1.71\driverlib\ccs\Debug\</path>
         <kind>archive</kind>
         <file>driverlib.lib</file>
         <name>interrupt.obj</name>
      </input_file>
      <input_file id="fl-15">
         <path>C:\ti\TivaWare_C_Series-2.1.1.71\driverlib\ccs\Debug\</path>
         <kind>archive</kind>
         <file>driverlib.lib</file>
         <name>ssi.obj</name>
      </input_file>
      <input_file id="fl-16">
         <path>C:\ti\TivaWare_C_Series-2.1.1.71\driverlib\ccs\Debug\</path>
         <kind>archive</kind>
         <file>driverlib.lib</file>
         <name>sysctl.obj</name>
      </input_file>
      <input_file id="fl-17">
         <path>C:\ti\TivaWare_C_Series-2.1.1.71\driverlib\ccs\Debug\</path>
         <kind>archive</kind>
         <file>driverlib.lib</file>
         <name>timer.obj</name>
      </input_file>
      <input_file id="fl-18">
         <path>C:\ti\TivaWare_C_Series-2.1.1.71\driverlib\ccs\Debug\</path>
         <kind>archive</kind>
         <file>driverlib.lib</file>
         <name>udma.obj</name>
      </input_file>
      <input_file id="fl-19">
         <path>C:\ti\TivaWare_C_Series-2.1.1.71\driverlib\ccs\Debug\</path>
         <kind>archive</kind>
         <file>driverlib.lib</file>
         <name>cpu.obj</name>
      </input_file>
      <input_file id="fl-1a">
         <path>C:\ti\TivaWare_C_Series-2.1.1.71\grlib\ccs\Debug\</path>
         <kind>archive</kind>
         <file>grlib.lib</file>
         <name>canvas.obj</name>
      </input_file>
      <input_file id="fl-1b">
         <path>C:\ti\TivaWare_C_Series-2.1.1.71\grlib\ccs\Debug\</path>
         <kind>archive</kind>
         <file>grlib.lib</file>
         <name>context.obj</name>
      </input_file>
      <input_file id="fl-1c">
         <path>C:\ti\TivaWare_C_Series-2.1.1.71\grlib\ccs\Debug\</path>
         <kind>archive</kind>
         <file>grlib.lib</file>
         <name>image.obj</name>
      </input_file>
      <input_file id="fl-1d">
         <path>C:\ti\TivaWare_C_Series-2.1.1.71\grlib\ccs\Debug\</path>
         <kind>archive</kind>
         <file>grlib.lib</file>
         <name>pushbutton.obj</name>
      </input_file>
      <input_file id="fl-1e">
         <path>C:\ti\TivaWare_C_Series-2.1.1.71\grlib\ccs\Debug\</path>
         <kind>archive</kind>
         <file>grlib.lib</file>
         <name>rectangle.obj</name>
      </input_file>
      <input_file id="fl-1f">
         <path>C:\ti\TivaWare_C_Series-2.1.1.71\grlib\ccs\Debug\</path>
         <kind>archive</kind>
         <file>grlib.lib</file>
         <name>slider.obj</name>
      </input_file>
      <input_file id="fl-20">
         <path>C:\ti\TivaWare_C_Series-2.1.1.71\grlib\ccs\Debug\</path>
         <kind>archive</kind>
         <file>grlib.lib</file>
         <name>string.obj</name>
      </input_file>
      <input_file id="fl-21">
         <path>C:\ti\TivaWare_C_Series-2.1.1.71\grlib\ccs\Debug\</path>
         <kind>archive</kind>
         <file>grlib.lib</file>
         <name>widget.obj</name>
      </input_file>
      <input_file id="fl-22">
         <path>C:\ti\TivaWare_C_Series-2.1.1.71\grlib\ccs\Debug\</path>
         <kind>archive</kind>
         <file>grlib.lib</file>
         <name>fontcm14.obj</name>
      </input_file>
      <input_file id="fl-23">
         <path>C:\ti\TivaWare_C_Series-2.1.1.71\grlib\ccs\Debug\</path>
         <kind>archive</kind>
         <file>grlib.lib</file>
         <name>fontcm18.obj</name>
      </input_file>
      <input_file id="fl-24">
         <path>C:\ti\TivaWare_C_Series-2.1.1.71\grlib\ccs\Debug\</path>
         <kind>archive</kind>
         <file>grlib.lib</file>
         <name>fontcm20.obj</name>
      </input_file>
      <input_file id="fl-25">
         <path>C:\ti\TivaWare_C_Series-2.1.1.71\grlib\ccs\Debug\</path>
         <kind>archive</kind>
         <file>grlib.lib</file>
         <name>charmap.obj</name>
      </input_file>
      <input_file id="fl-26">
         <path>C:\ti\TivaWare_C_Series-2.1.1.71\grlib\ccs\Debug\</path>
         <kind>archive</kind>
         <file>grlib.lib</file>
         <name>circle.obj</name>
      </input_file>
      <input_file id="fl-27">
         <path>C:\ti\TivaWare_C_Series-2.1.1.71\grlib\ccs\Debug\</path>
         <kind>archive</kind>
         <file>grlib.lib</file>
         <name>line.obj</name>
      </input_file>
      <input_file id="fl-149">
         <path>C:\ti\ccsv6\tools\compiler\ti-cgt-arm_5.2.2\lib\</path>
         <kind>archive</kind>
         <file>rtsv7M4_T_le_v4SPD16_eabi.lib</file>
         <name>boot.obj</name>
      </input_file>
      <input_file id="fl-14a">
         <path>C:\ti\ccsv6\tools\compiler\ti-cgt-arm_5.2.2\lib\</path>
         <kind>archive</kind>
         <file>rtsv7M4_T_le_v4SPD16_eabi.lib</file>
         <name>copy_decompress_none.obj</name>
      </input_file>
      <input_file id="fl-14b">
         <path>C:\ti\ccsv6\tools\compiler\ti-cgt-arm_5.2.2\lib\</path>
         <kind>archive</kind>
         <file>rtsv7M4_T_le_v4SPD16_eabi.lib</file>
         <name>copy_decompress_rle.obj</name>
      </input_file>
      <input_file id="fl-14c">
         <path>C:\ti\ccsv6\tools\compiler\ti-cgt-arm_5.2.2\lib\</path>
         <kind>archive</kind>
         <file>rtsv7M4_T_le_v4SPD16_eabi.lib</file>
         <name>copy_zero_init.obj</name>
      </input_file>
      <input_file id="fl-14d">
         <path>C:\ti\ccsv6\tools\compiler\ti-cgt-arm_5.2.2\lib\</path>
         <kind>archive</kind>
         <file>rtsv7M4_T_le_v4SPD16_eabi.lib</file>
         <name>exit.obj</name>
      </input_file>
      <input_file id="fl-14e">
         <path>C:\ti\ccsv6\tools\compiler\ti-cgt-arm_5.2.2\lib\</path>
         <kind>archive</kind>
         <file>rtsv7M4_T_le_v4SPD16_eabi.lib</file>
         <name>fd_add_t2.obj</name>
      </input_file>
      <input_file id="fl-14f">
         <path>C:\ti\ccsv6\tools\compiler\ti-cgt-arm_5.2.2\lib\</path>
         <kind>archive</kind>
         <file>rtsv7M4_T_le_v4SPD16_eabi.lib</file>
         <name>fd_cmp_t2.obj</name>
      </input_file>
      <input_file id="fl-150">
         <path>C:\ti\ccsv6\tools\compiler\ti-cgt-arm_5.2.2\lib\</path>
         <kind>archive</kind>
         <file>rtsv7M4_T_le_v4SPD16_eabi.lib</file>
         <name>fd_div_t2.obj</name>
      </input_file>
      <input_file id="fl-151">
         <path>C:\ti\ccsv6\tools\compiler\ti-cgt-arm_5.2.2\lib\</path>
         <kind>archive</kind>
         <file>rtsv7M4_T_le_v4SPD16_eabi.lib</file>
         <name>fd_mul_t2.obj</name>
      </input_file>
      <input_file id="fl-152">
         <path>C:\ti\ccsv6\tools\compiler\ti-cgt-arm_5.2.2\lib\</path>
         <kind>archive</kind>
         <file>rtsv7M4_T_le_v4SPD16_eabi.lib</file>
         <name>fd_toi_t2.obj</name>
      </input_file>
      <input_file id="fl-153">
         <path>C:\ti\ccsv6\tools\compiler\ti-cgt-arm_5.2.2\lib\</path>
         <kind>archive</kind>
         <file>rtsv7M4_T_le_v4SPD16_eabi.lib</file>
         <name>i_tofd_t2.obj</name>
      </input_file>
      <input_file id="fl-154">
         <path>C:\ti\ccsv6\tools\compiler\ti-cgt-arm_5.2.2\lib\</path>
         <kind>archive</kind>
         <file>rtsv7M4_T_le_v4SPD16_eabi.lib</file>
         <name>log10.obj</name>
      </input_file>
      <input_file id="fl-155">
         <path>C:\ti\ccsv6\tools\compiler\ti-cgt-arm_5.2.2\lib\</path>
         <kind>archive</kind>
         <file>rtsv7M4_T_le_v4SPD16_eabi.lib</file>
         <name>memcpy_t2.obj</name>
      </input_file>
      <input_file id="fl-156">
         <path>C:\ti\ccsv6\tools\compiler\ti-cgt-arm_5.2.2\lib\</path>
         <kind>archive</kind>
         <file>rtsv7M4_T_le_v4SPD16_eabi.lib</file>
         <name>memset_t2.obj</name>
      </input_file>
      <input_file id="fl-157">
         <path>C:\ti\ccsv6\tools\compiler\ti-cgt-arm_5.2.2\lib\</path>
         <kind>archive</kind>
         <file>rtsv7M4_T_le_v4SPD16_eabi.lib</file>
         <name>pre_init.obj</name>
      </input_file>
      <input_file id="fl-158">
         <path>C:\ti\ccsv6\tools\compiler\ti-cgt-arm_5.2.2\lib\</path>
         <kind>archive</kind>
         <file>rtsv7M4_T_le_v4SPD16_eabi.lib</file>
         <name>stkdepth_vars.obj</name>
      </input_file>
      <input_file id="fl-159">
         <path>C:\ti\ccsv6\tools\compiler\ti-cgt-arm_5.2.2\lib\</path>
         <kind>archive</kind>
         <file>rtsv7M4_T_le_v4SPD16_eabi.lib</file>
         <name>u_divt2.obj</name>
      </input_file>
      <input_file id="fl-15a">
         <path>C:\ti\ccsv6\tools\compiler\ti-cgt-arm_5.2.2\lib\</path>
         <kind>archive</kind>
         <file>rtsv7M4_T_le_v4SPD16_eabi.lib</file>
         <name>u_tofd_t2.obj</name>
      </input_file>
      <input_file id="fl-15b">
         <path>C:\ti\ccsv6\tools\compiler\ti-cgt-arm_5.2.2\lib\</path>
         <kind>archive</kind>
         <file>rtsv7M4_T_le_v4SPD16_eabi.lib</file>
         <name>xlog.obj</name>
      </input_file>
      <input_file id="fl-15c">
         <path>C:\ti\ccsv6\tools\compiler\ti-cgt-arm_5.2.2\lib\</path>
         <kind>archive</kind>
         <file>rtsv7M4_T_le_v4SPD16_eabi.lib</file>
         <name>xvalues.obj</name>
      </input_file>
      <input_file id="fl-15d">
         <path>C:\ti\ccsv6\tools\compiler\ti-cgt-arm_5.2.2\lib\</path>
         <kind>archive</kind>
         <file>rtsv7M4_T_le_v4SPD16_eabi.lib</file>
         <name>_lock.obj</name>
      </input_file>
      <input_file id="fl-15e">
         <path>C:\ti\ccsv6\tools\compiler\ti-cgt-arm_5.2.2\lib\</path>
         <kind>archive</kind>
         <file>rtsv7M4_T_le_v4SPD16_eabi.lib</file>
         <name>args_main.obj</name>
      </input_file>
      <input_file id="fl-15f">
         <path>C:\ti\ccsv6\tools\compiler\ti-cgt-arm_5.2.2\lib\</path>
         <kind>archive</kind>
         <file>rtsv7M4_T_le_v4SPD16_eabi.lib</file>
         <name>autoinit.obj</name>
      </input_file>
      <input_file id="fl-160">
         <path>C:\ti\ccsv6\tools\compiler\ti-cgt-arm_5.2.2\lib\</path>
         <kind>archive</kind>
         <file>rtsv7M4_T_le_v4SPD16_eabi.lib</file>
         <name>cpy_tbl.obj</name>
      </input_file>
      <input_file id="fl-161">
         <path>C:\ti\ccsv6\tools\compiler\ti-cgt-arm_5.2.2\lib\</path>
         <kind>archive</kind>
         <file>rtsv7M4_T_le_v4SPD16_eabi.lib</file>
         <name>fs_tod_t2.obj</name>
      </input_file>
      <input_file id="fl-162">
         <path>C:\ti\ccsv6\tools\compiler\ti-cgt-arm_5.2.2\lib\</path>
         <kind>archive</kind>
         <file>rtsv7M4_T_le_v4SPD16_eabi.lib</file>
         <name>xdunscal.obj</name>
      </input_file>
      <input_file id="fl-163">
         <path>C:\ti\ccsv6\tools\compiler\ti-cgt-arm_5.2.2\lib\</path>
         <kind>archive</kind>
         <file>rtsv7M4_T_le_v4SPD16_eabi.lib</file>
         <name>xferaise.obj</name>
      </input_file>
      <input_file id="fl-164">
         <path>C:\ti\ccsv6\tools\compiler\ti-cgt-arm_5.2.2\lib\</path>
         <kind>archive</kind>
         <file>rtsv7M4_T_le_v4SPD16_eabi.lib</file>
         <name>xfvalues.obj</name>
      </input_file>
      <input_file id="fl-165">
         <path>C:\ti\ccsv6\tools\compiler\ti-cgt-arm_5.2.2\lib\</path>
         <kind>archive</kind>
         <file>rtsv7M4_T_le_v4SPD16_eabi.lib</file>
         <name>errno.obj</name>
      </input_file>
      <input_file id="fl-166">
         <path>C:\ti\ccsv6\tools\compiler\ti-cgt-arm_5.2.2\lib\</path>
         <kind>archive</kind>
         <file>rtsv7M4_T_le_v4SPD16_eabi.lib</file>
         <name>feraiseexcept.obj</name>
      </input_file>
      <input_file id="fl-167">
         <path>C:\ti\ccsv6\tools\compiler\ti-cgt-arm_5.2.2\lib\</path>
         <kind>archive</kind>
         <file>rtsv7M4_T_le_v4SPD16_eabi.lib</file>
         <name>raise.obj</name>
      </input_file>
      <input_file id="fl-168">
         <path>C:\ti\ccsv6\tools\compiler\ti-cgt-arm_5.2.2\lib\</path>
         <kind>archive</kind>
         <file>rtsv7M4_T_le_v4SPD16_eabi.lib</file>
         <name>signal.obj</name>
      </input_file>
      <input_file id="fl-169">
         <path>C:\ti\ccsv6\tools\compiler\ti-cgt-arm_5.2.2\lib\</path>
         <kind>archive</kind>
         <file>rtsv7M4_T_le_v4SPD16_eabi.lib</file>
         <name>xdnorm.obj</name>
      </input_file>
   </input_file_list>
   <object_component_list>
      <object_component id="oc-f">
         <name>.intvecs</name>
         <load_address>0x0</load_address>
         <run_address>0x0</run_address>
         <size>0x26c</size>
         <input_file_ref idref="fl-5"/>
      </object_component>
      <object_component id="oc-103">
         <name>.text</name>
         <load_address>0x26c</load_address>
         <run_address>0x26c</run_address>
         <size>0xabc</size>
         <input_file_ref idref="fl-2"/>
      </object_component>
      <object_component id="oc-218">
         <name>.text</name>
         <load_address>0xd28</load_address>
         <run_address>0xd28</run_address>
         <size>0x704</size>
         <input_file_ref idref="fl-3"/>
      </object_component>
      <object_component id="oc-188">
         <name>.text</name>
         <load_address>0x142c</load_address>
         <run_address>0x142c</run_address>
         <size>0x6dc</size>
         <input_file_ref idref="fl-7"/>
      </object_component>
      <object_component id="oc-515">
         <name>.text:InternalImageDraw</name>
         <load_address>0x1b08</load_address>
         <run_address>0x1b08</run_address>
         <size>0x370</size>
         <input_file_ref idref="fl-1c"/>
      </object_component>
      <object_component id="oc-30">
         <name>.text</name>
         <load_address>0x1e78</load_address>
         <run_address>0x1e78</run_address>
         <size>0x308</size>
         <input_file_ref idref="fl-6"/>
      </object_component>
      <object_component id="oc-2bb">
         <name>.text</name>
         <load_address>0x2180</load_address>
         <run_address>0x2180</run_address>
         <size>0x2ec</size>
         <input_file_ref idref="fl-15b"/>
      </object_component>
      <object_component id="oc-542">
         <name>.text:PixelTransparentDraw</name>
         <load_address>0x246c</load_address>
         <run_address>0x246c</run_address>
         <size>0x2e4</size>
         <input_file_ref idref="fl-1c"/>
      </object_component>
      <object_component id="oc-428">
         <name>.text:SliderPaint</name>
         <load_address>0x2750</load_address>
         <run_address>0x2750</run_address>
         <size>0x2c4</size>
         <input_file_ref idref="fl-1f"/>
      </object_component>
      <object_component id="oc-475">
         <name>.text:GrFontGlyphRender</name>
         <load_address>0x2a14</load_address>
         <run_address>0x2a14</run_address>
         <size>0x256</size>
         <input_file_ref idref="fl-20"/>
      </object_component>
      <object_component id="oc-16e">
         <name>.text</name>
         <load_address>0x2c6a</load_address>
         <run_address>0x2c6a</run_address>
         <size>0x1b6</size>
         <input_file_ref idref="fl-14e"/>
      </object_component>
      <object_component id="oc-412">
         <name>.text:CanvasPaint</name>
         <load_address>0x2e20</load_address>
         <run_address>0x2e20</run_address>
         <size>0x194</size>
         <input_file_ref idref="fl-1a"/>
      </object_component>
      <object_component id="oc-41a">
         <name>.text:RectangularButtonPaint</name>
         <load_address>0x2fb4</load_address>
         <run_address>0x2fb4</run_address>
         <size>0x176</size>
         <input_file_ref idref="fl-1d"/>
      </object_component>
      <object_component id="oc-164">
         <name>.text</name>
         <load_address>0x312a</load_address>
         <run_address>0x312a</run_address>
         <size>0x136</size>
         <input_file_ref idref="fl-150"/>
      </object_component>
      <object_component id="oc-124">
         <name>.text:GPIOPadConfigSet</name>
         <load_address>0x3260</load_address>
         <run_address>0x3260</run_address>
         <size>0x130</size>
         <input_file_ref idref="fl-12"/>
      </object_component>
      <object_component id="oc-b7">
         <name>.text:SysCtlClockGet</name>
         <load_address>0x3390</load_address>
         <run_address>0x3390</run_address>
         <size>0x10c</size>
         <input_file_ref idref="fl-16"/>
      </object_component>
      <object_component id="oc-169">
         <name>.text</name>
         <load_address>0x349c</load_address>
         <run_address>0x349c</run_address>
         <size>0xfc</size>
         <input_file_ref idref="fl-151"/>
      </object_component>
      <object_component id="oc-420">
         <name>.text:RectangularButtonClick</name>
         <load_address>0x3598</load_address>
         <run_address>0x3598</run_address>
         <size>0xf2</size>
         <input_file_ref idref="fl-1d"/>
      </object_component>
      <object_component id="oc-212">
         <name>.text:SysCtlClockSet</name>
         <load_address>0x368c</load_address>
         <run_address>0x368c</run_address>
         <size>0xf0</size>
         <input_file_ref idref="fl-16"/>
      </object_component>
      <object_component id="oc-18e">
         <name>.text:WidgetMessageQueueAdd</name>
         <load_address>0x377c</load_address>
         <run_address>0x377c</run_address>
         <size>0xe8</size>
         <input_file_ref idref="fl-21"/>
      </object_component>
      <object_component id="oc-42e">
         <name>.text:SliderClick</name>
         <load_address>0x3864</load_address>
         <run_address>0x3864</run_address>
         <size>0xd2</size>
         <input_file_ref idref="fl-1f"/>
      </object_component>
      <object_component id="oc-38f">
         <name>.text:GrDefaultStringRenderer</name>
         <load_address>0x3936</load_address>
         <run_address>0x3936</run_address>
         <size>0xc4</size>
         <input_file_ref idref="fl-20"/>
      </object_component>
      <object_component id="oc-49c">
         <name>.text</name>
         <load_address>0x39fa</load_address>
         <run_address>0x39fa</run_address>
         <size>0xbe</size>
         <input_file_ref idref="fl-169"/>
      </object_component>
      <object_component id="oc-3c6">
         <name>.text:WidgetMessageSendPostOrder</name>
         <load_address>0x3ab8</load_address>
         <run_address>0x3ab8</run_address>
         <size>0xb4</size>
         <input_file_ref idref="fl-21"/>
      </object_component>
      <object_component id="oc-4db">
         <name>.text:SliderValueToPosition</name>
         <load_address>0x3b6c</load_address>
         <run_address>0x3b6c</run_address>
         <size>0xb0</size>
         <input_file_ref idref="fl-1f"/>
      </object_component>
      <object_component id="oc-39">
         <name>.text</name>
         <load_address>0x3c1c</load_address>
         <run_address>0x3c1c</run_address>
         <size>0x9c</size>
         <input_file_ref idref="fl-155"/>
      </object_component>
      <object_component id="oc-4d5">
         <name>.text:GrRectIntersectGet</name>
         <load_address>0x3cb8</load_address>
         <run_address>0x3cb8</run_address>
         <size>0x8a</size>
         <input_file_ref idref="fl-1e"/>
      </object_component>
      <object_component id="oc-1eb">
         <name>.text:GrRectFill</name>
         <load_address>0x3d42</load_address>
         <run_address>0x3d42</run_address>
         <size>0x86</size>
         <input_file_ref idref="fl-1e"/>
      </object_component>
      <object_component id="oc-17e">
         <name>.text:__aeabi_cdcmple</name>
         <load_address>0x3dc8</load_address>
         <run_address>0x3dc8</run_address>
         <size>0x86</size>
         <input_file_ref idref="fl-14f"/>
      </object_component>
      <object_component id="oc-8d">
         <name>.text:ADCSequenceStepConfigure</name>
         <load_address>0x3e4e</load_address>
         <run_address>0x3e4e</run_address>
         <size>0x7a</size>
         <input_file_ref idref="fl-10"/>
      </object_component>
      <object_component id="oc-52">
         <name>.text</name>
         <load_address>0x3ec8</load_address>
         <run_address>0x3ec8</run_address>
         <size>0x7a</size>
         <input_file_ref idref="fl-156"/>
      </object_component>
      <object_component id="oc-64">
         <name>.text</name>
         <load_address>0x3f44</load_address>
         <run_address>0x3f44</run_address>
         <size>0x6c</size>
         <input_file_ref idref="fl-15f"/>
      </object_component>
      <object_component id="oc-1f7">
         <name>.text:GrStringWidthGet</name>
         <load_address>0x3fb0</load_address>
         <run_address>0x3fb0</run_address>
         <size>0x6a</size>
         <input_file_ref idref="fl-20"/>
      </object_component>
      <object_component id="oc-45">
         <name>.text</name>
         <load_address>0x401a</load_address>
         <run_address>0x401a</run_address>
         <size>0x6a</size>
         <input_file_ref idref="fl-14b"/>
      </object_component>
      <object_component id="oc-21e">
         <name>.text:GrContextInit</name>
         <load_address>0x4084</load_address>
         <run_address>0x4084</run_address>
         <size>0x68</size>
         <input_file_ref idref="fl-1b"/>
      </object_component>
      <object_component id="oc-9f">
         <name>.text:IntEnable</name>
         <load_address>0x40ec</load_address>
         <run_address>0x40ec</run_address>
         <size>0x68</size>
         <input_file_ref idref="fl-14"/>
      </object_component>
      <object_component id="oc-1f1">
         <name>.text:GrRectDraw</name>
         <load_address>0x4154</load_address>
         <run_address>0x4154</run_address>
         <size>0x66</size>
         <input_file_ref idref="fl-1e"/>
      </object_component>
      <object_component id="oc-3e0">
         <name>.text</name>
         <load_address>0x41ba</load_address>
         <run_address>0x41ba</run_address>
         <size>0x66</size>
         <input_file_ref idref="fl-162"/>
      </object_component>
      <object_component id="oc-270">
         <name>.text:WidgetMessageQueueProcess</name>
         <load_address>0x4220</load_address>
         <run_address>0x4220</run_address>
         <size>0x64</size>
         <input_file_ref idref="fl-21"/>
      </object_component>
      <object_component id="oc-4bc">
         <name>.text:GrContextClipRegionSet</name>
         <load_address>0x4284</load_address>
         <run_address>0x4284</run_address>
         <size>0x62</size>
         <input_file_ref idref="fl-1b"/>
      </object_component>
      <object_component id="oc-b1">
         <name>.text:TimerConfigure</name>
         <load_address>0x42e8</load_address>
         <run_address>0x42e8</run_address>
         <size>0x60</size>
         <input_file_ref idref="fl-17"/>
      </object_component>
      <object_component id="oc-3c0">
         <name>.text:WidgetMessageSendPreOrder</name>
         <load_address>0x4348</load_address>
         <run_address>0x4348</run_address>
         <size>0x5c</size>
         <input_file_ref idref="fl-21"/>
      </object_component>
      <object_component id="oc-453">
         <name>.text:FontWideGlyphDataGet</name>
         <load_address>0x43a4</load_address>
         <run_address>0x43a4</run_address>
         <size>0x5a</size>
         <input_file_ref idref="fl-20"/>
      </object_component>
      <object_component id="oc-4e2">
         <name>.text:SliderPositionToValue</name>
         <load_address>0x43fe</load_address>
         <run_address>0x43fe</run_address>
         <size>0x58</size>
         <input_file_ref idref="fl-1f"/>
      </object_component>
      <object_component id="oc-c3">
         <name>.text:TimerControlTrigger</name>
         <load_address>0x4458</load_address>
         <run_address>0x4458</run_address>
         <size>0x58</size>
         <input_file_ref idref="fl-17"/>
      </object_component>
      <object_component id="oc-231">
         <name>.text:SysCtlPeripheralReset</name>
         <load_address>0x44b0</load_address>
         <run_address>0x44b0</run_address>
         <size>0x50</size>
         <input_file_ref idref="fl-16"/>
      </object_component>
      <object_component id="oc-24">
         <name>.text</name>
         <load_address>0x4500</load_address>
         <run_address>0x4500</run_address>
         <size>0x50</size>
         <input_file_ref idref="fl-149"/>
      </object_component>
      <object_component id="oc-1c7">
         <name>.text:WidgetRemove</name>
         <load_address>0x4550</load_address>
         <run_address>0x4550</run_address>
         <size>0x4c</size>
         <input_file_ref idref="fl-21"/>
      </object_component>
      <object_component id="oc-3b1">
         <name>.text:_TimerIntNumberGet</name>
         <load_address>0x459c</load_address>
         <run_address>0x459c</run_address>
         <size>0x4c</size>
         <input_file_ref idref="fl-17"/>
      </object_component>
      <object_component id="oc-fb">
         <name>.text</name>
         <load_address>0x45e8</load_address>
         <run_address>0x45e8</run_address>
         <size>0x4c</size>
         <input_file_ref idref="fl-160"/>
      </object_component>
      <object_component id="oc-32e">
         <name>.text:UpdateContextCharMapping</name>
         <load_address>0x4634</load_address>
         <run_address>0x4634</run_address>
         <size>0x4a</size>
         <input_file_ref idref="fl-20"/>
      </object_component>
      <object_component id="oc-23d">
         <name>.text:GPIOPinConfigure</name>
         <load_address>0x4680</load_address>
         <run_address>0x4680</run_address>
         <size>0x48</size>
         <input_file_ref idref="fl-12"/>
      </object_component>
      <object_component id="oc-258">
         <name>.text:I2CMasterInitExpClk</name>
         <load_address>0x46c8</load_address>
         <run_address>0x46c8</run_address>
         <size>0x48</size>
         <input_file_ref idref="fl-13"/>
      </object_component>
      <object_component id="oc-179">
         <name>.text</name>
         <load_address>0x4710</load_address>
         <run_address>0x4710</run_address>
         <size>0x48</size>
         <input_file_ref idref="fl-152"/>
      </object_component>
      <object_component id="oc-33b">
         <name>.text:GrLineDrawH</name>
         <load_address>0x4758</load_address>
         <run_address>0x4758</run_address>
         <size>0x46</size>
         <input_file_ref idref="fl-27"/>
      </object_component>
      <object_component id="oc-341">
         <name>.text:GrLineDrawV</name>
         <load_address>0x479e</load_address>
         <run_address>0x479e</run_address>
         <size>0x46</size>
         <input_file_ref idref="fl-27"/>
      </object_component>
      <object_component id="oc-70">
         <name>.text</name>
         <load_address>0x47e4</load_address>
         <run_address>0x47e4</run_address>
         <size>0x44</size>
         <input_file_ref idref="fl-14d"/>
      </object_component>
      <object_component id="oc-2c6">
         <name>.text</name>
         <load_address>0x4828</load_address>
         <run_address>0x4828</run_address>
         <size>0x42</size>
         <input_file_ref idref="fl-159"/>
      </object_component>
      <object_component id="oc-531">
         <name>.text</name>
         <load_address>0x486c</load_address>
         <run_address>0x486c</run_address>
         <size>0x40</size>
         <input_file_ref idref="fl-168"/>
      </object_component>
      <object_component id="oc-87">
         <name>.text:ADCSequenceConfigure</name>
         <load_address>0x48ac</load_address>
         <run_address>0x48ac</run_address>
         <size>0x3e</size>
         <input_file_ref idref="fl-10"/>
      </object_component>
      <object_component id="oc-380">
         <name>.text:SSIConfigSetExpClk</name>
         <load_address>0x48ea</load_address>
         <run_address>0x48ea</run_address>
         <size>0x3c</size>
         <input_file_ref idref="fl-15"/>
      </object_component>
      <object_component id="oc-459">
         <name>.text:FontGlyphDataGet</name>
         <load_address>0x4926</load_address>
         <run_address>0x4926</run_address>
         <size>0x3a</size>
         <input_file_ref idref="fl-20"/>
      </object_component>
      <object_component id="oc-51f">
         <name>.text:GrRectOverlapCheck</name>
         <load_address>0x4960</load_address>
         <run_address>0x4960</run_address>
         <size>0x38</size>
         <input_file_ref idref="fl-1e"/>
      </object_component>
      <object_component id="oc-237">
         <name>.text:SysCtlPeripheralReady</name>
         <load_address>0x4998</load_address>
         <run_address>0x4998</run_address>
         <size>0x38</size>
         <input_file_ref idref="fl-16"/>
      </object_component>
      <object_component id="oc-3ec">
         <name>.text</name>
         <load_address>0x49d0</load_address>
         <run_address>0x49d0</run_address>
         <size>0x38</size>
         <input_file_ref idref="fl-161"/>
      </object_component>
      <object_component id="oc-3b7">
         <name>.text:IntRegister</name>
         <load_address>0x4a08</load_address>
         <run_address>0x4a08</run_address>
         <size>0x34</size>
         <input_file_ref idref="fl-14"/>
      </object_component>
      <object_component id="oc-7b">
         <name>.text:SysCtlPeripheralEnable</name>
         <load_address>0x4a3c</load_address>
         <run_address>0x4a3c</run_address>
         <size>0x34</size>
         <input_file_ref idref="fl-16"/>
      </object_component>
      <object_component id="oc-4a4">
         <name>.text</name>
         <load_address>0x4a70</load_address>
         <run_address>0x4a70</run_address>
         <size>0x34</size>
         <input_file_ref idref="fl-166"/>
      </object_component>
      <object_component id="oc-3e6">
         <name>.text</name>
         <load_address>0x4aa4</load_address>
         <run_address>0x4aa4</run_address>
         <size>0x30</size>
         <input_file_ref idref="fl-163"/>
      </object_component>
      <object_component id="oc-348">
         <name>.text:GrStringNextCharGet</name>
         <load_address>0x4ad4</load_address>
         <run_address>0x4ad4</run_address>
         <size>0x2e</size>
         <input_file_ref idref="fl-20"/>
      </object_component>
      <object_component id="oc-183">
         <name>.text</name>
         <load_address>0x4b02</load_address>
         <run_address>0x4b02</run_address>
         <size>0x2e</size>
         <input_file_ref idref="fl-153"/>
      </object_component>
      <object_component id="oc-508">
         <name>.text</name>
         <load_address>0x4b30</load_address>
         <run_address>0x4b30</run_address>
         <size>0x2e</size>
         <input_file_ref idref="fl-167"/>
      </object_component>
      <object_component id="oc-1fd">
         <name>.text:GrFontBaselineGet</name>
         <load_address>0x4b5e</load_address>
         <run_address>0x4b5e</run_address>
         <size>0x2c</size>
         <input_file_ref idref="fl-20"/>
      </object_component>
      <object_component id="oc-4c8">
         <name>.text:GrFontHeightGet</name>
         <load_address>0x4b8a</load_address>
         <run_address>0x4b8a</run_address>
         <size>0x2c</size>
         <input_file_ref idref="fl-20"/>
      </object_component>
      <object_component id="oc-300">
         <name>.text:SliderMsgProc</name>
         <load_address>0x4bb6</load_address>
         <run_address>0x4bb6</run_address>
         <size>0x2c</size>
         <input_file_ref idref="fl-1f"/>
      </object_component>
      <object_component id="oc-12a">
         <name>.text:GPIODirModeSet</name>
         <load_address>0x4be2</load_address>
         <run_address>0x4be2</run_address>
         <size>0x2a</size>
         <input_file_ref idref="fl-12"/>
      </object_component>
      <object_component id="oc-325">
         <name>.text:WidgetIsInTree</name>
         <load_address>0x4c0c</load_address>
         <run_address>0x4c0c</run_address>
         <size>0x2a</size>
         <input_file_ref idref="fl-21"/>
      </object_component>
      <object_component id="oc-2fa">
         <name>.text:RectangularButtonMsgProc</name>
         <load_address>0x4c36</load_address>
         <run_address>0x4c36</run_address>
         <size>0x28</size>
         <input_file_ref idref="fl-1d"/>
      </object_component>
      <object_component id="oc-354">
         <name>.text:GrFontInfoGet</name>
         <load_address>0x4c5e</load_address>
         <run_address>0x4c5e</run_address>
         <size>0x26</size>
         <input_file_ref idref="fl-20"/>
      </object_component>
      <object_component id="oc-1e5">
         <name>.text:WidgetAdd</name>
         <load_address>0x4c84</load_address>
         <run_address>0x4c84</run_address>
         <size>0x24</size>
         <input_file_ref idref="fl-21"/>
      </object_component>
      <object_component id="oc-34e">
         <name>.text:GrFontGlyphDataGet</name>
         <load_address>0x4ca8</load_address>
         <run_address>0x4ca8</run_address>
         <size>0x22</size>
         <input_file_ref idref="fl-20"/>
      </object_component>
      <object_component id="oc-15f">
         <name>.text</name>
         <load_address>0x4cca</load_address>
         <run_address>0x4cca</run_address>
         <size>0x20</size>
         <input_file_ref idref="fl-15a"/>
      </object_component>
      <object_component id="oc-1a0">
         <name>.text:ADCSequenceDataGet</name>
         <load_address>0x4cea</load_address>
         <run_address>0x4cea</run_address>
         <size>0x1e</size>
         <input_file_ref idref="fl-10"/>
      </object_component>
      <object_component id="oc-444">
         <name>.text:GrFontCodepageGet</name>
         <load_address>0x4d08</load_address>
         <run_address>0x4d08</run_address>
         <size>0x1e</size>
         <input_file_ref idref="fl-20"/>
      </object_component>
      <object_component id="oc-27c">
         <name>.text:WidgetPointerMessage</name>
         <load_address>0x4d28</load_address>
         <run_address>0x4d28</run_address>
         <size>0x1c</size>
         <input_file_ref idref="fl-21"/>
      </object_component>
      <object_component id="oc-173">
         <name>.text</name>
         <load_address>0x4d44</load_address>
         <run_address>0x4d44</run_address>
         <size>0x1a</size>
         <input_file_ref idref="fl-154"/>
      </object_component>
      <object_component id="oc-194">
         <name>.text:ADCProcessorTrigger</name>
         <load_address>0x4d5e</load_address>
         <run_address>0x4d5e</run_address>
         <size>0x18</size>
         <input_file_ref idref="fl-10"/>
      </object_component>
      <object_component id="oc-a5">
         <name>.text:GPIOPinTypeGPIOOutput</name>
         <load_address>0x4d76</load_address>
         <run_address>0x4d76</run_address>
         <size>0x18</size>
         <input_file_ref idref="fl-12"/>
      </object_component>
      <object_component id="oc-25e">
         <name>.text:TimerIntRegister</name>
         <load_address>0x4d8e</load_address>
         <run_address>0x4d8e</run_address>
         <size>0x18</size>
         <input_file_ref idref="fl-17"/>
      </object_component>
      <object_component id="oc-6a">
         <name>.text</name>
         <load_address>0x4da8</load_address>
         <run_address>0x4da8</run_address>
         <size>0x18</size>
         <input_file_ref idref="fl-15e"/>
      </object_component>
      <object_component id="oc-1df">
         <name>.text:GrStringDraw</name>
         <load_address>0x4dc0</load_address>
         <run_address>0x4dc0</run_address>
         <size>0x16</size>
         <input_file_ref idref="fl-20"/>
      </object_component>
      <object_component id="oc-2f4">
         <name>.text:CanvasMsgProc</name>
         <load_address>0x4dd6</load_address>
         <run_address>0x4dd6</run_address>
         <size>0x14</size>
         <input_file_ref idref="fl-1a"/>
      </object_component>
      <object_component id="oc-2de">
         <name>.text:WidgetMutexGet</name>
         <load_address>0x4dea</load_address>
         <run_address>0x4dea</run_address>
         <size>0x14</size>
         <input_file_ref idref="fl-21"/>
      </object_component>
      <object_component id="oc-28d">
         <name>.text</name>
         <load_address>0x4e00</load_address>
         <run_address>0x4e00</run_address>
         <size>0x14</size>
         <input_file_ref idref="fl-15d"/>
      </object_component>
      <object_component id="oc-81">
         <name>.text:ADCHardwareOversampleConfigure</name>
         <load_address>0x4e14</load_address>
         <run_address>0x4e14</run_address>
         <size>0x12</size>
         <input_file_ref idref="fl-10"/>
      </object_component>
      <object_component id="oc-264">
         <name>.text:GPIOPinTypeADC</name>
         <load_address>0x4e26</load_address>
         <run_address>0x4e26</run_address>
         <size>0x12</size>
         <input_file_ref idref="fl-12"/>
      </object_component>
      <object_component id="oc-249">
         <name>.text:GPIOPinTypeI2C</name>
         <load_address>0x4e38</load_address>
         <run_address>0x4e38</run_address>
         <size>0x12</size>
         <input_file_ref idref="fl-12"/>
      </object_component>
      <object_component id="oc-243">
         <name>.text:GPIOPinTypeI2CSCL</name>
         <load_address>0x4e4a</load_address>
         <run_address>0x4e4a</run_address>
         <size>0x12</size>
         <input_file_ref idref="fl-12"/>
      </object_component>
      <object_component id="oc-374">
         <name>.text:GPIOPinTypeSSI</name>
         <load_address>0x4e5c</load_address>
         <run_address>0x4e5c</run_address>
         <size>0x12</size>
         <input_file_ref idref="fl-12"/>
      </object_component>
      <object_component id="oc-bd">
         <name>.text:TimerLoadSet</name>
         <load_address>0x4e6e</load_address>
         <run_address>0x4e6e</run_address>
         <size>0x12</size>
         <input_file_ref idref="fl-17"/>
      </object_component>
      <object_component id="oc-99">
         <name>.text:ADCIntEnable</name>
         <load_address>0x4e80</load_address>
         <run_address>0x4e80</run_address>
         <size>0x10</size>
         <input_file_ref idref="fl-10"/>
      </object_component>
      <object_component id="oc-206">
         <name>.text:FPUEnable</name>
         <load_address>0x4e90</load_address>
         <run_address>0x4e90</run_address>
         <size>0x10</size>
         <input_file_ref idref="fl-11"/>
      </object_component>
      <object_component id="oc-20c">
         <name>.text:FPULazyStackingEnable</name>
         <load_address>0x4ea0</load_address>
         <run_address>0x4ea0</run_address>
         <size>0x10</size>
         <input_file_ref idref="fl-11"/>
      </object_component>
      <object_component id="oc-22b">
         <name>.text:uDMAEnable</name>
         <load_address>0x4eb0</load_address>
         <run_address>0x4eb0</run_address>
         <size>0x10</size>
         <input_file_ref idref="fl-18"/>
      </object_component>
      <object_component id="oc-26a">
         <name>.text:ADCSequenceDisable</name>
         <load_address>0x4ec0</load_address>
         <run_address>0x4ec0</run_address>
         <size>0xe</size>
         <input_file_ref idref="fl-10"/>
      </object_component>
      <object_component id="oc-93">
         <name>.text:ADCSequenceEnable</name>
         <load_address>0x4ece</load_address>
         <run_address>0x4ece</run_address>
         <size>0xe</size>
         <input_file_ref idref="fl-10"/>
      </object_component>
      <object_component id="oc-4c2">
         <name>.text:GrImageDraw</name>
         <load_address>0x4edc</load_address>
         <run_address>0x4edc</run_address>
         <size>0xe</size>
         <input_file_ref idref="fl-1c"/>
      </object_component>
      <object_component id="oc-c9">
         <name>.text:TimerEnable</name>
         <load_address>0x4eea</load_address>
         <run_address>0x4eea</run_address>
         <size>0xe</size>
         <input_file_ref idref="fl-17"/>
      </object_component>
      <object_component id="oc-12">
         <name>.text:decompress:none</name>
         <load_address>0x4ef8</load_address>
         <run_address>0x4ef8</run_address>
         <size>0xe</size>
         <input_file_ref idref="fl-14a"/>
      </object_component>
      <object_component id="oc-1e">
         <name>.text:decompress:ZI</name>
         <load_address>0x4f06</load_address>
         <run_address>0x4f06</run_address>
         <size>0xc</size>
         <input_file_ref idref="fl-14c"/>
      </object_component>
      <object_component id="oc-2a">
         <name>.text</name>
         <load_address>0x4f12</load_address>
         <run_address>0x4f12</run_address>
         <size>0xc</size>
         <input_file_ref idref="fl-5"/>
      </object_component>
      <object_component id="oc-225">
         <name>.text:uDMAControlBaseSet</name>
         <load_address>0x4f20</load_address>
         <run_address>0x4f20</run_address>
         <size>0xc</size>
         <input_file_ref idref="fl-18"/>
      </object_component>
      <object_component id="oc-252">
         <name>.text:I2CMasterEnable</name>
         <load_address>0x4f2c</load_address>
         <run_address>0x4f2c</run_address>
         <size>0xa</size>
         <input_file_ref idref="fl-13"/>
      </object_component>
      <object_component id="oc-365">
         <name>.text:SSIDataPut</name>
         <load_address>0x4f36</load_address>
         <run_address>0x4f36</run_address>
         <size>0xa</size>
         <input_file_ref idref="fl-15"/>
      </object_component>
      <object_component id="oc-36e">
         <name>.text:SSIDisable</name>
         <load_address>0x4f40</load_address>
         <run_address>0x4f40</run_address>
         <size>0xa</size>
         <input_file_ref idref="fl-15"/>
      </object_component>
      <object_component id="oc-386">
         <name>.text:SSIEnable</name>
         <load_address>0x4f4a</load_address>
         <run_address>0x4f4a</run_address>
         <size>0xa</size>
         <input_file_ref idref="fl-15"/>
      </object_component>
      <object_component id="oc-1cd">
         <name>.text:TimerIntDisable</name>
         <load_address>0x4f54</load_address>
         <run_address>0x4f54</run_address>
         <size>0xa</size>
         <input_file_ref idref="fl-17"/>
      </object_component>
      <object_component id="oc-19a">
         <name>.text:ADCBusy</name>
         <load_address>0x4f5e</load_address>
         <run_address>0x4f5e</run_address>
         <size>0x8</size>
         <input_file_ref idref="fl-10"/>
      </object_component>
      <object_component id="oc-47c">
         <name>.text:GrMapISO8859_1_Unicode</name>
         <load_address>0x4f66</load_address>
         <run_address>0x4f66</run_address>
         <size>0x8</size>
         <input_file_ref idref="fl-25"/>
      </object_component>
      <object_component id="oc-1be">
         <name>.text:I2CMasterBusy</name>
         <load_address>0x4f6e</load_address>
         <run_address>0x4f6e</run_address>
         <size>0x8</size>
         <input_file_ref idref="fl-13"/>
      </object_component>
      <object_component id="oc-1ac">
         <name>.text:I2CMasterSlaveAddrSet</name>
         <load_address>0x4f76</load_address>
         <run_address>0x4f76</run_address>
         <size>0x8</size>
         <input_file_ref idref="fl-13"/>
      </object_component>
      <object_component id="oc-1d3">
         <name>.text:TimerIntEnable</name>
         <load_address>0x4f7e</load_address>
         <run_address>0x4f7e</run_address>
         <size>0x8</size>
         <input_file_ref idref="fl-17"/>
      </object_component>
      <object_component id="oc-ab">
         <name>.text:GPIOPinWrite</name>
         <load_address>0x4f86</load_address>
         <run_address>0x4f86</run_address>
         <size>0x6</size>
         <input_file_ref idref="fl-12"/>
      </object_component>
      <object_component id="oc-1d9">
         <name>.text:GrContextFontSet</name>
         <load_address>0x4f8c</load_address>
         <run_address>0x4f8c</run_address>
         <size>0x6</size>
         <input_file_ref idref="fl-20"/>
      </object_component>
      <object_component id="oc-37a">
         <name>.text:SSIClockSourceSet</name>
         <load_address>0x4f92</load_address>
         <run_address>0x4f92</run_address>
         <size>0x6</size>
         <input_file_ref idref="fl-15"/>
      </object_component>
      <object_component id="oc-224">
         <name>.text:SysCtlDelay</name>
         <load_address>0x4f98</load_address>
         <run_address>0x4f98</run_address>
         <size>0x6</size>
         <input_file_ref idref="fl-16"/>
      </object_component>
      <object_component id="oc-2df">
         <name>.text:WidgetMutexPut</name>
         <load_address>0x4f9e</load_address>
         <run_address>0x4f9e</run_address>
         <size>0x6</size>
         <input_file_ref idref="fl-21"/>
      </object_component>
      <object_component id="oc-18">
         <name>.text:decompress:rle24</name>
         <load_address>0x4fa4</load_address>
         <run_address>0x4fa4</run_address>
         <size>0x6</size>
         <input_file_ref idref="fl-14b"/>
      </object_component>
      <object_component id="oc-1b2">
         <name>.text:I2CMasterControl</name>
         <load_address>0x4faa</load_address>
         <run_address>0x4faa</run_address>
         <size>0x4</size>
         <input_file_ref idref="fl-13"/>
      </object_component>
      <object_component id="oc-1b8">
         <name>.text:I2CMasterDataPut</name>
         <load_address>0x4fae</load_address>
         <run_address>0x4fae</run_address>
         <size>0x4</size>
         <input_file_ref idref="fl-13"/>
      </object_component>
      <object_component id="oc-1a6">
         <name>.text:TimerIntClear</name>
         <load_address>0x4fb2</load_address>
         <run_address>0x4fb2</run_address>
         <size>0x4</size>
         <input_file_ref idref="fl-17"/>
      </object_component>
      <object_component id="oc-3a7">
         <name>.text:WidgetDefaultMsgProc</name>
         <load_address>0x4fb6</load_address>
         <run_address>0x4fb6</run_address>
         <size>0x4</size>
         <input_file_ref idref="fl-21"/>
      </object_component>
      <object_component id="oc-5e">
         <name>.text</name>
         <load_address>0x4fba</load_address>
         <run_address>0x4fba</run_address>
         <size>0x4</size>
         <input_file_ref idref="fl-157"/>
      </object_component>
      <object_component id="oc-3cd">
         <name>.const:.string:g_pui8Cm20Data</name>
         <load_address>0x4fc0</load_address>
         <run_address>0x4fc0</run_address>
         <size>0x95e</size>
         <input_file_ref idref="fl-24"/>
      </object_component>
      <object_component id="oc-35c">
         <name>.const:.string:g_pui8Cm18Data</name>
         <load_address>0x591e</load_address>
         <run_address>0x591e</run_address>
         <size>0x86e</size>
         <input_file_ref idref="fl-23"/>
      </object_component>
      <object_component id="oc-436">
         <name>.const:.string:g_pui8Cm14Data</name>
         <load_address>0x618c</load_address>
         <run_address>0x618c</run_address>
         <size>0x65a</size>
         <input_file_ref idref="fl-22"/>
      </object_component>
      <object_component id="oc-306">
         <name>.const:g_sFontCm14</name>
         <load_address>0x67e8</load_address>
         <run_address>0x67e8</run_address>
         <size>0xc8</size>
         <input_file_ref idref="fl-22"/>
      </object_component>
      <object_component id="oc-203">
         <name>.const:g_sFontCm18</name>
         <load_address>0x68b0</load_address>
         <run_address>0x68b0</run_address>
         <size>0xc8</size>
         <input_file_ref idref="fl-23"/>
      </object_component>
      <object_component id="oc-276">
         <name>.const:g_sFontCm20</name>
         <load_address>0x6978</load_address>
         <run_address>0x6978</run_address>
         <size>0xc8</size>
         <input_file_ref idref="fl-24"/>
      </object_component>
      <object_component id="oc-3a1">
         <name>.const:g_pui32GPIOBaseAddrs</name>
         <load_address>0x6a40</load_address>
         <run_address>0x6a40</run_address>
         <size>0x90</size>
         <input_file_ref idref="fl-12"/>
      </object_component>
      <object_component id="oc-2f3">
         <name>.const:.string</name>
         <load_address>0x6ad0</load_address>
         <run_address>0x6ad0</run_address>
         <size>0x7a</size>
         <input_file_ref idref="fl-2"/>
      </object_component>
      <object_component id="oc-11f">
         <name>.const</name>
         <load_address>0x6b4c</load_address>
         <run_address>0x6b4c</run_address>
         <size>0x70</size>
         <input_file_ref idref="fl-14"/>
      </object_component>
      <object_component id="oc-135">
         <name>.const:g_pui32Xtals</name>
         <load_address>0x6bbc</load_address>
         <run_address>0x6bbc</run_address>
         <size>0x6c</size>
         <input_file_ref idref="fl-16"/>
      </object_component>
      <object_component id="oc-48b">
         <name>.const:g_ppui32TimerIntMap</name>
         <load_address>0x6c28</load_address>
         <run_address>0x6c28</run_address>
         <size>0x60</size>
         <input_file_ref idref="fl-17"/>
      </object_component>
      <object_component id="oc-2cb">
         <name>.const</name>
         <load_address>0x6c88</load_address>
         <run_address>0x6c88</run_address>
         <size>0x4c</size>
         <input_file_ref idref="fl-7"/>
      </object_component>
      <object_component id="oc-48e">
         <name>.const:g_ppui32TimerIntMapSnowflake</name>
         <load_address>0x6cd4</load_address>
         <run_address>0x6cd4</run_address>
         <size>0x40</size>
         <input_file_ref idref="fl-17"/>
      </object_component>
      <object_component id="oc-d7">
         <name>.const:g_lTouchParameters</name>
         <load_address>0x6d14</load_address>
         <run_address>0x6d14</run_address>
         <size>0x38</size>
         <input_file_ref idref="fl-6"/>
      </object_component>
      <object_component id="oc-3f4">
         <name>.const:p</name>
         <load_address>0x6d50</load_address>
         <run_address>0x6d50</run_address>
         <size>0x38</size>
         <input_file_ref idref="fl-15b"/>
      </object_component>
      <object_component id="oc-279">
         <name>.const:g_sKentec320x240x16_SSD2119</name>
         <load_address>0x6d88</load_address>
         <run_address>0x6d88</run_address>
         <size>0x28</size>
         <input_file_ref idref="fl-3"/>
      </object_component>
      <object_component id="oc-3ff">
         <name>.const:.string</name>
         <load_address>0x6db0</load_address>
         <run_address>0x6db0</run_address>
         <size>0x12</size>
         <input_file_ref idref="fl-7"/>
      </object_component>
      <object_component id="oc-395">
         <name>.const</name>
         <load_address>0x6dc4</load_address>
         <run_address>0x6dc4</run_address>
         <size>0x10</size>
         <input_file_ref idref="fl-1b"/>
      </object_component>
      <object_component id="oc-58b">
         <name>.cinit..data.load</name>
         <load_address>0x6dd8</load_address>
         <run_address>0x6dd8</run_address>
         <size>0x480</size>
      </object_component>
      <object_component id="oc-588">
         <name>__TI_handler_table</name>
         <load_address>0x7258</load_address>
         <run_address>0x7258</run_address>
         <size>0xc</size>
      </object_component>
      <object_component id="oc-58c">
         <name>.cinit..bss.load</name>
         <load_address>0x7268</load_address>
         <run_address>0x7268</run_address>
         <size>0x8</size>
      </object_component>
      <object_component id="oc-58a">
         <name>.cinit..vtable.load</name>
         <load_address>0x7270</load_address>
         <run_address>0x7270</run_address>
         <size>0x8</size>
      </object_component>
      <object_component id="oc-589">
         <name>__TI_cinit_table</name>
         <load_address>0x7278</load_address>
         <run_address>0x7278</run_address>
         <size>0x18</size>
      </object_component>
      <object_component id="oc-492">
         <name>.vtable</name>
         <uninitialized>true</uninitialized>
         <run_address>0x20000000</run_address>
         <size>0x26c</size>
         <input_file_ref idref="fl-14"/>
      </object_component>
      <object_component id="oc-29">
         <name>.stack</name>
         <uninitialized>true</uninitialized>
         <run_address>0x20001b94</run_address>
         <size>0x0</size>
         <input_file_ref idref="fl-149"/>
      </object_component>
      <object_component id="oc-58d">
         <name>.stack</name>
         <uninitialized>true</uninitialized>
         <run_address>0x20001b94</run_address>
         <size>0x0</size>
      </object_component>
      <object_component id="oc-2e5">
         <name>.bss:g_psMQ</name>
         <uninitialized>true</uninitialized>
         <run_address>0x2000026c</run_address>
         <size>0x140</size>
         <input_file_ref idref="fl-21"/>
      </object_component>
      <object_component id="oc-d6">
         <name>.common:g_sTouchX</name>
         <uninitialized>true</uninitialized>
         <run_address>0x200003d0</run_address>
         <size>0x2</size>
      </object_component>
      <object_component id="oc-d2">
         <name>.common:g_sTouchY</name>
         <uninitialized>true</uninitialized>
         <run_address>0x200003d2</run_address>
         <size>0x2</size>
      </object_component>
      <object_component id="oc-398">
         <name>.common:g_psGrLibDefaults</name>
         <uninitialized>true</uninitialized>
         <run_address>0x200003cc</run_address>
         <size>0x4</size>
      </object_component>
      <object_component id="oc-548">
         <name>.common:g_pui8Dictionary</name>
         <uninitialized>true</uninitialized>
         <run_address>0x200003ac</run_address>
         <size>0x20</size>
      </object_component>
      <object_component id="oc-309">
         <name>.data:g_sMain</name>
         <load_address>0x20001ad8</load_address>
         <run_address>0x20001ad8</run_address>
         <size>0x40</size>
         <input_file_ref idref="fl-2"/>
      </object_component>
      <object_component id="oc-54d">
         <name>.data:g_sEQ</name>
         <load_address>0x20001a98</load_address>
         <run_address>0x20001a98</run_address>
         <size>0x40</size>
         <input_file_ref idref="fl-2"/>
      </object_component>
      <object_component id="oc-528">
         <name>.data:g_sEQ1</name>
         <load_address>0x20001998</load_address>
         <run_address>0x20001998</run_address>
         <size>0x40</size>
         <input_file_ref idref="fl-2"/>
      </object_component>
      <object_component id="oc-4ef">
         <name>.data:g_sEQ2</name>
         <load_address>0x200019d8</load_address>
         <run_address>0x200019d8</run_address>
         <size>0x40</size>
         <input_file_ref idref="fl-2"/>
      </object_component>
      <object_component id="oc-43e">
         <name>.data:g_sEQ3</name>
         <load_address>0x20001a18</load_address>
         <run_address>0x20001a18</run_address>
         <size>0x40</size>
         <input_file_ref idref="fl-2"/>
      </object_component>
      <object_component id="oc-30c">
         <name>.data:g_sEQ4</name>
         <load_address>0x20001a58</load_address>
         <run_address>0x20001a58</run_address>
         <size>0x40</size>
         <input_file_ref idref="fl-2"/>
      </object_component>
      <object_component id="oc-1c4">
         <name>.data</name>
         <load_address>0x20000400</load_address>
         <run_address>0x20000400</run_address>
         <size>0x1400</size>
         <input_file_ref idref="fl-2"/>
      </object_component>
      <object_component id="oc-36b">
         <name>.data</name>
         <load_address>0x20001b68</load_address>
         <run_address>0x20001b68</run_address>
         <size>0x8</size>
         <input_file_ref idref="fl-3"/>
      </object_component>
      <object_component id="oc-cf">
         <name>.data</name>
         <load_address>0x20001b48</load_address>
         <run_address>0x20001b48</run_address>
         <size>0x20</size>
         <input_file_ref idref="fl-6"/>
      </object_component>
      <object_component id="oc-2ce">
         <name>.data</name>
         <load_address>0x20001b90</load_address>
         <run_address>0x20001b90</run_address>
         <size>0x4</size>
         <input_file_ref idref="fl-7"/>
      </object_component>
      <object_component id="oc-24f">
         <name>.data</name>
         <load_address>0x20001b18</load_address>
         <run_address>0x20001b18</run_address>
         <size>0x2d</size>
         <input_file_ref idref="fl-21"/>
      </object_component>
      <object_component id="oc-10e">
         <name>.data</name>
         <load_address>0x20001b78</load_address>
         <run_address>0x20001b78</run_address>
         <size>0x8</size>
         <input_file_ref idref="fl-14d"/>
      </object_component>
      <object_component id="oc-76">
         <name>.data</name>
         <load_address>0x20001b8c</load_address>
         <run_address>0x20001b8c</run_address>
         <size>0x4</size>
         <input_file_ref idref="fl-158"/>
      </object_component>
      <object_component id="oc-3f7">
         <name>.data</name>
         <load_address>0x200018b0</load_address>
         <run_address>0x200018b0</run_address>
         <size>0x80</size>
         <input_file_ref idref="fl-15c"/>
      </object_component>
      <object_component id="oc-10b">
         <name>.data</name>
         <load_address>0x20001b70</load_address>
         <run_address>0x20001b70</run_address>
         <size>0x8</size>
         <input_file_ref idref="fl-15d"/>
      </object_component>
      <object_component id="oc-3f1">
         <name>.data</name>
         <load_address>0x20001930</load_address>
         <run_address>0x20001930</run_address>
         <size>0x68</size>
         <input_file_ref idref="fl-164"/>
      </object_component>
      <object_component id="oc-4aa">
         <name>.data</name>
         <load_address>0x20001b88</load_address>
         <run_address>0x20001b88</run_address>
         <size>0x4</size>
         <input_file_ref idref="fl-165"/>
      </object_component>
      <object_component id="oc-50e">
         <name>.data</name>
         <load_address>0x20001b80</load_address>
         <run_address>0x20001b80</run_address>
         <size>0x8</size>
         <input_file_ref idref="fl-166"/>
      </object_component>
      <object_component id="oc-552">
         <name>.data:sigtable</name>
         <load_address>0x20001800</load_address>
         <run_address>0x20001800</run_address>
         <size>0xb0</size>
         <input_file_ref idref="fl-168"/>
      </object_component>
      <object_component id="oc-283">
         <name>.debug_info</name>
         <load_address>0x0</load_address>
         <run_address>0x0</run_address>
         <size>0x157d</size>
         <input_file_ref idref="fl-2"/>
      </object_component>
      <object_component id="oc-30a">
         <name>.debug_info</name>
         <load_address>0x157d</load_address>
         <run_address>0x157d</run_address>
         <size>0xaf</size>
         <input_file_ref idref="fl-2"/>
      </object_component>
      <object_component id="oc-54e">
         <name>.debug_info</name>
         <load_address>0x162c</load_address>
         <run_address>0x162c</run_address>
         <size>0xab</size>
         <input_file_ref idref="fl-2"/>
      </object_component>
      <object_component id="oc-529">
         <name>.debug_info</name>
         <load_address>0x16d7</load_address>
         <run_address>0x16d7</run_address>
         <size>0xad</size>
         <input_file_ref idref="fl-2"/>
      </object_component>
      <object_component id="oc-4f0">
         <name>.debug_info</name>
         <load_address>0x1784</load_address>
         <run_address>0x1784</run_address>
         <size>0xad</size>
         <input_file_ref idref="fl-2"/>
      </object_component>
      <object_component id="oc-43f">
         <name>.debug_info</name>
         <load_address>0x1831</load_address>
         <run_address>0x1831</run_address>
         <size>0xad</size>
         <input_file_ref idref="fl-2"/>
      </object_component>
      <object_component id="oc-30d">
         <name>.debug_info</name>
         <load_address>0x18de</load_address>
         <run_address>0x18de</run_address>
         <size>0xad</size>
         <input_file_ref idref="fl-2"/>
      </object_component>
      <object_component id="oc-1c5">
         <name>.debug_info</name>
         <load_address>0x198b</load_address>
         <run_address>0x198b</run_address>
         <size>0x3d3</size>
         <input_file_ref idref="fl-2"/>
      </object_component>
      <object_component id="oc-104">
         <name>.debug_info</name>
         <load_address>0x1d5e</load_address>
         <run_address>0x1d5e</run_address>
         <size>0x1191</size>
         <input_file_ref idref="fl-2"/>
      </object_component>
      <object_component id="oc-145">
         <name>.debug_info</name>
         <load_address>0x2eef</load_address>
         <run_address>0x2eef</run_address>
         <size>0x6bd</size>
         <input_file_ref idref="fl-2"/>
      </object_component>
      <object_component id="oc-3d8">
         <name>.debug_info</name>
         <load_address>0x35ac</load_address>
         <run_address>0x35ac</run_address>
         <size>0x86</size>
         <input_file_ref idref="fl-2"/>
      </object_component>
      <object_component id="oc-311">
         <name>.debug_info</name>
         <load_address>0x3632</load_address>
         <run_address>0x3632</run_address>
         <size>0xbc</size>
         <input_file_ref idref="fl-2"/>
      </object_component>
      <object_component id="oc-316">
         <name>.debug_info</name>
         <load_address>0x36ee</load_address>
         <run_address>0x36ee</run_address>
         <size>0xea</size>
         <input_file_ref idref="fl-2"/>
      </object_component>
      <object_component id="oc-31b">
         <name>.debug_info</name>
         <load_address>0x37d8</load_address>
         <run_address>0x37d8</run_address>
         <size>0x14e</size>
         <input_file_ref idref="fl-2"/>
      </object_component>
      <object_component id="oc-320">
         <name>.debug_info</name>
         <load_address>0x3926</load_address>
         <run_address>0x3926</run_address>
         <size>0x176</size>
         <input_file_ref idref="fl-2"/>
      </object_component>
      <object_component id="oc-2d4">
         <name>.debug_info</name>
         <load_address>0x3a9c</load_address>
         <run_address>0x3a9c</run_address>
         <size>0x16f</size>
         <input_file_ref idref="fl-2"/>
      </object_component>
      <object_component id="oc-14a">
         <name>.debug_info</name>
         <load_address>0x3c0b</load_address>
         <run_address>0x3c0b</run_address>
         <size>0xc6</size>
         <input_file_ref idref="fl-2"/>
      </object_component>
      <object_component id="oc-13b">
         <name>.debug_info</name>
         <load_address>0x3cd1</load_address>
         <run_address>0x3cd1</run_address>
         <size>0x8b</size>
         <input_file_ref idref="fl-2"/>
      </object_component>
      <object_component id="oc-db">
         <name>.debug_info</name>
         <load_address>0x3d5c</load_address>
         <run_address>0x3d5c</run_address>
         <size>0x18b</size>
         <input_file_ref idref="fl-2"/>
      </object_component>
      <object_component id="oc-2d9">
         <name>.debug_info</name>
         <load_address>0x3ee7</load_address>
         <run_address>0x3ee7</run_address>
         <size>0x4e</size>
         <input_file_ref idref="fl-2"/>
      </object_component>
      <object_component id="oc-38d">
         <name>.debug_info</name>
         <load_address>0x3f35</load_address>
         <run_address>0x3f35</run_address>
         <size>0x613</size>
         <input_file_ref idref="fl-3"/>
      </object_component>
      <object_component id="oc-27a">
         <name>.debug_info</name>
         <load_address>0x4548</load_address>
         <run_address>0x4548</run_address>
         <size>0xf1</size>
         <input_file_ref idref="fl-3"/>
      </object_component>
      <object_component id="oc-36c">
         <name>.debug_info</name>
         <load_address>0x4639</load_address>
         <run_address>0x4639</run_address>
         <size>0xf7</size>
         <input_file_ref idref="fl-3"/>
      </object_component>
      <object_component id="oc-219">
         <name>.debug_info</name>
         <load_address>0x4730</load_address>
         <run_address>0x4730</run_address>
         <size>0x1279</size>
         <input_file_ref idref="fl-3"/>
      </object_component>
      <object_component id="oc-469">
         <name>.debug_info</name>
         <load_address>0x59a9</load_address>
         <run_address>0x59a9</run_address>
         <size>0x47</size>
         <input_file_ref idref="fl-3"/>
      </object_component>
      <object_component id="oc-38">
         <name>.debug_info</name>
         <load_address>0x59f0</load_address>
         <run_address>0x59f0</run_address>
         <size>0x11b</size>
         <input_file_ref idref="fl-5"/>
      </object_component>
      <object_component id="oc-10">
         <name>.debug_info</name>
         <load_address>0x5b0b</load_address>
         <run_address>0x5b0b</run_address>
         <size>0xce</size>
         <input_file_ref idref="fl-5"/>
      </object_component>
      <object_component id="oc-2b">
         <name>.debug_info</name>
         <load_address>0x5bd9</load_address>
         <run_address>0x5bd9</run_address>
         <size>0x24a</size>
         <input_file_ref idref="fl-5"/>
      </object_component>
      <object_component id="oc-e2">
         <name>.debug_info</name>
         <load_address>0x5e23</load_address>
         <run_address>0x5e23</run_address>
         <size>0x84</size>
         <input_file_ref idref="fl-5"/>
      </object_component>
      <object_component id="oc-d3">
         <name>.debug_info</name>
         <load_address>0x5ea7</load_address>
         <run_address>0x5ea7</run_address>
         <size>0x7e8</size>
         <input_file_ref idref="fl-6"/>
      </object_component>
      <object_component id="oc-d8">
         <name>.debug_info</name>
         <load_address>0x668f</load_address>
         <run_address>0x668f</run_address>
         <size>0xc7</size>
         <input_file_ref idref="fl-6"/>
      </object_component>
      <object_component id="oc-d0">
         <name>.debug_info</name>
         <load_address>0x6756</load_address>
         <run_address>0x6756</run_address>
         <size>0x19c</size>
         <input_file_ref idref="fl-6"/>
      </object_component>
      <object_component id="oc-31">
         <name>.debug_info</name>
         <load_address>0x68f2</load_address>
         <run_address>0x68f2</run_address>
         <size>0x418</size>
         <input_file_ref idref="fl-6"/>
      </object_component>
      <object_component id="oc-2d2">
         <name>.debug_info</name>
         <load_address>0x6d0a</load_address>
         <run_address>0x6d0a</run_address>
         <size>0x1c1</size>
         <input_file_ref idref="fl-7"/>
      </object_component>
      <object_component id="oc-2cc">
         <name>.debug_info</name>
         <load_address>0x6ecb</load_address>
         <run_address>0x6ecb</run_address>
         <size>0x130</size>
         <input_file_ref idref="fl-7"/>
      </object_component>
      <object_component id="oc-2cf">
         <name>.debug_info</name>
         <load_address>0x6ffb</load_address>
         <run_address>0x6ffb</run_address>
         <size>0xe3</size>
         <input_file_ref idref="fl-7"/>
      </object_component>
      <object_component id="oc-189">
         <name>.debug_info</name>
         <load_address>0x70de</load_address>
         <run_address>0x70de</run_address>
         <size>0x12cb</size>
         <input_file_ref idref="fl-7"/>
      </object_component>
      <object_component id="oc-119">
         <name>.debug_info</name>
         <load_address>0x83a9</load_address>
         <run_address>0x83a9</run_address>
         <size>0x23d</size>
         <input_file_ref idref="fl-10"/>
      </object_component>
      <object_component id="oc-8e">
         <name>.debug_info</name>
         <load_address>0x85e6</load_address>
         <run_address>0x85e6</run_address>
         <size>0x333</size>
         <input_file_ref idref="fl-10"/>
      </object_component>
      <object_component id="oc-95">
         <name>.debug_info</name>
         <load_address>0x8919</load_address>
         <run_address>0x8919</run_address>
         <size>0x2a0</size>
         <input_file_ref idref="fl-10"/>
      </object_component>
      <object_component id="oc-26c">
         <name>.debug_info</name>
         <load_address>0x8bb9</load_address>
         <run_address>0x8bb9</run_address>
         <size>0x2a2</size>
         <input_file_ref idref="fl-10"/>
      </object_component>
      <object_component id="oc-1a3">
         <name>.debug_info</name>
         <load_address>0x8e5b</load_address>
         <run_address>0x8e5b</run_address>
         <size>0x2ff</size>
         <input_file_ref idref="fl-10"/>
      </object_component>
      <object_component id="oc-8a">
         <name>.debug_info</name>
         <load_address>0x915a</load_address>
         <run_address>0x915a</run_address>
         <size>0x326</size>
         <input_file_ref idref="fl-10"/>
      </object_component>
      <object_component id="oc-197">
         <name>.debug_info</name>
         <load_address>0x9480</load_address>
         <run_address>0x9480</run_address>
         <size>0x2a4</size>
         <input_file_ref idref="fl-10"/>
      </object_component>
      <object_component id="oc-9b">
         <name>.debug_info</name>
         <load_address>0x9724</load_address>
         <run_address>0x9724</run_address>
         <size>0x296</size>
         <input_file_ref idref="fl-10"/>
      </object_component>
      <object_component id="oc-83">
         <name>.debug_info</name>
         <load_address>0x99ba</load_address>
         <run_address>0x99ba</run_address>
         <size>0x2c1</size>
         <input_file_ref idref="fl-10"/>
      </object_component>
      <object_component id="oc-19c">
         <name>.debug_info</name>
         <load_address>0x9c7b</load_address>
         <run_address>0x9c7b</run_address>
         <size>0x242</size>
         <input_file_ref idref="fl-10"/>
      </object_component>
      <object_component id="oc-20d">
         <name>.debug_info</name>
         <load_address>0x9ebd</load_address>
         <run_address>0x9ebd</run_address>
         <size>0x225</size>
         <input_file_ref idref="fl-11"/>
      </object_component>
      <object_component id="oc-208">
         <name>.debug_info</name>
         <load_address>0xa0e2</load_address>
         <run_address>0xa0e2</run_address>
         <size>0x20d</size>
         <input_file_ref idref="fl-11"/>
      </object_component>
      <object_component id="oc-131">
         <name>.debug_info</name>
         <load_address>0xa2ef</load_address>
         <run_address>0xa2ef</run_address>
         <size>0x230</size>
         <input_file_ref idref="fl-12"/>
      </object_component>
      <object_component id="oc-3a2">
         <name>.debug_info</name>
         <load_address>0xa51f</load_address>
         <run_address>0xa51f</run_address>
         <size>0x15b</size>
         <input_file_ref idref="fl-12"/>
      </object_component>
      <object_component id="oc-ac">
         <name>.debug_info</name>
         <load_address>0xa67a</load_address>
         <run_address>0xa67a</run_address>
         <size>0x2a3</size>
         <input_file_ref idref="fl-12"/>
      </object_component>
      <object_component id="oc-12b">
         <name>.debug_info</name>
         <load_address>0xa91d</load_address>
         <run_address>0xa91d</run_address>
         <size>0x2b3</size>
         <input_file_ref idref="fl-12"/>
      </object_component>
      <object_component id="oc-125">
         <name>.debug_info</name>
         <load_address>0xabd0</load_address>
         <run_address>0xabd0</run_address>
         <size>0x316</size>
         <input_file_ref idref="fl-12"/>
      </object_component>
      <object_component id="oc-375">
         <name>.debug_info</name>
         <load_address>0xaee6</load_address>
         <run_address>0xaee6</run_address>
         <size>0x2a9</size>
         <input_file_ref idref="fl-12"/>
      </object_component>
      <object_component id="oc-244">
         <name>.debug_info</name>
         <load_address>0xb18f</load_address>
         <run_address>0xb18f</run_address>
         <size>0x2af</size>
         <input_file_ref idref="fl-12"/>
      </object_component>
      <object_component id="oc-24a">
         <name>.debug_info</name>
         <load_address>0xb43e</load_address>
         <run_address>0xb43e</run_address>
         <size>0x2a9</size>
         <input_file_ref idref="fl-12"/>
      </object_component>
      <object_component id="oc-a6">
         <name>.debug_info</name>
         <load_address>0xb6e7</load_address>
         <run_address>0xb6e7</run_address>
         <size>0x2b7</size>
         <input_file_ref idref="fl-12"/>
      </object_component>
      <object_component id="oc-265">
         <name>.debug_info</name>
         <load_address>0xb99e</load_address>
         <run_address>0xb99e</run_address>
         <size>0x2a9</size>
         <input_file_ref idref="fl-12"/>
      </object_component>
      <object_component id="oc-23e">
         <name>.debug_info</name>
         <load_address>0xbc47</load_address>
         <run_address>0xbc47</run_address>
         <size>0x280</size>
         <input_file_ref idref="fl-12"/>
      </object_component>
      <object_component id="oc-2ef">
         <name>.debug_info</name>
         <load_address>0xbec7</load_address>
         <run_address>0xbec7</run_address>
         <size>0x231</size>
         <input_file_ref idref="fl-13"/>
      </object_component>
      <object_component id="oc-1ae">
         <name>.debug_info</name>
         <load_address>0xc0f8</load_address>
         <run_address>0xc0f8</run_address>
         <size>0x2ce</size>
         <input_file_ref idref="fl-13"/>
      </object_component>
      <object_component id="oc-254">
         <name>.debug_info</name>
         <load_address>0xc3c6</load_address>
         <run_address>0xc3c6</run_address>
         <size>0x24e</size>
         <input_file_ref idref="fl-13"/>
      </object_component>
      <object_component id="oc-25a">
         <name>.debug_info</name>
         <load_address>0xc614</load_address>
[...]
      </symbol>
      <symbol id="sm-53c">
         <name>TimerLoadSet</name>
         <value>0x4e6f</value>
         <object_component_ref idref="oc-bd"/>
      </symbol>
      <symbol id="sm-53d">
         <name>TimerIntRegister</name>
         <value>0x4d8f</value>
         <object_component_ref idref="oc-25e"/>
      </symbol>
      <symbol id="sm-53e">
         <name>TimerEnable</name>
         <value>0x4eeb</value>
         <object_component_ref idref="oc-c9"/>
      </symbol>
      <symbol id="sm-53f">
         <name>TimerIntDisable</name>
         <value>0x4f55</value>
         <object_component_ref idref="oc-1cd"/>
      </symbol>
      <symbol id="sm-540">
         <name>TimerControlTrigger</name>
         <value>0x4459</value>
         <object_component_ref idref="oc-c3"/>
      </symbol>
      <symbol id="sm-541">
         <name>TimerIntEnable</name>
         <value>0x4f7f</value>
         <object_component_ref idref="oc-1d3"/>
      </symbol>
      <symbol id="sm-542">
         <name>TimerConfigure</name>
         <value>0x42e9</value>
         <object_component_ref idref="oc-b1"/>
      </symbol>
      <symbol id="sm-543">
         <name>TimerIntClear</name>
         <value>0x4fb3</value>
         <object_component_ref idref="oc-1a6"/>
      </symbol>
      <symbol id="sm-55c">
         <name>uDMAEnable</name>
         <value>0x4eb1</value>
         <object_component_ref idref="oc-22b"/>
      </symbol>
      <symbol id="sm-55d">
         <name>uDMAControlBaseSet</name>
         <value>0x4f21</value>
         <object_component_ref idref="oc-225"/>
      </symbol>
      <symbol id="sm-57f">
         <name>CanvasMsgProc</name>
         <value>0x4dd7</value>
         <object_component_ref idref="oc-2f4"/>
      </symbol>
      <symbol id="sm-5aa">
         <name>GrContextInit</name>
         <value>0x4085</value>
         <object_component_ref idref="oc-21e"/>
      </symbol>
      <symbol id="sm-5ab">
         <name>GrContextClipRegionSet</name>
         <value>0x4285</value>
         <object_component_ref idref="oc-4bc"/>
      </symbol>
      <symbol id="sm-5ac">
         <name>g_psDefaultCodePointMapTable</name>
         <value>0x6dc4</value>
         <object_component_ref idref="oc-395"/>
      </symbol>
      <symbol id="sm-603">
         <name>GrImageDraw</name>
         <value>0x4edd</value>
         <object_component_ref idref="oc-4c2"/>
      </symbol>
      <symbol id="sm-636">
         <name>RectangularButtonMsgProc</name>
         <value>0x4c37</value>
         <object_component_ref idref="oc-2fa"/>
      </symbol>
      <symbol id="sm-662">
         <name>GrRectIntersectGet</name>
         <value>0x3cb9</value>
         <object_component_ref idref="oc-4d5"/>
      </symbol>
      <symbol id="sm-663">
         <name>GrRectFill</name>
         <value>0x3d43</value>
         <object_component_ref idref="oc-1eb"/>
      </symbol>
      <symbol id="sm-664">
         <name>GrRectOverlapCheck</name>
         <value>0x4961</value>
         <object_component_ref idref="oc-51f"/>
      </symbol>
      <symbol id="sm-665">
         <name>GrRectDraw</name>
         <value>0x4155</value>
         <object_component_ref idref="oc-1f1"/>
      </symbol>
      <symbol id="sm-6b3">
         <name>SliderMsgProc</name>
         <value>0x4bb7</value>
         <object_component_ref idref="oc-300"/>
      </symbol>
      <symbol id="sm-75f">
         <name>GrFontInfoGet</name>
         <value>0x4c5f</value>
         <object_component_ref idref="oc-354"/>
      </symbol>
      <symbol id="sm-760">
         <name>GrDefaultStringRenderer</name>
         <value>0x3937</value>
         <object_component_ref idref="oc-38f"/>
      </symbol>
      <symbol id="sm-761">
         <name>GrFontGlyphRender</name>
         <value>0x2a15</value>
         <object_component_ref idref="oc-475"/>
      </symbol>
      <symbol id="sm-762">
         <name>GrFontHeightGet</name>
         <value>0x4b8b</value>
         <object_component_ref idref="oc-4c8"/>
      </symbol>
      <symbol id="sm-763">
         <name>GrContextFontSet</name>
         <value>0x4f8d</value>
         <object_component_ref idref="oc-1d9"/>
      </symbol>
      <symbol id="sm-764">
         <name>GrFontGlyphDataGet</name>
         <value>0x4ca9</value>
         <object_component_ref idref="oc-34e"/>
      </symbol>
      <symbol id="sm-765">
         <name>GrStringDraw</name>
         <value>0x4dc1</value>
         <object_component_ref idref="oc-1df"/>
      </symbol>
      <symbol id="sm-766">
         <name>GrFontCodepageGet</name>
         <value>0x4d09</value>
         <object_component_ref idref="oc-444"/>
      </symbol>
      <symbol id="sm-767">
         <name>GrStringNextCharGet</name>
         <value>0x4ad5</value>
         <object_component_ref idref="oc-348"/>
      </symbol>
      <symbol id="sm-768">
         <name>GrStringWidthGet</name>
         <value>0x3fb1</value>
         <object_component_ref idref="oc-1f7"/>
      </symbol>
      <symbol id="sm-769">
         <name>GrFontBaselineGet</name>
         <value>0x4b5f</value>
         <object_component_ref idref="oc-1fd"/>
      </symbol>
      <symbol id="sm-813">
         <name>g_sRoot</name>
         <value>0x20001b18</value>
         <object_component_ref idref="oc-24f"/>
      </symbol>
      <symbol id="sm-814">
         <name>WidgetMessageQueueAdd</name>
         <value>0x377d</value>
         <object_component_ref idref="oc-18e"/>
      </symbol>
      <symbol id="sm-815">
         <name>WidgetMessageSendPostOrder</name>
         <value>0x3ab9</value>
         <object_component_ref idref="oc-3c6"/>
      </symbol>
      <symbol id="sm-816">
         <name>WidgetAdd</name>
         <value>0x4c85</value>
         <object_component_ref idref="oc-1e5"/>
      </symbol>
      <symbol id="sm-817">
         <name>WidgetRemove</name>
         <value>0x4551</value>
         <object_component_ref idref="oc-1c7"/>
      </symbol>
      <symbol id="sm-818">
         <name>WidgetDefaultMsgProc</name>
         <value>0x4fb7</value>
         <object_component_ref idref="oc-3a7"/>
      </symbol>
      <symbol id="sm-819">
         <name>WidgetMutexPut</name>
         <value>0x4f9f</value>
         <object_component_ref idref="oc-2df"/>
      </symbol>
      <symbol id="sm-81a">
         <name>WidgetMessageQueueProcess</name>
         <value>0x4221</value>
         <object_component_ref idref="oc-270"/>
      </symbol>
      <symbol id="sm-81b">
         <name>WidgetMutexGet</name>
         <value>0x4deb</value>
         <object_component_ref idref="oc-2de"/>
      </symbol>
      <symbol id="sm-81c">
         <name>WidgetPointerMessage</name>
         <value>0x4d29</value>
         <object_component_ref idref="oc-27c"/>
      </symbol>
      <symbol id="sm-81d">
         <name>WidgetMessageSendPreOrder</name>
         <value>0x4349</value>
         <object_component_ref idref="oc-3c0"/>
      </symbol>
      <symbol id="sm-82f">
         <name>g_sFontCm14</name>
         <value>0x67e8</value>
         <object_component_ref idref="oc-306"/>
      </symbol>
      <symbol id="sm-841">
         <name>g_sFontCm18</name>
         <value>0x68b0</value>
         <object_component_ref idref="oc-203"/>
      </symbol>
      <symbol id="sm-853">
         <name>g_sFontCm20</name>
         <value>0x6978</value>
         <object_component_ref idref="oc-276"/>
      </symbol>
      <symbol id="sm-860">
         <name>GrMapISO8859_1_Unicode</name>
         <value>0x4f67</value>
         <object_component_ref idref="oc-47c"/>
      </symbol>
      <symbol id="sm-87a">
         <name>GrLineDrawH</name>
         <value>0x4759</value>
         <object_component_ref idref="oc-33b"/>
      </symbol>
      <symbol id="sm-87b">
         <name>GrLineDrawV</name>
         <value>0x479f</value>
         <object_component_ref idref="oc-341"/>
      </symbol>
      <symbol id="sm-88d">
         <name>_c_int00</name>
         <value>0x4501</value>
         <object_component_ref idref="oc-24"/>
      </symbol>
      <symbol id="sm-88e">
         <name>__stack</name>
         <value>0x20001b94</value>
         <object_component_ref idref="oc-29"/>
      </symbol>
      <symbol id="sm-8a5">
         <name>__TI_decompress_none</name>
         <value>0x4ef9</value>
         <object_component_ref idref="oc-12"/>
      </symbol>
      <symbol id="sm-8cd">
         <name>__TI_decompress_rle24</name>
         <value>0x4fa5</value>
         <object_component_ref idref="oc-18"/>
      </symbol>
      <symbol id="sm-8df">
         <name>__TI_zero_init</name>
         <value>0x4f07</value>
         <object_component_ref idref="oc-1e"/>
      </symbol>
      <symbol id="sm-8fe">
         <name>C$$EXIT</name>
         <value>0x47e5</value>
         <object_component_ref idref="oc-70"/>
      </symbol>
      <symbol id="sm-8ff">
         <name>abort</name>
         <value>0x47e9</value>
         <object_component_ref idref="oc-70"/>
      </symbol>
      <symbol id="sm-900">
         <name>exit</name>
         <value>0x47f1</value>
         <object_component_ref idref="oc-70"/>
      </symbol>
      <symbol id="sm-901">
         <name>__TI_dtors_ptr</name>
         <value>0x20001b7c</value>
         <object_component_ref idref="oc-10e"/>
      </symbol>
      <symbol id="sm-902">
         <name>__TI_cleanup_ptr</name>
         <value>0x20001b78</value>
         <object_component_ref idref="oc-10e"/>
      </symbol>
      <symbol id="sm-926">
         <name>__aeabi_dsub</name>
         <value>0x2c6b</value>
         <object_component_ref idref="oc-16e"/>
      </symbol>
      <symbol id="sm-927">
         <name>__aeabi_dadd</name>
         <value>0x2c75</value>
         <object_component_ref idref="oc-16e"/>
      </symbol>
      <symbol id="sm-93e">
         <name>__aeabi_cdcmpeq</name>
         <value>0x3dc9</value>
         <object_component_ref idref="oc-17e"/>
      </symbol>
      <symbol id="sm-93f">
         <name>__aeabi_cdcmple</name>
         <value>0x3dc9</value>
         <object_component_ref idref="oc-17e"/>
      </symbol>
      <symbol id="sm-95f">
         <name>__aeabi_ddiv</name>
         <value>0x312b</value>
         <object_component_ref idref="oc-164"/>
      </symbol>
      <symbol id="sm-976">
         <name>__aeabi_dmul</name>
         <value>0x349d</value>
         <object_component_ref idref="oc-169"/>
      </symbol>
      <symbol id="sm-984">
         <name>__aeabi_d2iz</name>
         <value>0x4711</value>
         <object_component_ref idref="oc-179"/>
      </symbol>
      <symbol id="sm-990">
         <name>__aeabi_i2d</name>
         <value>0x4b03</value>
         <object_component_ref idref="oc-183"/>
      </symbol>
      <symbol id="sm-99d">
         <name>log10</name>
         <value>0x4d45</value>
         <object_component_ref idref="oc-173"/>
      </symbol>
      <symbol id="sm-9b8">
         <name>memcpy</name>
         <value>0x3c1d</value>
         <object_component_ref idref="oc-39"/>
      </symbol>
      <symbol id="sm-9b9">
         <name>__aeabi_memcpy</name>
         <value>0x3c1d</value>
         <object_component_ref idref="oc-39"/>
      </symbol>
      <symbol id="sm-9ba">
         <name>__aeabi_memcpy8</name>
         <value>0x3c1d</value>
         <object_component_ref idref="oc-39"/>
      </symbol>
      <symbol id="sm-9bb">
         <name>__aeabi_memcpy4</name>
         <value>0x3c1d</value>
         <object_component_ref idref="oc-39"/>
      </symbol>
      <symbol id="sm-9ca">
         <name>__aeabi_memset</name>
         <value>0x3ecb</value>
         <object_component_ref idref="oc-52"/>
      </symbol>
      <symbol id="sm-9cb">
         <name>memset</name>
         <value>0x3ed1</value>
         <object_component_ref idref="oc-52"/>
      </symbol>
      <symbol id="sm-9cc">
         <name>__aeabi_memset8</name>
         <value>0x3ecb</value>
         <object_component_ref idref="oc-52"/>
      </symbol>
      <symbol id="sm-9cd">
         <name>__aeabi_memset4</name>
         <value>0x3ecb</value>
         <object_component_ref idref="oc-52"/>
      </symbol>
      <symbol id="sm-9ce">
         <name>__aeabi_memclr8</name>
         <value>0x3ec9</value>
         <object_component_ref idref="oc-52"/>
      </symbol>
      <symbol id="sm-9cf">
         <name>__aeabi_memclr4</name>
         <value>0x3ec9</value>
         <object_component_ref idref="oc-52"/>
      </symbol>
      <symbol id="sm-9d0">
         <name>__aeabi_memclr</name>
         <value>0x3ec9</value>
         <object_component_ref idref="oc-52"/>
      </symbol>
      <symbol id="sm-9da">
         <name>_system_pre_init</name>
         <value>0x4fbb</value>
         <object_component_ref idref="oc-5e"/>
      </symbol>
      <symbol id="sm-9e2">
         <name>main_func_sp</name>
         <value>0x20001b8c</value>
         <object_component_ref idref="oc-76"/>
      </symbol>
      <symbol id="sm-9f5">
         <name>__aeabi_uidivmod</name>
         <value>0x4829</value>
         <object_component_ref idref="oc-2c6"/>
      </symbol>
      <symbol id="sm-9f6">
         <name>__aeabi_uidiv</name>
         <value>0x4829</value>
         <object_component_ref idref="oc-2c6"/>
      </symbol>
      <symbol id="sm-a02">
         <name>__aeabi_ui2d</name>
         <value>0x4ccb</value>
         <object_component_ref idref="oc-15f"/>
      </symbol>
      <symbol id="sm-a37">
         <name>_Log</name>
         <value>0x2181</value>
         <object_component_ref idref="oc-2bb"/>
      </symbol>
      <symbol id="sm-a47">
         <name>_Rteps</name>
         <value>0x20001910</value>
         <object_component_ref idref="oc-3f7"/>
      </symbol>
      <symbol id="sm-a48">
         <name>_Zero</name>
         <value>0x20001928</value>
         <object_component_ref idref="oc-3f7"/>
      </symbol>
      <symbol id="sm-a49">
         <name>_Hugeval</name>
         <value>0x200018d0</value>
         <object_component_ref idref="oc-3f7"/>
      </symbol>
      <symbol id="sm-a4a">
         <name>_Snan</name>
         <value>0x20001900</value>
         <object_component_ref idref="oc-3f7"/>
      </symbol>
      <symbol id="sm-a4b">
         <name>_Nan</name>
         <value>0x200018f0</value>
         <object_component_ref idref="oc-3f7"/>
      </symbol>
      <symbol id="sm-a4c">
         <name>_Inf</name>
         <value>0x200018e0</value>
         <object_component_ref idref="oc-3f7"/>
      </symbol>
      <symbol id="sm-a4d">
         <name>_Xbig</name>
         <value>0x20001920</value>
         <object_component_ref idref="oc-3f7"/>
      </symbol>
      <symbol id="sm-a4e">
         <name>_Eps</name>
         <value>0x200018c0</value>
         <object_component_ref idref="oc-3f7"/>
      </symbol>
      <symbol id="sm-a4f">
         <name>_Denorm</name>
         <value>0x200018b0</value>
         <object_component_ref idref="oc-3f7"/>
      </symbol>
      <symbol id="sm-a68">
         <name>_nop</name>
         <value>0x4e0f</value>
         <object_component_ref idref="oc-28d"/>
      </symbol>
      <symbol id="sm-a69">
         <name>_lock</name>
         <value>0x20001b70</value>
         <object_component_ref idref="oc-10b"/>
      </symbol>
      <symbol id="sm-a6a">
         <name>_unlock</name>
         <value>0x20001b74</value>
         <object_component_ref idref="oc-10b"/>
      </symbol>
      <symbol id="sm-a6b">
         <name>_register_lock</name>
         <value>0x4e07</value>
         <object_component_ref idref="oc-28d"/>
      </symbol>
      <symbol id="sm-a6c">
         <name>_register_unlock</name>
         <value>0x4e01</value>
         <object_component_ref idref="oc-28d"/>
      </symbol>
      <symbol id="sm-a81">
         <name>_args_main</name>
         <value>0x4da9</value>
         <object_component_ref idref="oc-6a"/>
      </symbol>
      <symbol id="sm-aa7">
         <name>__TI_auto_init</name>
         <value>0x3f45</value>
         <object_component_ref idref="oc-64"/>
      </symbol>
      <symbol id="sm-ac1">
         <name>copy_in</name>
         <value>0x45e9</value>
         <object_component_ref idref="oc-fb"/>
      </symbol>
      <symbol id="sm-acf">
         <name>__aeabi_f2d</name>
         <value>0x49d1</value>
         <object_component_ref idref="oc-3ec"/>
      </symbol>
      <symbol id="sm-ae3">
         <name>_Dunscale</name>
         <value>0x41bb</value>
         <object_component_ref idref="oc-3e0"/>
      </symbol>
      <symbol id="sm-af2">
         <name>_Feraise</name>
         <value>0x4aa5</value>
         <object_component_ref idref="oc-3e6"/>
      </symbol>
      <symbol id="sm-b01">
         <name>_FZero</name>
         <value>0x20001994</value>
         <object_component_ref idref="oc-3f1"/>
      </symbol>
      <symbol id="sm-b02">
         <name>_FRteps</name>
         <value>0x20001980</value>
         <object_component_ref idref="oc-3f1"/>
      </symbol>
      <symbol id="sm-b03">
         <name>_FSnan</name>
         <value>0x20001970</value>
         <object_component_ref idref="oc-3f1"/>
      </symbol>
      <symbol id="sm-b04">
         <name>_FNan</name>
         <value>0x20001960</value>
         <object_component_ref idref="oc-3f1"/>
      </symbol>
      <symbol id="sm-b05">
         <name>_FInf</name>
         <value>0x20001950</value>
         <object_component_ref idref="oc-3f1"/>
      </symbol>
      <symbol id="sm-b06">
         <name>_FEps</name>
         <value>0x20001940</value>
         <object_component_ref idref="oc-3f1"/>
      </symbol>
      <symbol id="sm-b07">
         <name>_FXbig</name>
         <value>0x20001990</value>
         <object_component_ref idref="oc-3f1"/>
      </symbol>
      <symbol id="sm-b08">
         <name>_FDenorm</name>
         <value>0x20001930</value>
         <object_component_ref idref="oc-3f1"/>
      </symbol>
      <symbol id="sm-b10">
         <name>_Errno</name>
         <value>0x20001b88</value>
         <object_component_ref idref="oc-4aa"/>
      </symbol>
      <symbol id="sm-b2e">
         <name>feraiseexcept</name>
         <value>0x4a71</value>
         <object_component_ref idref="oc-4a4"/>
      </symbol>
      <symbol id="sm-b2f">
         <name>_Tls_setup__Fenv</name>
         <value>0x20001b84</value>
         <object_component_ref idref="oc-50e"/>
      </symbol>
      <symbol id="sm-b30">
         <name>_Fenv</name>
         <value>0x20001b80</value>
         <object_component_ref idref="oc-50e"/>
      </symbol>
      <symbol id="sm-b44">
         <name>raise</name>
         <value>0x4b31</value>
         <object_component_ref idref="oc-508"/>
      </symbol>
      <symbol id="sm-b5e">
         <name>signal</name>
         <value>0x486d</value>
         <object_component_ref idref="oc-531"/>
      </symbol>
      <symbol id="sm-b73">
         <name>_Dnorm</name>
         <value>0x39fb</value>
         <object_component_ref idref="oc-49c"/>
      </symbol>
      <symbol id="sm-b74">
         <name>__TI_static_base__</name>
         <value>0x0</value>
      </symbol>
      <symbol id="sm-b77">
         <name>SHT$$INIT_ARRAY$$Limit</name>
         <value>0x0</value>
      </symbol>
      <symbol id="sm-b78">
         <name>SHT$$INIT_ARRAY$$Base</name>
         <value>0x0</value>
      </symbol>
   </symbol_table>
   <title>Link successful</title>
</link_info>
