******************************************************************************
                  TI ARM Linker PC v5.2.2                      
******************************************************************************
>> Linked Wed Jan 11 13:55:03 2017

OUTPUT FILE NAME:   <lab10.out>
ENTRY POINT SYMBOL: "_c_int00"  address: 0000a481


MEMORY CONFIGURATION

         name            origin    length      used     unused   attr    fill
----------------------  --------  ---------  --------  --------  ----  --------
  FLASH                 00000000   00040000  0000b87e  00034782  R  X
  SRAM                  20000000   00008000  00001c30  000063d0  RW X


SEGMENT ALLOCATION MAP

run origin  load origin   length   init length attrs members
----------  ----------- ---------- ----------- ----- -------
00000000    00000000    0000b880   0000b880    r-x
  00000000    00000000    0000026c   0000026c    r-- .intvecs
  0000026c    0000026c    00005cec   00005cec    r-- .const
  00005f58    00005f58    00004d56   00004d56    r-x .text
  0000acb0    0000acb0    00000bd0   00000bd0    r-- .cinit
20000000    20000000    00001c30   00000000    rw-
  20000000    20000000    000016c8   00000000    rw- .data
  200016c8    200016c8    00000400   00000000    rw- .stack
  20001ac8    20001ac8    00000168   00000000    rw- .bss


SECTION ALLOCATION MAP

 output                                  attributes/
section   page    origin      length       input sections
--------  ----  ----------  ----------   ----------------
.intvecs   0    00000000    0000026c     
                  00000000    0000026c     tm4c123gh6pm_startup_ccs.obj (.intvecs)

.const     0    0000026c    00005cec     
                  0000026c    00000a60     grlib.lib : fontcm24.obj (.const:.string:g_pui8Cm24Data)
                  00000ccc    00000960               : fontcm22.obj (.const:.string:g_pui8Cm22Data)
                  0000162c    0000095e               : fontcm20.obj (.const:.string:g_pui8Cm20Data)
                  00001f8a    0000086e               : fontcm18.obj (.const:.string:g_pui8Cm18Data)
                  000027f8    0000083d     images.obj (.const:.string:g_pucRedSlider195x37)
                  00003035    00000826     images.obj (.const:.string:g_pucGreenSlider195x37)
                  0000385b    00000705     images.obj (.const:.string:g_pucGettingHotter28x148)
                  00003f60    0000065a     grlib.lib : fontcm14.obj (.const:.string:g_pui8Cm14Data)
                  000045ba    0000055f               : fontcm12.obj (.const:.string:g_pui8Cm12Data)
                  00004b19    000003ad     images.obj (.const:.string:g_pucGettingHotter28x148Mono)
                  00004ec6    00000230     images.obj (.const:.string:g_pucLogo)
                  000050f6    00000210     images.obj (.const:.string:g_pucBlue50x50)
                  00005306    0000020e     images.obj (.const:.string:g_pucBlue50x50Press)
                  00005514    0000017a     grlib_demo.obj (.const:.string)
                  0000568e    000000f5     images.obj (.const:.string:g_pucLightOff)
                  00005783    000000e6     images.obj (.const:.string:g_pucLightOn)
                  00005869    00000003     --HOLE-- [fill = 0]
                  0000586c    000000c8     grlib.lib : fontcm12.obj (.const:g_sFontCm12)
                  00005934    000000c8               : fontcm14.obj (.const:g_sFontCm14)
                  000059fc    000000c8               : fontcm18.obj (.const:g_sFontCm18)
                  00005ac4    000000c8               : fontcm20.obj (.const:g_sFontCm20)
                  00005b8c    000000c8               : fontcm22.obj (.const:g_sFontCm22)
                  00005c54    000000c8               : fontcm24.obj (.const:g_sFontCm24)
                  00005d1c    00000090     driverlib.lib : gpio.obj (.const:g_pui32GPIOBaseAddrs)
                  00005dac    00000070                   : interrupt.obj (.const)
                  00005e1c    0000006c                   : sysctl.obj (.const:g_pui32Xtals)
                  00005e88    0000004c     ustdlib.obj (.const)
                  00005ed4    00000038     touch.obj (.const:g_lTouchParameters)
                  00005f0c    00000028     Kentec320x240x16_ssd2119_SPI.obj (.const:g_sKentec320x240x16_SSD2119)
                  00005f34    00000012     ustdlib.obj (.const:.string)
                  00005f46    00000002     --HOLE-- [fill = 0]
                  00005f48    00000010     grlib.lib : context.obj (.const)

.text      0    00005f58    00004d56     
                  00005f58    000008d4     grlib_demo.obj (.text)
                  0000682c    00000704     Kentec320x240x16_ssd2119_SPI.obj (.text)
                  00006f30    000006dc     ustdlib.obj (.text)
                  0000760c    00000370     grlib.lib : image.obj (.text:InternalImageDraw)
                  0000797c    00000308     touch.obj (.text)
                  00007c84    000002e4     grlib.lib : image.obj (.text:PixelTransparentDraw)
                  00007f68    000002c4               : slider.obj (.text:SliderPaint)
                  0000822c    00000256               : string.obj (.text:GrFontGlyphRender)
                  00008482    0000020e               : checkbox.obj (.text:CheckBoxPaint)
                  00008690    0000020a               : circle.obj (.text:GrCircleDraw)
                  0000889a    000001b6               : radiobutton.obj (.text:RadioButtonPaint)
                  00008a50    00000194               : canvas.obj (.text:CanvasPaint)
                  00008be4    00000176               : pushbutton.obj (.text:RectangularButtonPaint)
                  00008d5a    0000016a               : pushbutton.obj (.text:CircularButtonPaint)
                  00008ec4    00000152               : container.obj (.text:ContainerPaint)
                  00009016    00000146               : circle.obj (.text:GrCircleFill)
                  0000915c    00000130     driverlib.lib : gpio.obj (.text:GPIOPadConfigSet)
                  0000928c    0000010c                   : sysctl.obj (.text:SysCtlClockGet)
                  00009398    00000106     grlib.lib : line.obj (.text:GrLineDraw)
                  0000949e    000000f2               : pushbutton.obj (.text:RectangularButtonClick)
                  00009590    000000f0     driverlib.lib : sysctl.obj (.text:SysCtlClockSet)
                  00009680    000000e8     grlib.lib : widget.obj (.text:WidgetMessageQueueAdd)
                  00009768    000000d4               : pushbutton.obj (.text:CircularButtonClick)
                  0000983c    000000d2               : slider.obj (.text:SliderClick)
                  0000990e    000000c4               : string.obj (.text:GrDefaultStringRenderer)
                  000099d2    000000c0               : line.obj (.text:GrLineClip)
                  00009a92    00000002     --HOLE-- [fill = 0]
                  00009a94    000000b4               : widget.obj (.text:WidgetMessageSendPostOrder)
                  00009b48    000000b0               : slider.obj (.text:SliderValueToPosition)
                  00009bf8    0000009c     rtsv7M4_T_le_v4SPD16_eabi.lib : memcpy_t2.obj (.text)
                  00009c94    00000090     grlib.lib : radiobutton.obj (.text:RadioButtonClick)
                  00009d24    0000008a               : rectangle.obj (.text:GrRectIntersectGet)
                  00009dae    00000086               : rectangle.obj (.text:GrRectFill)
                  00009e34    0000007a     driverlib.lib : adc.obj (.text:ADCSequenceStepConfigure)
                  00009eae    0000007a     rtsv7M4_T_le_v4SPD16_eabi.lib : memset_t2.obj (.text)
                  00009f28    0000006c                                   : autoinit.obj (.text)
                  00009f94    0000006a     grlib.lib : string.obj (.text:GrStringWidthGet)
                  00009ffe    0000006a     rtsv7M4_T_le_v4SPD16_eabi.lib : copy_decompress_rle.obj (.text)
                  0000a068    00000068     grlib.lib : context.obj (.text:GrContextInit)
                  0000a0d0    00000068     driverlib.lib : interrupt.obj (.text:IntEnable)
                  0000a138    00000066     grlib.lib : rectangle.obj (.text:GrRectDraw)
                  0000a19e    00000002     --HOLE-- [fill = 0]
                  0000a1a0    00000064               : widget.obj (.text:WidgetMessageQueueProcess)
                  0000a204    00000062               : context.obj (.text:GrContextClipRegionSet)
                  0000a266    00000002     --HOLE-- [fill = 0]
                  0000a268    00000060     driverlib.lib : timer.obj (.text:TimerConfigure)
                  0000a2c8    0000005c     grlib.lib : widget.obj (.text:WidgetMessageSendPreOrder)
                  0000a324    0000005a               : string.obj (.text:FontWideGlyphDataGet)
                  0000a37e    00000058               : slider.obj (.text:SliderPositionToValue)
                  0000a3d6    00000002     --HOLE-- [fill = 0]
                  0000a3d8    00000058     driverlib.lib : timer.obj (.text:TimerControlTrigger)
                  0000a430    00000050     grlib.lib : checkbox.obj (.text:CheckBoxClick)
                  0000a480    00000050     rtsv7M4_T_le_v4SPD16_eabi.lib : boot.obj (.text)
                  0000a4d0    0000004c     grlib.lib : widget.obj (.text:WidgetRemove)
                  0000a51c    0000004c     rtsv7M4_T_le_v4SPD16_eabi.lib : cpy_tbl.obj (.text)
                  0000a568    0000004a     grlib.lib : string.obj (.text:UpdateContextCharMapping)
                  0000a5b2    00000002     --HOLE-- [fill = 0]
                  0000a5b4    00000048     driverlib.lib : gpio.obj (.text:GPIOPinConfigure)
                  0000a5fc    00000046     grlib.lib : line.obj (.text:GrLineDrawH)
                  0000a642    00000046               : line.obj (.text:GrLineDrawV)
                  0000a688    00000044     rtsv7M4_T_le_v4SPD16_eabi.lib : exit.obj (.text)
                  0000a6cc    00000042                                   : u_divt2.obj (.text)
                  0000a70e    0000003e     driverlib.lib : adc.obj (.text:ADCSequenceConfigure)
                  0000a74c    0000003c                   : ssi.obj (.text:SSIConfigSetExpClk)
                  0000a788    0000003a     grlib.lib : string.obj (.text:FontGlyphDataGet)
                  0000a7c2    00000038               : rectangle.obj (.text:GrRectOverlapCheck)
                  0000a7fa    00000002     --HOLE-- [fill = 0]
                  0000a7fc    00000038     driverlib.lib : sysctl.obj (.text:SysCtlPeripheralReady)
                  0000a834    00000036     grlib.lib : line.obj (.text:GrClipCodeGet)
                  0000a86a    00000002     --HOLE-- [fill = 0]
                  0000a86c    00000034     driverlib.lib : sysctl.obj (.text:SysCtlPeripheralEnable)
                  0000a8a0    0000002e     grlib.lib : string.obj (.text:GrStringNextCharGet)
                  0000a8ce    0000002c               : string.obj (.text:GrFontBaselineGet)
                  0000a8fa    0000002c               : string.obj (.text:GrFontHeightGet)
                  0000a926    0000002c               : slider.obj (.text:SliderMsgProc)
                  0000a952    0000002a               : checkbox.obj (.text:CheckBoxMsgProc)
                  0000a97c    0000002a     driverlib.lib : gpio.obj (.text:GPIODirModeSet)
                  0000a9a6    0000002a     grlib.lib : radiobutton.obj (.text:RadioButtonMsgProc)
                  0000a9d0    0000002a               : widget.obj (.text:WidgetIsInTree)
                  0000a9fa    00000028               : pushbutton.obj (.text:CircularButtonMsgProc)
                  0000aa22    00000028               : pushbutton.obj (.text:RectangularButtonMsgProc)
                  0000aa4a    00000026               : string.obj (.text:GrFontInfoGet)
                  0000aa70    00000024               : widget.obj (.text:WidgetAdd)
                  0000aa94    00000022               : string.obj (.text:GrFontGlyphDataGet)
                  0000aab6    0000001e               : string.obj (.text:GrFontCodepageGet)
                  0000aad4    0000001c               : widget.obj (.text:WidgetPointerMessage)
                  0000aaf0    00000018     driverlib.lib : gpio.obj (.text:GPIOPinTypeGPIOOutput)
                  0000ab08    00000018     rtsv7M4_T_le_v4SPD16_eabi.lib : args_main.obj (.text)
                  0000ab20    00000016     grlib.lib : string.obj (.text:GrStringDraw)
                  0000ab36    00000014               : canvas.obj (.text:CanvasMsgProc)
                  0000ab4a    00000014               : container.obj (.text:ContainerMsgProc)
                  0000ab5e    00000014               : widget.obj (.text:WidgetMutexGet)
                  0000ab72    00000002     --HOLE-- [fill = 0]
                  0000ab74    00000014     rtsv7M4_T_le_v4SPD16_eabi.lib : _lock.obj (.text)
                  0000ab88    00000012     driverlib.lib : adc.obj (.text:ADCHardwareOversampleConfigure)
                  0000ab9a    00000012                   : gpio.obj (.text:GPIOPinTypeSSI)
                  0000abac    00000012                   : timer.obj (.text:TimerLoadSet)
                  0000abbe    00000010                   : adc.obj (.text:ADCIntEnable)
                  0000abce    00000002     --HOLE-- [fill = 0]
                  0000abd0    00000010                   : fpu.obj (.text:FPUEnable)
                  0000abe0    00000010                   : fpu.obj (.text:FPULazyStackingEnable)
                  0000abf0    00000010                   : udma.obj (.text:uDMAEnable)
                  0000ac00    0000000e                   : adc.obj (.text:ADCSequenceEnable)
                  0000ac0e    0000000e     grlib.lib : image.obj (.text:GrImageDraw)
                  0000ac1c    0000000e     driverlib.lib : timer.obj (.text:TimerEnable)
                  0000ac2a    0000000e     rtsv7M4_T_le_v4SPD16_eabi.lib : copy_decompress_none.obj (.text:decompress:none)
                  0000ac38    0000000c                                   : copy_zero_init.obj (.text:decompress:ZI)
                  0000ac44    0000000c     tm4c123gh6pm_startup_ccs.obj (.text)
                  0000ac50    0000000c     driverlib.lib : udma.obj (.text:uDMAControlBaseSet)
                  0000ac5c    0000000a                   : ssi.obj (.text:SSIDataPut)
                  0000ac66    0000000a                   : ssi.obj (.text:SSIDisable)
                  0000ac70    0000000a                   : ssi.obj (.text:SSIEnable)
                  0000ac7a    00000008     grlib.lib : charmap.obj (.text:GrMapISO8859_1_Unicode)
                  0000ac82    00000006     driverlib.lib : gpio.obj (.text:GPIOPinWrite)
                  0000ac88    00000006     grlib.lib : string.obj (.text:GrContextFontSet)
                  0000ac8e    00000006     driverlib.lib : ssi.obj (.text:SSIClockSourceSet)
                  0000ac94    00000006                   : sysctl.obj (.text:SysCtlDelay)
                  0000ac9a    00000006     grlib.lib : widget.obj (.text:WidgetMutexPut)
                  0000aca0    00000006     rtsv7M4_T_le_v4SPD16_eabi.lib : copy_decompress_rle.obj (.text:decompress:rle24)
                  0000aca6    00000004     grlib.lib : widget.obj (.text:WidgetDefaultMsgProc)
                  0000acaa    00000004     rtsv7M4_T_le_v4SPD16_eabi.lib : pre_init.obj (.text)

.cinit     0    0000acb0    00000bd0     
                  0000acb0    00000ba7     (.cinit..data.load) [load image, compression = rle]
                  0000b857    00000001     --HOLE-- [fill = 0]
                  0000b858    0000000c     (__TI_handler_table)
                  0000b864    00000004     --HOLE-- [fill = 0]
                  0000b868    00000008     (.cinit..bss.load) [load image, compression = zero_init]
                  0000b870    00000010     (__TI_cinit_table)

.init_array 
*          0    00000000    00000000     UNINITIALIZED

.data      0    20000000    000016c8     UNINITIALIZED
                  20000000    00001400     grlib_demo.obj (.data)
                  20001400    00000070     grlib_demo.obj (.data:g_psRadioContainers)
                  20001470    00000040     grlib_demo.obj (.data:g_sCanvas1)
                  200014b0    00000040     grlib_demo.obj (.data:g_sCanvas2)
                  200014f0    00000040     grlib_demo.obj (.data:g_sCanvas3)
                  20001530    00000040     grlib_demo.obj (.data:g_sIntroduction)
                  20001570    00000040     grlib_demo.obj (.data:g_sPrimitives)
                  200015b0    00000038     grlib_demo.obj (.data:g_sContainer1)
                  200015e8    00000038     grlib_demo.obj (.data:g_sContainer2)
                  20001620    00000038     grlib_demo.obj (.data:g_sContainer3)
                  20001658    0000002d     grlib.lib : widget.obj (.data)
                  20001685    00000003     --HOLE--
                  20001688    00000020     touch.obj (.data)
                  200016a8    00000008     Kentec320x240x16_ssd2119_SPI.obj (.data)
                  200016b0    00000008     rtsv7M4_T_le_v4SPD16_eabi.lib : _lock.obj (.data)
                  200016b8    00000008                                   : exit.obj (.data)
                  200016c0    00000004                                   : stkdepth_vars.obj (.data)
                  200016c4    00000004     ustdlib.obj (.data)

.TI.persistent 
*          0    20000000    00000000     UNINITIALIZED

.stack     0    200016c8    00000400     UNINITIALIZED
                  200016c8    00000400     --HOLE--

.bss       0    20001ac8    00000168     UNINITIALIZED
                  20001ac8    00000140     grlib.lib : widget.obj (.bss:g_psMQ)
                  20001c08    00000020     (.common:g_pui8Dictionary)
                  20001c28    00000004     (.common:g_psGrLibDefaults)
                  20001c2c    00000002     (.common:g_sTouchX)
                  20001c2e    00000002     (.common:g_sTouchY)

.TI.noinit 
*          0    20001ac8    00000000     UNINITIALIZED


LINKER GENERATED COPY TABLES

__TI_cinit_table @ 0000b870 records: 2, size/record: 8, table size: 16
	.data: load addr=0000acb0, load size=00000ba7 bytes, run addr=20000000, run size=000016c8 bytes, compression=rle
	.bss: load addr=0000b868, load size=00000008 bytes, run addr=20001ac8, run size=00000168 bytes, compression=zero_init


LINKER GENERATED HANDLER TABLE

__TI_handler_table @ 0000b858 records: 3, size/record: 4, table size: 12
	index: 0, handler: __TI_decompress_rle24
	index: 1, handler: __TI_decompress_none
	index: 2, handler: __TI_zero_init


GLOBAL SYMBOLS: SORTED ALPHABETICALLY BY Name 

address   name                          
-------   ----                          
0000ab89  ADCHardwareOversampleConfigure
0000abbf  ADCIntEnable                  
0000a70f  ADCSequenceConfigure          
0000ac01  ADCSequenceEnable             
00009e35  ADCSequenceStepConfigure      
0000a689  C$$EXIT                       
0000ab37  CanvasMsgProc                 
0000a953  CheckBoxMsgProc               
0000a9fb  CircularButtonMsgProc         
0000ab4b  ContainerMsgProc              
0000abd1  FPUEnable                     
0000abe1  FPULazyStackingEnable         
0000a97d  GPIODirModeSet                
0000915d  GPIOPadConfigSet              
0000a5b5  GPIOPinConfigure              
0000aaf1  GPIOPinTypeGPIOOutput         
0000ab9b  GPIOPinTypeSSI                
0000ac83  GPIOPinWrite                  
00008691  GrCircleDraw                  
00009017  GrCircleFill                  
0000a205  GrContextClipRegionSet        
0000ac89  GrContextFontSet              
0000a069  GrContextInit                 
0000990f  GrDefaultStringRenderer       
0000a8cf  GrFontBaselineGet             
0000aab7  GrFontCodepageGet             
0000aa95  GrFontGlyphDataGet            
0000822d  GrFontGlyphRender             
0000a8fb  GrFontHeightGet               
0000aa4b  GrFontInfoGet                 
0000ac0f  GrImageDraw                   
00009399  GrLineDraw                    
0000a5fd  GrLineDrawH                   
0000a643  GrLineDrawV                   
0000ac7b  GrMapISO8859_1_Unicode        
0000a139  GrRectDraw                    
00009daf  GrRectFill                    
00009d25  GrRectIntersectGet            
0000a7c3  GrRectOverlapCheck            
0000ab21  GrStringDraw                  
0000a8a1  GrStringNextCharGet           
00009f95  GrStringWidthGet              
0000a0d1  IntEnable                     
00006c41  Kentec320x240x16_SSD2119Init  
00006c2b  LCD_WriteReg                  
0000685f  LED_OFF                       
00006855  LED_ON                        
000061a7  OnButtonPress                 
000064fd  OnCanvasPaint                 
000061f9  OnCheckChange                 
00006255  OnIntroPaint                  
00005f59  OnNext                        
00006005  OnPrevious                    
00006325  OnPrimitivePaint              
0000612f  OnRadioChange                 
000060af  OnSliderChange                
0000a9a7  RadioButtonMsgProc            
0000aa23  RectangularButtonMsgProc      
0000ac45  ResetISR                      
UNDEFED   SHT$$INIT_ARRAY$$Base         
UNDEFED   SHT$$INIT_ARRAY$$Limit        
0000ac8f  SSIClockSourceSet             
0000a74d  SSIConfigSetExpClk            
0000ac5d  SSIDataPut                    
0000ac67  SSIDisable                    
0000ac71  SSIEnable                     
0000a927  SliderMsgProc                 
0000928d  SysCtlClockGet                
00009591  SysCtlClockSet                
0000ac95  SysCtlDelay                   
0000a86d  SysCtlPeripheralEnable        
0000a7fd  SysCtlPeripheralReady         
0000a269  TimerConfigure                
0000a3d9  TimerControlTrigger           
0000ac1d  TimerEnable                   
0000abad  TimerLoadSet                  
00007c3f  TouchScreenCallbackSet        
00007b77  TouchScreenInit               
0000797d  TouchScreenIntHandler         
0000aa71  WidgetAdd                     
0000aca7  WidgetDefaultMsgProc          
00009681  WidgetMessageQueueAdd         
0000a1a1  WidgetMessageQueueProcess     
00009a95  WidgetMessageSendPostOrder    
0000a2c9  WidgetMessageSendPreOrder     
0000ab5f  WidgetMutexGet                
0000ac9b  WidgetMutexPut                
0000aad5  WidgetPointerMessage          
0000a4d1  WidgetRemove                  
200016ac  WriteCommand                  
200016a8  WriteData                     
20001ac8  __STACK_END                   
00000400  __STACK_SIZE                  
20001ac8  __STACK_TOP                   
0000b870  __TI_CINIT_Base               
0000b880  __TI_CINIT_Limit              
0000b858  __TI_Handler_Table_Base       
0000b864  __TI_Handler_Table_Limit      
00009f29  __TI_auto_init                
200016b8  __TI_cleanup_ptr              
0000ac2b  __TI_decompress_none          
0000aca1  __TI_decompress_rle24         
200016bc  __TI_dtors_ptr                
00000000  __TI_static_base__            
0000ac39  __TI_zero_init                
00009eaf  __aeabi_memclr                
00009eaf  __aeabi_memclr4               
00009eaf  __aeabi_memclr8               
00009bf9  __aeabi_memcpy                
00009bf9  __aeabi_memcpy4               
00009bf9  __aeabi_memcpy8               
00009eb1  __aeabi_memset                
00009eb1  __aeabi_memset4               
00009eb1  __aeabi_memset8               
0000a6cd  __aeabi_uidiv                 
0000a6cd  __aeabi_uidivmod              
ffffffff  __binit__                     
ffffffff  __c_args__                    
200016c8  __stack                       
0000ab09  _args_main                    
0000a481  _c_int00                      
200016b0  _lock                         
0000ab83  _nop                          
0000ab7b  _register_lock                
0000ab75  _register_unlock              
0000acab  _system_pre_init              
200016b4  _unlock                       
0000a68d  abort                         
ffffffff  binit                         
0000a51d  copy_in                       
0000a695  exit                          
00005ed4  g_lTouchParameters            
20000014  g_pcPanelNames                
00000000  g_pfnVectors                  
2000168c  g_plParmSet                   
20000158  g_psCheckBoxIndicators        
20000218  g_psCheckBoxes                
00005f48  g_psDefaultCodePointMapTable  
200007b8  g_psPanels                    
20000be0  g_psPushButtonIndicators      
200005d8  g_psPushButtons               
20000458  g_psRadioButtonIndicators     
200002d8  g_psRadioButtons1             
20000398  g_psRadioButtons2             
20001400  g_psRadioContainers           
200009b8  g_psSliders                   
000050f6  g_pucBlue50x50                
00005306  g_pucBlue50x50Press           
0000385b  g_pucGettingHotter28x148      
00004b19  g_pucGettingHotter28x148Mono  
00003035  g_pucGreenSlider195x37        
0000568e  g_pucLightOff                 
00005783  g_pucLightOn                  
00004ec6  g_pucLogo                     
000027f8  g_pucRedSlider195x37          
20001470  g_sCanvas1                    
200014b0  g_sCanvas2                    
200014f0  g_sCanvas3                    
200015b0  g_sContainer1                 
200015e8  g_sContainer2                 
20001620  g_sContainer3                 
0000586c  g_sFontCm12                   
00005934  g_sFontCm14                   
000059fc  g_sFontCm18                   
00005ac4  g_sFontCm20                   
00005b8c  g_sFontCm22                   
00005c54  g_sFontCm24                   
20001530  g_sIntroduction               
00005f0c  g_sKentec320x240x16_SSD2119   
20000108  g_sNext                       
200000b8  g_sPrevious                   
20001570  g_sPrimitives                 
20001658  g_sRoot                       
20000038  g_sSliderValueCanvas          
20000078  g_sTitle                      
2000168a  g_sTouchMin                   
20001c2c  g_sTouchX                     
20001c2e  g_sTouchY                     
20000000  g_ulButtonState               
20000004  g_ulPanel                     
000066c1  main                          
200016c0  main_func_sp                  
00009bf9  memcpy                        
00009eb7  memset                        
20001000  sDMAControlTable              
0000ac51  uDMAControlBaseSet            
0000abf1  uDMAEnable                    
000074b1  ulocaltime                    
000075a5  umktime                       
0000749d  urand                         
00007483  usnprintf                     
00007463  usprintf                      
0000745d  usrand                        
00007455  ustrcasecmp                   
0000744d  ustrcmp                       
0000737b  ustrlen                       
00007403  ustrncasecmp                  
0000738d  ustrncmp                      
00006f31  ustrncpy                      
000073c3  ustrstr                       
0000722f  ustrtof                       
0000718d  ustrtoul                      
00006f5b  uvsnprintf                    


GLOBAL SYMBOLS: SORTED BY Symbol Address 

address   name                          
-------   ----                          
00000000  __TI_static_base__            
00000000  g_pfnVectors                  
00000400  __STACK_SIZE                  
000027f8  g_pucRedSlider195x37          
00003035  g_pucGreenSlider195x37        
0000385b  g_pucGettingHotter28x148      
00004b19  g_pucGettingHotter28x148Mono  
00004ec6  g_pucLogo                     
000050f6  g_pucBlue50x50                
00005306  g_pucBlue50x50Press           
0000568e  g_pucLightOff                 
00005783  g_pucLightOn                  
0000586c  g_sFontCm12                   
00005934  g_sFontCm14                   
000059fc  g_sFontCm18                   
00005ac4  g_sFontCm20                   
00005b8c  g_sFontCm22                   
00005c54  g_sFontCm24                   
00005ed4  g_lTouchParameters            
00005f0c  g_sKentec320x240x16_SSD2119   
00005f48  g_psDefaultCodePointMapTable  
00005f59  OnNext                        
00006005  OnPrevious                    
000060af  OnSliderChange                
0000612f  OnRadioChange                 
000061a7  OnButtonPress                 
000061f9  OnCheckChange                 
00006255  OnIntroPaint                  
00006325  OnPrimitivePaint              
000064fd  OnCanvasPaint                 
000066c1  main                          
00006855  LED_ON                        
0000685f  LED_OFF                       
00006c2b  LCD_WriteReg                  
00006c41  Kentec320x240x16_SSD2119Init  
00006f31  ustrncpy                      
00006f5b  uvsnprintf                    
0000718d  ustrtoul                      
0000722f  ustrtof                       
0000737b  ustrlen                       
0000738d  ustrncmp                      
000073c3  ustrstr                       
00007403  ustrncasecmp                  
0000744d  ustrcmp                       
00007455  ustrcasecmp                   
0000745d  usrand                        
00007463  usprintf                      
00007483  usnprintf                     
0000749d  urand                         
000074b1  ulocaltime                    
000075a5  umktime                       
0000797d  TouchScreenIntHandler         
00007b77  TouchScreenInit               
00007c3f  TouchScreenCallbackSet        
0000822d  GrFontGlyphRender             
00008691  GrCircleDraw                  
00009017  GrCircleFill                  
0000915d  GPIOPadConfigSet              
0000928d  SysCtlClockGet                
00009399  GrLineDraw                    
00009591  SysCtlClockSet                
00009681  WidgetMessageQueueAdd         
0000990f  GrDefaultStringRenderer       
00009a95  WidgetMessageSendPostOrder    
00009bf9  __aeabi_memcpy                
00009bf9  __aeabi_memcpy4               
00009bf9  __aeabi_memcpy8               
00009bf9  memcpy                        
00009d25  GrRectIntersectGet            
00009daf  GrRectFill                    
00009e35  ADCSequenceStepConfigure      
00009eaf  __aeabi_memclr                
00009eaf  __aeabi_memclr4               
00009eaf  __aeabi_memclr8               
00009eb1  __aeabi_memset                
00009eb1  __aeabi_memset4               
00009eb1  __aeabi_memset8               
00009eb7  memset                        
00009f29  __TI_auto_init                
00009f95  GrStringWidthGet              
0000a069  GrContextInit                 
0000a0d1  IntEnable                     
0000a139  GrRectDraw                    
0000a1a1  WidgetMessageQueueProcess     
0000a205  GrContextClipRegionSet        
0000a269  TimerConfigure                
0000a2c9  WidgetMessageSendPreOrder     
0000a3d9  TimerControlTrigger           
0000a481  _c_int00                      
0000a4d1  WidgetRemove                  
0000a51d  copy_in                       
0000a5b5  GPIOPinConfigure              
0000a5fd  GrLineDrawH                   
0000a643  GrLineDrawV                   
0000a689  C$$EXIT                       
0000a68d  abort                         
0000a695  exit                          
0000a6cd  __aeabi_uidiv                 
0000a6cd  __aeabi_uidivmod              
0000a70f  ADCSequenceConfigure          
0000a74d  SSIConfigSetExpClk            
0000a7c3  GrRectOverlapCheck            
0000a7fd  SysCtlPeripheralReady         
0000a86d  SysCtlPeripheralEnable        
0000a8a1  GrStringNextCharGet           
0000a8cf  GrFontBaselineGet             
0000a8fb  GrFontHeightGet               
0000a927  SliderMsgProc                 
0000a953  CheckBoxMsgProc               
0000a97d  GPIODirModeSet                
0000a9a7  RadioButtonMsgProc            
0000a9fb  CircularButtonMsgProc         
0000aa23  RectangularButtonMsgProc      
0000aa4b  GrFontInfoGet                 
0000aa71  WidgetAdd                     
0000aa95  GrFontGlyphDataGet            
0000aab7  GrFontCodepageGet             
0000aad5  WidgetPointerMessage          
0000aaf1  GPIOPinTypeGPIOOutput         
0000ab09  _args_main                    
0000ab21  GrStringDraw                  
0000ab37  CanvasMsgProc                 
0000ab4b  ContainerMsgProc              
0000ab5f  WidgetMutexGet                
0000ab75  _register_unlock              
0000ab7b  _register_lock                
0000ab83  _nop                          
0000ab89  ADCHardwareOversampleConfigure
0000ab9b  GPIOPinTypeSSI                
0000abad  TimerLoadSet                  
0000abbf  ADCIntEnable                  
0000abd1  FPUEnable                     
0000abe1  FPULazyStackingEnable         
0000abf1  uDMAEnable                    
0000ac01  ADCSequenceEnable             
0000ac0f  GrImageDraw                   
0000ac1d  TimerEnable                   
0000ac2b  __TI_decompress_none          
0000ac39  __TI_zero_init                
0000ac45  ResetISR                      
0000ac51  uDMAControlBaseSet            
0000ac5d  SSIDataPut                    
0000ac67  SSIDisable                    
0000ac71  SSIEnable                     
0000ac7b  GrMapISO8859_1_Unicode        
0000ac83  GPIOPinWrite                  
0000ac89  GrContextFontSet              
0000ac8f  SSIClockSourceSet             
0000ac95  SysCtlDelay                   
0000ac9b  WidgetMutexPut                
0000aca1  __TI_decompress_rle24         
0000aca7  WidgetDefaultMsgProc          
0000acab  _system_pre_init              
0000b858  __TI_Handler_Table_Base       
0000b864  __TI_Handler_Table_Limit      
0000b870  __TI_CINIT_Base               
0000b880  __TI_CINIT_Limit              
20000000  g_ulButtonState               
20000004  g_ulPanel                     
20000014  g_pcPanelNames                
20000038  g_sSliderValueCanvas          
20000078  g_sTitle                      
200000b8  g_sPrevious                   
20000108  g_sNext                       
20000158  g_psCheckBoxIndicators        
20000218  g_psCheckBoxes                
200002d8  g_psRadioButtons1             
20000398  g_psRadioButtons2             
20000458  g_psRadioButtonIndicators     
200005d8  g_psPushButtons               
200007b8  g_psPanels                    
200009b8  g_psSliders                   
20000be0  g_psPushButtonIndicators      
20001000  sDMAControlTable              
20001400  g_psRadioContainers           
20001470  g_sCanvas1                    
200014b0  g_sCanvas2                    
200014f0  g_sCanvas3                    
20001530  g_sIntroduction               
20001570  g_sPrimitives                 
200015b0  g_sContainer1                 
200015e8  g_sContainer2                 
20001620  g_sContainer3                 
20001658  g_sRoot                       
2000168a  g_sTouchMin                   
2000168c  g_plParmSet                   
200016a8  WriteData                     
200016ac  WriteCommand                  
200016b0  _lock                         
200016b4  _unlock                       
200016b8  __TI_cleanup_ptr              
200016bc  __TI_dtors_ptr                
200016c0  main_func_sp                  
200016c8  __stack                       
20001ac8  __STACK_END                   
20001ac8  __STACK_TOP                   
20001c2c  g_sTouchX                     
20001c2e  g_sTouchY                     
ffffffff  __binit__                     
ffffffff  __c_args__                    
ffffffff  binit                         
UNDEFED   SHT$$INIT_ARRAY$$Base         
UNDEFED   SHT$$INIT_ARRAY$$Limit        

[203 symbols]
