<?xml version="1.0"?>
<link_info>
   <banner>TI ARM Linker PC v5.2.2</banner>
   <copyright>Copyright (c) 1996-2015 Texas Instruments Incorporated</copyright>
   <link_time>0x58767f87</link_time>
   <link_errors>0x0</link_errors>
   <output_file>lab10.out</output_file>
   <entry_point>
      <name>_c_int00</name>
      <address>0xa481</address>
   </entry_point>
   <input_file_list>
      <input_file id="fl-2">
         <path>.\</path>
         <kind>object</kind>
         <file>Kentec320x240x16_ssd2119_SPI.obj</file>
         <name>Kentec320x240x16_ssd2119_SPI.obj</name>
      </input_file>
      <input_file id="fl-3">
         <path>.\</path>
         <kind>object</kind>
         <file>grlib_demo.obj</file>
         <name>grlib_demo.obj</name>
      </input_file>
      <input_file id="fl-4">
         <path>.\</path>
         <kind>object</kind>
         <file>images.obj</file>
         <name>images.obj</name>
      </input_file>
      <input_file id="fl-5">
         <path>.\</path>
         <kind>object</kind>
         <file>tm4c123gh6pm_startup_ccs.obj</file>
         <name>tm4c123gh6pm_startup_ccs.obj</name>
      </input_file>
      <input_file id="fl-6">
         <path>.\</path>
         <kind>object</kind>
         <file>touch.obj</file>
         <name>touch.obj</name>
      </input_file>
      <input_file id="fl-7">
         <path>.\</path>
         <kind>object</kind>
         <file>ustdlib.obj</file>
         <name>ustdlib.obj</name>
      </input_file>
      <input_file id="fl-e">
         <path>C:\ti\TivaWare_C_Series-2.1.1.71\driverlib\ccs\Debug\</path>
         <kind>archive</kind>
         <file>driverlib.lib</file>
         <name>adc.obj</name>
      </input_file>
      <input_file id="fl-f">
         <path>C:\ti\TivaWare_C_Series-2.1.1.71\driverlib\ccs\Debug\</path>
         <kind>archive</kind>
         <file>driverlib.lib</file>
         <name>fpu.obj</name>
      </input_file>
      <input_file id="fl-10">
         <path>C:\ti\TivaWare_C_Series-2.1.1.71\driverlib\ccs\Debug\</path>
         <kind>archive</kind>
         <file>driverlib.lib</file>
         <name>gpio.obj</name>
      </input_file>
      <input_file id="fl-11">
         <path>C:\ti\TivaWare_C_Series-2.1.1.71\driverlib\ccs\Debug\</path>
         <kind>archive</kind>
         <file>driverlib.lib</file>
         <name>interrupt.obj</name>
      </input_file>
      <input_file id="fl-12">
         <path>C:\ti\TivaWare_C_Series-2.1.1.71\driverlib\ccs\Debug\</path>
         <kind>archive</kind>
         <file>driverlib.lib</file>
         <name>ssi.obj</name>
      </input_file>
      <input_file id="fl-13">
         <path>C:\ti\TivaWare_C_Series-2.1.1.71\driverlib\ccs\Debug\</path>
         <kind>archive</kind>
         <file>driverlib.lib</file>
         <name>sysctl.obj</name>
      </input_file>
      <input_file id="fl-14">
         <path>C:\ti\TivaWare_C_Series-2.1.1.71\driverlib\ccs\Debug\</path>
         <kind>archive</kind>
         <file>driverlib.lib</file>
         <name>timer.obj</name>
      </input_file>
      <input_file id="fl-15">
         <path>C:\ti\TivaWare_C_Series-2.1.1.71\driverlib\ccs\Debug\</path>
         <kind>archive</kind>
         <file>driverlib.lib</file>
         <name>udma.obj</name>
      </input_file>
      <input_file id="fl-16">
         <path>C:\ti\TivaWare_C_Series-2.1.1.71\driverlib\ccs\Debug\</path>
         <kind>archive</kind>
         <file>driverlib.lib</file>
         <name>cpu.obj</name>
      </input_file>
      <input_file id="fl-17">
         <path>C:\ti\TivaWare_C_Series-2.1.1.71\grlib\ccs\Debug\</path>
         <kind>archive</kind>
         <file>grlib.lib</file>
         <name>canvas.obj</name>
      </input_file>
      <input_file id="fl-18">
         <path>C:\ti\TivaWare_C_Series-2.1.1.71\grlib\ccs\Debug\</path>
         <kind>archive</kind>
         <file>grlib.lib</file>
         <name>checkbox.obj</name>
      </input_file>
      <input_file id="fl-19">
         <path>C:\ti\TivaWare_C_Series-2.1.1.71\grlib\ccs\Debug\</path>
         <kind>archive</kind>
         <file>grlib.lib</file>
         <name>circle.obj</name>
      </input_file>
      <input_file id="fl-1a">
         <path>C:\ti\TivaWare_C_Series-2.1.1.71\grlib\ccs\Debug\</path>
         <kind>archive</kind>
         <file>grlib.lib</file>
         <name>container.obj</name>
      </input_file>
      <input_file id="fl-1b">
         <path>C:\ti\TivaWare_C_Series-2.1.1.71\grlib\ccs\Debug\</path>
         <kind>archive</kind>
         <file>grlib.lib</file>
         <name>context.obj</name>
      </input_file>
      <input_file id="fl-1c">
         <path>C:\ti\TivaWare_C_Series-2.1.1.71\grlib\ccs\Debug\</path>
         <kind>archive</kind>
         <file>grlib.lib</file>
         <name>image.obj</name>
      </input_file>
      <input_file id="fl-1d">
         <path>C:\ti\TivaWare_C_Series-2.1.1.71\grlib\ccs\Debug\</path>
         <kind>archive</kind>
         <file>grlib.lib</file>
         <name>line.obj</name>
      </input_file>
      <input_file id="fl-1e">
         <path>C:\ti\TivaWare_C_Series-2.1.1.71\grlib\ccs\Debug\</path>
         <kind>archive</kind>
         <file>grlib.lib</file>
         <name>pushbutton.obj</name>
      </input_file>
      <input_file id="fl-1f">
         <path>C:\ti\TivaWare_C_Series-2.1.1.71\grlib\ccs\Debug\</path>
         <kind>archive</kind>
         <file>grlib.lib</file>
         <name>radiobutton.obj</name>
      </input_file>
      <input_file id="fl-20">
         <path>C:\ti\TivaWare_C_Series-2.1.1.71\grlib\ccs\Debug\</path>
         <kind>archive</kind>
         <file>grlib.lib</file>
         <name>rectangle.obj</name>
      </input_file>
      <input_file id="fl-21">
         <path>C:\ti\TivaWare_C_Series-2.1.1.71\grlib\ccs\Debug\</path>
         <kind>archive</kind>
         <file>grlib.lib</file>
         <name>slider.obj</name>
      </input_file>
      <input_file id="fl-22">
         <path>C:\ti\TivaWare_C_Series-2.1.1.71\grlib\ccs\Debug\</path>
         <kind>archive</kind>
         <file>grlib.lib</file>
         <name>string.obj</name>
      </input_file>
      <input_file id="fl-23">
         <path>C:\ti\TivaWare_C_Series-2.1.1.71\grlib\ccs\Debug\</path>
         <kind>archive</kind>
         <file>grlib.lib</file>
         <name>widget.obj</name>
      </input_file>
      <input_file id="fl-24">
         <path>C:\ti\TivaWare_C_Series-2.1.1.71\grlib\ccs\Debug\</path>
         <kind>archive</kind>
         <file>grlib.lib</file>
         <name>fontcm12.obj</name>
      </input_file>
      <input_file id="fl-25">
         <path>C:\ti\TivaWare_C_Series-2.1.1.71\grlib\ccs\Debug\</path>
         <kind>archive</kind>
         <file>grlib.lib</file>
         <name>fontcm14.obj</name>
      </input_file>
      <input_file id="fl-26">
         <path>C:\ti\TivaWare_C_Series-2.1.1.71\grlib\ccs\Debug\</path>
         <kind>archive</kind>
         <file>grlib.lib</file>
         <name>fontcm18.obj</name>
      </input_file>
      <input_file id="fl-27">
         <path>C:\ti\TivaWare_C_Series-2.1.1.71\grlib\ccs\Debug\</path>
         <kind>archive</kind>
         <file>grlib.lib</file>
         <name>fontcm20.obj</name>
      </input_file>
      <input_file id="fl-28">
         <path>C:\ti\TivaWare_C_Series-2.1.1.71\grlib\ccs\Debug\</path>
         <kind>archive</kind>
         <file>grlib.lib</file>
         <name>fontcm22.obj</name>
      </input_file>
      <input_file id="fl-29">
         <path>C:\ti\TivaWare_C_Series-2.1.1.71\grlib\ccs\Debug\</path>
         <kind>archive</kind>
         <file>grlib.lib</file>
         <name>fontcm24.obj</name>
      </input_file>
      <input_file id="fl-2a">
         <path>C:\ti\TivaWare_C_Series-2.1.1.71\grlib\ccs\Debug\</path>
         <kind>archive</kind>
         <file>grlib.lib</file>
         <name>charmap.obj</name>
      </input_file>
      <input_file id="fl-14c">
         <path>C:\ti\ccsv6\tools\compiler\ti-cgt-arm_5.2.2\lib\</path>
         <kind>archive</kind>
         <file>rtsv7M4_T_le_v4SPD16_eabi.lib</file>
         <name>boot.obj</name>
      </input_file>
      <input_file id="fl-14d">
         <path>C:\ti\ccsv6\tools\compiler\ti-cgt-arm_5.2.2\lib\</path>
         <kind>archive</kind>
         <file>rtsv7M4_T_le_v4SPD16_eabi.lib</file>
         <name>copy_decompress_none.obj</name>
      </input_file>
      <input_file id="fl-14e">
         <path>C:\ti\ccsv6\tools\compiler\ti-cgt-arm_5.2.2\lib\</path>
         <kind>archive</kind>
         <file>rtsv7M4_T_le_v4SPD16_eabi.lib</file>
         <name>copy_decompress_rle.obj</name>
      </input_file>
      <input_file id="fl-14f">
         <path>C:\ti\ccsv6\tools\compiler\ti-cgt-arm_5.2.2\lib\</path>
         <kind>archive</kind>
         <file>rtsv7M4_T_le_v4SPD16_eabi.lib</file>
         <name>copy_zero_init.obj</name>
      </input_file>
      <input_file id="fl-150">
         <path>C:\ti\ccsv6\tools\compiler\ti-cgt-arm_5.2.2\lib\</path>
         <kind>archive</kind>
         <file>rtsv7M4_T_le_v4SPD16_eabi.lib</file>
         <name>exit.obj</name>
      </input_file>
      <input_file id="fl-151">
         <path>C:\ti\ccsv6\tools\compiler\ti-cgt-arm_5.2.2\lib\</path>
         <kind>archive</kind>
         <file>rtsv7M4_T_le_v4SPD16_eabi.lib</file>
         <name>memcpy_t2.obj</name>
      </input_file>
      <input_file id="fl-152">
         <path>C:\ti\ccsv6\tools\compiler\ti-cgt-arm_5.2.2\lib\</path>
         <kind>archive</kind>
         <file>rtsv7M4_T_le_v4SPD16_eabi.lib</file>
         <name>memset_t2.obj</name>
      </input_file>
      <input_file id="fl-153">
         <path>C:\ti\ccsv6\tools\compiler\ti-cgt-arm_5.2.2\lib\</path>
         <kind>archive</kind>
         <file>rtsv7M4_T_le_v4SPD16_eabi.lib</file>
         <name>pre_init.obj</name>
      </input_file>
      <input_file id="fl-154">
         <path>C:\ti\ccsv6\tools\compiler\ti-cgt-arm_5.2.2\lib\</path>
         <kind>archive</kind>
         <file>rtsv7M4_T_le_v4SPD16_eabi.lib</file>
         <name>stkdepth_vars.obj</name>
      </input_file>
      <input_file id="fl-155">
         <path>C:\ti\ccsv6\tools\compiler\ti-cgt-arm_5.2.2\lib\</path>
         <kind>archive</kind>
         <file>rtsv7M4_T_le_v4SPD16_eabi.lib</file>
         <name>u_divt2.obj</name>
      </input_file>
      <input_file id="fl-156">
         <path>C:\ti\ccsv6\tools\compiler\ti-cgt-arm_5.2.2\lib\</path>
         <kind>archive</kind>
         <file>rtsv7M4_T_le_v4SPD16_eabi.lib</file>
         <name>_lock.obj</name>
      </input_file>
      <input_file id="fl-157">
         <path>C:\ti\ccsv6\tools\compiler\ti-cgt-arm_5.2.2\lib\</path>
         <kind>archive</kind>
         <file>rtsv7M4_T_le_v4SPD16_eabi.lib</file>
         <name>args_main.obj</name>
      </input_file>
      <input_file id="fl-158">
         <path>C:\ti\ccsv6\tools\compiler\ti-cgt-arm_5.2.2\lib\</path>
         <kind>archive</kind>
         <file>rtsv7M4_T_le_v4SPD16_eabi.lib</file>
         <name>autoinit.obj</name>
      </input_file>
      <input_file id="fl-159">
         <path>C:\ti\ccsv6\tools\compiler\ti-cgt-arm_5.2.2\lib\</path>
         <kind>archive</kind>
         <file>rtsv7M4_T_le_v4SPD16_eabi.lib</file>
         <name>cpy_tbl.obj</name>
      </input_file>
   </input_file_list>
   <object_component_list>
      <object_component id="oc-f">
         <name>.intvecs</name>
         <load_address>0x0</load_address>
         <run_address>0x0</run_address>
         <size>0x26c</size>
         <input_file_ref idref="fl-5"/>
      </object_component>
      <object_component id="oc-103">
         <name>.text</name>
         <load_address>0x5f58</load_address>
         <run_address>0x5f58</run_address>
         <size>0x8d4</size>
         <input_file_ref idref="fl-3"/>
      </object_component>
      <object_component id="oc-1d4">
         <name>.text</name>
         <load_address>0x682c</load_address>
         <run_address>0x682c</run_address>
         <size>0x704</size>
         <input_file_ref idref="fl-2"/>
      </object_component>
      <object_component id="oc-171">
         <name>.text</name>
         <load_address>0x6f30</load_address>
         <run_address>0x6f30</run_address>
         <size>0x6dc</size>
         <input_file_ref idref="fl-7"/>
      </object_component>
      <object_component id="oc-2f3">
         <name>.text:InternalImageDraw</name>
         <load_address>0x760c</load_address>
         <run_address>0x760c</run_address>
         <size>0x370</size>
         <input_file_ref idref="fl-1c"/>
      </object_component>
      <object_component id="oc-30">
         <name>.text</name>
         <load_address>0x797c</load_address>
         <run_address>0x797c</run_address>
         <size>0x308</size>
         <input_file_ref idref="fl-6"/>
      </object_component>
      <object_component id="oc-44a">
         <name>.text:PixelTransparentDraw</name>
         <load_address>0x7c84</load_address>
         <run_address>0x7c84</run_address>
         <size>0x2e4</size>
         <input_file_ref idref="fl-1c"/>
      </object_component>
      <object_component id="oc-419">
         <name>.text:SliderPaint</name>
         <load_address>0x7f68</load_address>
         <run_address>0x7f68</run_address>
         <size>0x2c4</size>
         <input_file_ref idref="fl-21"/>
      </object_component>
      <object_component id="oc-47a">
         <name>.text:GrFontGlyphRender</name>
         <load_address>0x822c</load_address>
         <run_address>0x822c</run_address>
         <size>0x256</size>
         <input_file_ref idref="fl-22"/>
      </object_component>
      <object_component id="oc-3da">
         <name>.text:CheckBoxPaint</name>
         <load_address>0x8482</load_address>
         <run_address>0x8482</run_address>
         <size>0x20e</size>
         <input_file_ref idref="fl-18"/>
      </object_component>
      <object_component id="oc-19b">
         <name>.text:GrCircleDraw</name>
         <load_address>0x8690</load_address>
         <run_address>0x8690</run_address>
         <size>0x20a</size>
         <input_file_ref idref="fl-19"/>
      </object_component>
      <object_component id="oc-3f0">
         <name>.text:RadioButtonPaint</name>
         <load_address>0x889a</load_address>
         <run_address>0x889a</run_address>
         <size>0x1b6</size>
         <input_file_ref idref="fl-1f"/>
      </object_component>
      <object_component id="oc-3c0">
         <name>.text:CanvasPaint</name>
         <load_address>0x8a50</load_address>
         <run_address>0x8a50</run_address>
         <size>0x194</size>
         <input_file_ref idref="fl-17"/>
      </object_component>
      <object_component id="oc-3c8">
         <name>.text:RectangularButtonPaint</name>
         <load_address>0x8be4</load_address>
         <run_address>0x8be4</run_address>
         <size>0x176</size>
         <input_file_ref idref="fl-1e"/>
      </object_component>
      <object_component id="oc-3fe">
         <name>.text:CircularButtonPaint</name>
         <load_address>0x8d5a</load_address>
         <run_address>0x8d5a</run_address>
         <size>0x16a</size>
         <input_file_ref idref="fl-1e"/>
      </object_component>
      <object_component id="oc-4ba">
         <name>.text:ContainerPaint</name>
         <load_address>0x8ec4</load_address>
         <run_address>0x8ec4</run_address>
         <size>0x152</size>
         <input_file_ref idref="fl-1a"/>
      </object_component>
      <object_component id="oc-195">
         <name>.text:GrCircleFill</name>
         <load_address>0x9016</load_address>
         <run_address>0x9016</run_address>
         <size>0x146</size>
         <input_file_ref idref="fl-19"/>
      </object_component>
      <object_component id="oc-124">
         <name>.text:GPIOPadConfigSet</name>
         <load_address>0x915c</load_address>
         <run_address>0x915c</run_address>
         <size>0x130</size>
         <input_file_ref idref="fl-10"/>
      </object_component>
      <object_component id="oc-b7">
         <name>.text:SysCtlClockGet</name>
         <load_address>0x928c</load_address>
         <run_address>0x928c</run_address>
         <size>0x10c</size>
         <input_file_ref idref="fl-13"/>
      </object_component>
      <object_component id="oc-18f">
         <name>.text:GrLineDraw</name>
         <load_address>0x9398</load_address>
         <run_address>0x9398</run_address>
         <size>0x106</size>
         <input_file_ref idref="fl-1d"/>
      </object_component>
      <object_component id="oc-3ce">
         <name>.text:RectangularButtonClick</name>
         <load_address>0x949e</load_address>
         <run_address>0x949e</run_address>
         <size>0xf2</size>
         <input_file_ref idref="fl-1e"/>
      </object_component>
      <object_component id="oc-1ce">
         <name>.text:SysCtlClockSet</name>
         <load_address>0x9590</load_address>
         <run_address>0x9590</run_address>
         <size>0xf0</size>
         <input_file_ref idref="fl-13"/>
      </object_component>
      <object_component id="oc-16b">
         <name>.text:WidgetMessageQueueAdd</name>
         <load_address>0x9680</load_address>
         <run_address>0x9680</run_address>
         <size>0xe8</size>
         <input_file_ref idref="fl-23"/>
      </object_component>
      <object_component id="oc-404">
         <name>.text:CircularButtonClick</name>
         <load_address>0x9768</load_address>
         <run_address>0x9768</run_address>
         <size>0xd4</size>
         <input_file_ref idref="fl-1e"/>
      </object_component>
      <object_component id="oc-41f">
         <name>.text:SliderClick</name>
         <load_address>0x983c</load_address>
         <run_address>0x983c</run_address>
         <size>0xd2</size>
         <input_file_ref idref="fl-21"/>
      </object_component>
      <object_component id="oc-34d">
         <name>.text:GrDefaultStringRenderer</name>
         <load_address>0x990e</load_address>
         <run_address>0x990e</run_address>
         <size>0xc4</size>
         <input_file_ref idref="fl-22"/>
      </object_component>
      <object_component id="oc-2d9">
         <name>.text:GrLineClip</name>
         <load_address>0x99d2</load_address>
         <run_address>0x99d2</run_address>
         <size>0xc0</size>
         <input_file_ref idref="fl-1d"/>
      </object_component>
      <object_component id="oc-363">
         <name>.text:WidgetMessageSendPostOrder</name>
         <load_address>0x9a94</load_address>
         <run_address>0x9a94</run_address>
         <size>0xb4</size>
         <input_file_ref idref="fl-23"/>
      </object_component>
      <object_component id="oc-4d8">
         <name>.text:SliderValueToPosition</name>
         <load_address>0x9b48</load_address>
         <run_address>0x9b48</run_address>
         <size>0xb0</size>
         <input_file_ref idref="fl-21"/>
      </object_component>
      <object_component id="oc-39">
         <name>.text</name>
         <load_address>0x9bf8</load_address>
         <run_address>0x9bf8</run_address>
         <size>0x9c</size>
         <input_file_ref idref="fl-151"/>
      </object_component>
      <object_component id="oc-3f6">
         <name>.text:RadioButtonClick</name>
         <load_address>0x9c94</load_address>
         <run_address>0x9c94</run_address>
         <size>0x90</size>
         <input_file_ref idref="fl-1f"/>
      </object_component>
      <object_component id="oc-4d2">
         <name>.text:GrRectIntersectGet</name>
         <load_address>0x9d24</load_address>
         <run_address>0x9d24</run_address>
         <size>0x8a</size>
         <input_file_ref idref="fl-20"/>
      </object_component>
      <object_component id="oc-1a1">
         <name>.text:GrRectFill</name>
         <load_address>0x9dae</load_address>
         <run_address>0x9dae</run_address>
         <size>0x86</size>
         <input_file_ref idref="fl-20"/>
      </object_component>
      <object_component id="oc-8d">
         <name>.text:ADCSequenceStepConfigure</name>
         <load_address>0x9e34</load_address>
         <run_address>0x9e34</run_address>
         <size>0x7a</size>
         <input_file_ref idref="fl-e"/>
      </object_component>
      <object_component id="oc-52">
         <name>.text</name>
         <load_address>0x9eae</load_address>
         <run_address>0x9eae</run_address>
         <size>0x7a</size>
         <input_file_ref idref="fl-152"/>
      </object_component>
      <object_component id="oc-64">
         <name>.text</name>
         <load_address>0x9f28</load_address>
         <run_address>0x9f28</run_address>
         <size>0x6c</size>
         <input_file_ref idref="fl-158"/>
      </object_component>
      <object_component id="oc-1b6">
         <name>.text:GrStringWidthGet</name>
         <load_address>0x9f94</load_address>
         <run_address>0x9f94</run_address>
         <size>0x6a</size>
         <input_file_ref idref="fl-22"/>
      </object_component>
      <object_component id="oc-45">
         <name>.text</name>
         <load_address>0x9ffe</load_address>
         <run_address>0x9ffe</run_address>
         <size>0x6a</size>
         <input_file_ref idref="fl-14e"/>
      </object_component>
      <object_component id="oc-1da">
         <name>.text:GrContextInit</name>
         <load_address>0xa068</load_address>
         <run_address>0xa068</run_address>
         <size>0x68</size>
         <input_file_ref idref="fl-1b"/>
      </object_component>
      <object_component id="oc-9f">
         <name>.text:IntEnable</name>
         <load_address>0xa0d0</load_address>
         <run_address>0xa0d0</run_address>
         <size>0x68</size>
         <input_file_ref idref="fl-11"/>
      </object_component>
      <object_component id="oc-1a7">
         <name>.text:GrRectDraw</name>
         <load_address>0xa138</load_address>
         <run_address>0xa138</run_address>
         <size>0x66</size>
         <input_file_ref idref="fl-20"/>
      </object_component>
      <object_component id="oc-1ed">
         <name>.text:WidgetMessageQueueProcess</name>
         <load_address>0xa1a0</load_address>
         <run_address>0xa1a0</run_address>
         <size>0x64</size>
         <input_file_ref idref="fl-23"/>
      </object_component>
      <object_component id="oc-4a3">
         <name>.text:GrContextClipRegionSet</name>
         <load_address>0xa204</load_address>
         <run_address>0xa204</run_address>
         <size>0x62</size>
         <input_file_ref idref="fl-1b"/>
      </object_component>
      <object_component id="oc-b1">
         <name>.text:TimerConfigure</name>
         <load_address>0xa268</load_address>
         <run_address>0xa268</run_address>
         <size>0x60</size>
         <input_file_ref idref="fl-14"/>
      </object_component>
      <object_component id="oc-35d">
         <name>.text:WidgetMessageSendPreOrder</name>
         <load_address>0xa2c8</load_address>
         <run_address>0xa2c8</run_address>
         <size>0x5c</size>
         <input_file_ref idref="fl-23"/>
      </object_component>
      <object_component id="oc-459">
         <name>.text:FontWideGlyphDataGet</name>
         <load_address>0xa324</load_address>
         <run_address>0xa324</run_address>
         <size>0x5a</size>
         <input_file_ref idref="fl-22"/>
      </object_component>
      <object_component id="oc-4df">
         <name>.text:SliderPositionToValue</name>
         <load_address>0xa37e</load_address>
         <run_address>0xa37e</run_address>
         <size>0x58</size>
         <input_file_ref idref="fl-21"/>
      </object_component>
      <object_component id="oc-c3">
         <name>.text:TimerControlTrigger</name>
         <load_address>0xa3d8</load_address>
         <run_address>0xa3d8</run_address>
         <size>0x58</size>
         <input_file_ref idref="fl-14"/>
      </object_component>
      <object_component id="oc-3e0">
         <name>.text:CheckBoxClick</name>
         <load_address>0xa430</load_address>
         <run_address>0xa430</run_address>
         <size>0x50</size>
         <input_file_ref idref="fl-18"/>
      </object_component>
      <object_component id="oc-24">
         <name>.text</name>
         <load_address>0xa480</load_address>
         <run_address>0xa480</run_address>
         <size>0x50</size>
         <input_file_ref idref="fl-14c"/>
      </object_component>
      <object_component id="oc-15f">
         <name>.text:WidgetRemove</name>
         <load_address>0xa4d0</load_address>
         <run_address>0xa4d0</run_address>
         <size>0x4c</size>
         <input_file_ref idref="fl-23"/>
      </object_component>
      <object_component id="oc-fb">
         <name>.text</name>
         <load_address>0xa51c</load_address>
         <run_address>0xa51c</run_address>
         <size>0x4c</size>
         <input_file_ref idref="fl-159"/>
      </object_component>
      <object_component id="oc-2ca">
         <name>.text:UpdateContextCharMapping</name>
         <load_address>0xa568</load_address>
         <run_address>0xa568</run_address>
         <size>0x4a</size>
         <input_file_ref idref="fl-22"/>
      </object_component>
      <object_component id="oc-32e">
         <name>.text:GPIOPinConfigure</name>
         <load_address>0xa5b4</load_address>
         <run_address>0xa5b4</run_address>
         <size>0x48</size>
         <input_file_ref idref="fl-10"/>
      </object_component>
      <object_component id="oc-2df">
         <name>.text:GrLineDrawH</name>
         <load_address>0xa5fc</load_address>
         <run_address>0xa5fc</run_address>
         <size>0x46</size>
         <input_file_ref idref="fl-1d"/>
      </object_component>
      <object_component id="oc-2e5">
         <name>.text:GrLineDrawV</name>
         <load_address>0xa642</load_address>
         <run_address>0xa642</run_address>
         <size>0x46</size>
         <input_file_ref idref="fl-1d"/>
      </object_component>
      <object_component id="oc-70">
         <name>.text</name>
         <load_address>0xa688</load_address>
         <run_address>0xa688</run_address>
         <size>0x44</size>
         <input_file_ref idref="fl-150"/>
      </object_component>
      <object_component id="oc-258">
         <name>.text</name>
         <load_address>0xa6cc</load_address>
         <run_address>0xa6cc</run_address>
         <size>0x42</size>
         <input_file_ref idref="fl-155"/>
      </object_component>
      <object_component id="oc-87">
         <name>.text:ADCSequenceConfigure</name>
         <load_address>0xa70e</load_address>
         <run_address>0xa70e</run_address>
         <size>0x3e</size>
         <input_file_ref idref="fl-e"/>
      </object_component>
      <object_component id="oc-340">
         <name>.text:SSIConfigSetExpClk</name>
         <load_address>0xa74c</load_address>
         <run_address>0xa74c</run_address>
         <size>0x3c</size>
         <input_file_ref idref="fl-12"/>
      </object_component>
      <object_component id="oc-45f">
         <name>.text:FontGlyphDataGet</name>
         <load_address>0xa788</load_address>
         <run_address>0xa788</run_address>
         <size>0x3a</size>
         <input_file_ref idref="fl-22"/>
      </object_component>
      <object_component id="oc-4fd">
         <name>.text:GrRectOverlapCheck</name>
         <load_address>0xa7c2</load_address>
         <run_address>0xa7c2</run_address>
         <size>0x38</size>
         <input_file_ref idref="fl-20"/>
      </object_component>
      <object_component id="oc-322">
         <name>.text:SysCtlPeripheralReady</name>
         <load_address>0xa7fc</load_address>
         <run_address>0xa7fc</run_address>
         <size>0x38</size>
         <input_file_ref idref="fl-13"/>
      </object_component>
      <object_component id="oc-43b">
         <name>.text:GrClipCodeGet</name>
         <load_address>0xa834</load_address>
         <run_address>0xa834</run_address>
         <size>0x36</size>
         <input_file_ref idref="fl-1d"/>
      </object_component>
      <object_component id="oc-7b">
         <name>.text:SysCtlPeripheralEnable</name>
         <load_address>0xa86c</load_address>
         <run_address>0xa86c</run_address>
         <size>0x34</size>
         <input_file_ref idref="fl-13"/>
      </object_component>
      <object_component id="oc-302">
         <name>.text:GrStringNextCharGet</name>
         <load_address>0xa8a0</load_address>
         <run_address>0xa8a0</run_address>
         <size>0x2e</size>
         <input_file_ref idref="fl-22"/>
      </object_component>
      <object_component id="oc-1bc">
         <name>.text:GrFontBaselineGet</name>
         <load_address>0xa8ce</load_address>
         <run_address>0xa8ce</run_address>
         <size>0x2c</size>
         <input_file_ref idref="fl-22"/>
      </object_component>
      <object_component id="oc-4a9">
         <name>.text:GrFontHeightGet</name>
         <load_address>0xa8fa</load_address>
         <run_address>0xa8fa</run_address>
         <size>0x2c</size>
         <input_file_ref idref="fl-22"/>
      </object_component>
      <object_component id="oc-2a4">
         <name>.text:SliderMsgProc</name>
         <load_address>0xa926</load_address>
         <run_address>0xa926</run_address>
         <size>0x2c</size>
         <input_file_ref idref="fl-21"/>
      </object_component>
      <object_component id="oc-283">
         <name>.text:CheckBoxMsgProc</name>
         <load_address>0xa952</load_address>
         <run_address>0xa952</run_address>
         <size>0x2a</size>
         <input_file_ref idref="fl-18"/>
      </object_component>
      <object_component id="oc-12a">
         <name>.text:GPIODirModeSet</name>
         <load_address>0xa97c</load_address>
         <run_address>0xa97c</run_address>
         <size>0x2a</size>
         <input_file_ref idref="fl-10"/>
      </object_component>
      <object_component id="oc-28c">
         <name>.text:RadioButtonMsgProc</name>
         <load_address>0xa9a6</load_address>
         <run_address>0xa9a6</run_address>
         <size>0x2a</size>
         <input_file_ref idref="fl-1f"/>
      </object_component>
      <object_component id="oc-244">
         <name>.text:WidgetIsInTree</name>
         <load_address>0xa9d0</load_address>
         <run_address>0xa9d0</run_address>
         <size>0x2a</size>
         <input_file_ref idref="fl-23"/>
      </object_component>
      <object_component id="oc-292">
         <name>.text:CircularButtonMsgProc</name>
         <load_address>0xa9fa</load_address>
         <run_address>0xa9fa</run_address>
         <size>0x28</size>
         <input_file_ref idref="fl-1e"/>
      </object_component>
      <object_component id="oc-277">
         <name>.text:RectangularButtonMsgProc</name>
         <load_address>0xaa22</load_address>
         <run_address>0xaa22</run_address>
         <size>0x28</size>
         <input_file_ref idref="fl-1e"/>
      </object_component>
      <object_component id="oc-30e">
         <name>.text:GrFontInfoGet</name>
         <load_address>0xaa4a</load_address>
         <run_address>0xaa4a</run_address>
         <size>0x26</size>
         <input_file_ref idref="fl-22"/>
      </object_component>
      <object_component id="oc-165">
         <name>.text:WidgetAdd</name>
         <load_address>0xaa70</load_address>
         <run_address>0xaa70</run_address>
         <size>0x24</size>
         <input_file_ref idref="fl-23"/>
      </object_component>
      <object_component id="oc-308">
         <name>.text:GrFontGlyphDataGet</name>
         <load_address>0xaa94</load_address>
         <run_address>0xaa94</run_address>
         <size>0x22</size>
         <input_file_ref idref="fl-22"/>
      </object_component>
      <object_component id="oc-430">
         <name>.text:GrFontCodepageGet</name>
         <load_address>0xaab6</load_address>
         <run_address>0xaab6</run_address>
         <size>0x1e</size>
         <input_file_ref idref="fl-22"/>
      </object_component>
      <object_component id="oc-208">
         <name>.text:WidgetPointerMessage</name>
         <load_address>0xaad4</load_address>
         <run_address>0xaad4</run_address>
         <size>0x1c</size>
         <input_file_ref idref="fl-23"/>
      </object_component>
      <object_component id="oc-a5">
         <name>.text:GPIOPinTypeGPIOOutput</name>
         <load_address>0xaaf0</load_address>
         <run_address>0xaaf0</run_address>
         <size>0x18</size>
         <input_file_ref idref="fl-10"/>
      </object_component>
      <object_component id="oc-6a">
         <name>.text</name>
         <load_address>0xab08</load_address>
         <run_address>0xab08</run_address>
         <size>0x18</size>
         <input_file_ref idref="fl-157"/>
      </object_component>
      <object_component id="oc-183">
         <name>.text:GrStringDraw</name>
         <load_address>0xab20</load_address>
         <run_address>0xab20</run_address>
         <size>0x16</size>
         <input_file_ref idref="fl-22"/>
      </object_component>
      <object_component id="oc-271">
         <name>.text:CanvasMsgProc</name>
         <load_address>0xab36</load_address>
         <run_address>0xab36</run_address>
         <size>0x14</size>
         <input_file_ref idref="fl-17"/>
      </object_component>
      <object_component id="oc-3e8">
         <name>.text:ContainerMsgProc</name>
         <load_address>0xab4a</load_address>
         <run_address>0xab4a</run_address>
         <size>0x14</size>
         <input_file_ref idref="fl-1a"/>
      </object_component>
      <object_component id="oc-24d">
         <name>.text:WidgetMutexGet</name>
         <load_address>0xab5e</load_address>
         <run_address>0xab5e</run_address>
         <size>0x14</size>
         <input_file_ref idref="fl-23"/>
      </object_component>
      <object_component id="oc-218">
         <name>.text</name>
         <load_address>0xab74</load_address>
         <run_address>0xab74</run_address>
         <size>0x14</size>
         <input_file_ref idref="fl-156"/>
      </object_component>
      <object_component id="oc-81">
         <name>.text:ADCHardwareOversampleConfigure</name>
         <load_address>0xab88</load_address>
         <run_address>0xab88</run_address>
         <size>0x12</size>
         <input_file_ref idref="fl-e"/>
      </object_component>
      <object_component id="oc-334">
         <name>.text:GPIOPinTypeSSI</name>
         <load_address>0xab9a</load_address>
         <run_address>0xab9a</run_address>
         <size>0x12</size>
         <input_file_ref idref="fl-10"/>
      </object_component>
      <object_component id="oc-bd">
         <name>.text:TimerLoadSet</name>
         <load_address>0xabac</load_address>
         <run_address>0xabac</run_address>
         <size>0x12</size>
         <input_file_ref idref="fl-14"/>
      </object_component>
      <object_component id="oc-99">
         <name>.text:ADCIntEnable</name>
         <load_address>0xabbe</load_address>
         <run_address>0xabbe</run_address>
         <size>0x10</size>
         <input_file_ref idref="fl-e"/>
      </object_component>
      <object_component id="oc-1c2">
         <name>.text:FPUEnable</name>
         <load_address>0xabd0</load_address>
         <run_address>0xabd0</run_address>
         <size>0x10</size>
         <input_file_ref idref="fl-f"/>
      </object_component>
      <object_component id="oc-1c8">
         <name>.text:FPULazyStackingEnable</name>
         <load_address>0xabe0</load_address>
         <run_address>0xabe0</run_address>
         <size>0x10</size>
         <input_file_ref idref="fl-f"/>
      </object_component>
      <object_component id="oc-1e7">
         <name>.text:uDMAEnable</name>
         <load_address>0xabf0</load_address>
         <run_address>0xabf0</run_address>
         <size>0x10</size>
         <input_file_ref idref="fl-15"/>
      </object_component>
      <object_component id="oc-93">
         <name>.text:ADCSequenceEnable</name>
         <load_address>0xac00</load_address>
         <run_address>0xac00</run_address>
         <size>0xe</size>
         <input_file_ref idref="fl-e"/>
      </object_component>
      <object_component id="oc-1ad">
         <name>.text:GrImageDraw</name>
         <load_address>0xac0e</load_address>
         <run_address>0xac0e</run_address>
         <size>0xe</size>
         <input_file_ref idref="fl-1c"/>
      </object_component>
      <object_component id="oc-c9">
         <name>.text:TimerEnable</name>
         <load_address>0xac1c</load_address>
         <run_address>0xac1c</run_address>
         <size>0xe</size>
         <input_file_ref idref="fl-14"/>
      </object_component>
      <object_component id="oc-12">
         <name>.text:decompress:none</name>
         <load_address>0xac2a</load_address>
         <run_address>0xac2a</run_address>
         <size>0xe</size>
         <input_file_ref idref="fl-14d"/>
      </object_component>
      <object_component id="oc-1e">
         <name>.text:decompress:ZI</name>
         <load_address>0xac38</load_address>
         <run_address>0xac38</run_address>
         <size>0xc</size>
         <input_file_ref idref="fl-14f"/>
      </object_component>
      <object_component id="oc-2a">
         <name>.text</name>
         <load_address>0xac44</load_address>
         <run_address>0xac44</run_address>
         <size>0xc</size>
         <input_file_ref idref="fl-5"/>
      </object_component>
      <object_component id="oc-1e1">
         <name>.text:uDMAControlBaseSet</name>
         <load_address>0xac50</load_address>
         <run_address>0xac50</run_address>
         <size>0xc</size>
         <input_file_ref idref="fl-15"/>
      </object_component>
      <object_component id="oc-319">
         <name>.text:SSIDataPut</name>
         <load_address>0xac5c</load_address>
         <run_address>0xac5c</run_address>
         <size>0xa</size>
         <input_file_ref idref="fl-12"/>
      </object_component>
      <object_component id="oc-328">
         <name>.text:SSIDisable</name>
         <load_address>0xac66</load_address>
         <run_address>0xac66</run_address>
         <size>0xa</size>
         <input_file_ref idref="fl-12"/>
      </object_component>
      <object_component id="oc-346">
         <name>.text:SSIEnable</name>
         <load_address>0xac70</load_address>
         <run_address>0xac70</run_address>
         <size>0xa</size>
         <input_file_ref idref="fl-12"/>
      </object_component>
      <object_component id="oc-481">
         <name>.text:GrMapISO8859_1_Unicode</name>
         <load_address>0xac7a</load_address>
         <run_address>0xac7a</run_address>
         <size>0x8</size>
         <input_file_ref idref="fl-2a"/>
      </object_component>
      <object_component id="oc-ab">
         <name>.text:GPIOPinWrite</name>
         <load_address>0xac82</load_address>
         <run_address>0xac82</run_address>
         <size>0x6</size>
         <input_file_ref idref="fl-10"/>
      </object_component>
      <object_component id="oc-17d">
         <name>.text:GrContextFontSet</name>
         <load_address>0xac88</load_address>
         <run_address>0xac88</run_address>
         <size>0x6</size>
         <input_file_ref idref="fl-22"/>
      </object_component>
      <object_component id="oc-33a">
         <name>.text:SSIClockSourceSet</name>
         <load_address>0xac8e</load_address>
         <run_address>0xac8e</run_address>
         <size>0x6</size>
         <input_file_ref idref="fl-12"/>
      </object_component>
      <object_component id="oc-1e0">
         <name>.text:SysCtlDelay</name>
         <load_address>0xac94</load_address>
         <run_address>0xac94</run_address>
         <size>0x6</size>
         <input_file_ref idref="fl-13"/>
      </object_component>
      <object_component id="oc-24e">
         <name>.text:WidgetMutexPut</name>
         <load_address>0xac9a</load_address>
         <run_address>0xac9a</run_address>
         <size>0x6</size>
         <input_file_ref idref="fl-23"/>
      </object_component>
      <object_component id="oc-18">
         <name>.text:decompress:rle24</name>
         <load_address>0xaca0</load_address>
         <run_address>0xaca0</run_address>
         <size>0x6</size>
         <input_file_ref idref="fl-14e"/>
      </object_component>
      <object_component id="oc-2c2">
         <name>.text:WidgetDefaultMsgProc</name>
         <load_address>0xaca6</load_address>
         <run_address>0xaca6</run_address>
         <size>0x4</size>
         <input_file_ref idref="fl-23"/>
      </object_component>
      <object_component id="oc-5e">
         <name>.text</name>
         <load_address>0xacaa</load_address>
         <run_address>0xacaa</run_address>
         <size>0x4</size>
         <input_file_ref idref="fl-153"/>
      </object_component>
      <object_component id="oc-376">
         <name>.const:.string:g_pui8Cm24Data</name>
         <load_address>0x26c</load_address>
         <run_address>0x26c</run_address>
         <size>0xa60</size>
         <input_file_ref idref="fl-29"/>
      </object_component>
      <object_component id="oc-370">
         <name>.const:.string:g_pui8Cm22Data</name>
         <load_address>0xccc</load_address>
         <run_address>0xccc</run_address>
         <size>0x960</size>
         <input_file_ref idref="fl-28"/>
      </object_component>
      <object_component id="oc-386">
         <name>.const:.string:g_pui8Cm20Data</name>
         <load_address>0x162c</load_address>
         <run_address>0x162c</run_address>
         <size>0x95e</size>
         <input_file_ref idref="fl-27"/>
      </object_component>
      <object_component id="oc-2fc">
         <name>.const:.string:g_pui8Cm18Data</name>
         <load_address>0x1f8a</load_address>
         <run_address>0x1f8a</run_address>
         <size>0x86e</size>
         <input_file_ref idref="fl-26"/>
      </object_component>
      <object_component id="oc-2b3">
         <name>.const:.string:g_pucRedSlider195x37</name>
         <load_address>0x27f8</load_address>
         <run_address>0x27f8</run_address>
         <size>0x83d</size>
         <input_file_ref idref="fl-4"/>
      </object_component>
      <object_component id="oc-2b0">
         <name>.const:.string:g_pucGreenSlider195x37</name>
         <load_address>0x3035</load_address>
         <run_address>0x3035</run_address>
         <size>0x826</size>
         <input_file_ref idref="fl-4"/>
      </object_component>
      <object_component id="oc-2aa">
         <name>.const:.string:g_pucGettingHotter28x148</name>
         <load_address>0x385b</load_address>
         <run_address>0x385b</run_address>
         <size>0x705</size>
         <input_file_ref idref="fl-4"/>
      </object_component>
      <object_component id="oc-36a">
         <name>.const:.string:g_pui8Cm14Data</name>
         <load_address>0x3f60</load_address>
         <run_address>0x3f60</run_address>
         <size>0x65a</size>
         <input_file_ref idref="fl-25"/>
      </object_component>
      <object_component id="oc-37e">
         <name>.const:.string:g_pui8Cm12Data</name>
         <load_address>0x45ba</load_address>
         <run_address>0x45ba</run_address>
         <size>0x55f</size>
         <input_file_ref idref="fl-24"/>
      </object_component>
      <object_component id="oc-2ad">
         <name>.const:.string:g_pucGettingHotter28x148Mono</name>
         <load_address>0x4b19</load_address>
         <run_address>0x4b19</run_address>
         <size>0x3ad</size>
         <input_file_ref idref="fl-4"/>
      </object_component>
      <object_component id="oc-1fc">
         <name>.const:.string:g_pucLogo</name>
         <load_address>0x4ec6</load_address>
         <run_address>0x4ec6</run_address>
         <size>0x230</size>
         <input_file_ref idref="fl-4"/>
      </object_component>
      <object_component id="oc-27d">
         <name>.const:.string:g_pucBlue50x50</name>
         <load_address>0x50f6</load_address>
         <run_address>0x50f6</run_address>
         <size>0x210</size>
         <input_file_ref idref="fl-4"/>
      </object_component>
      <object_component id="oc-280">
         <name>.const:.string:g_pucBlue50x50Press</name>
         <load_address>0x5306</load_address>
         <run_address>0x5306</run_address>
         <size>0x20e</size>
         <input_file_ref idref="fl-4"/>
      </object_component>
      <object_component id="oc-270">
         <name>.const:.string</name>
         <load_address>0x5514</load_address>
         <run_address>0x5514</run_address>
         <size>0x17a</size>
         <input_file_ref idref="fl-3"/>
      </object_component>
      <object_component id="oc-18c">
         <name>.const:.string:g_pucLightOff</name>
         <load_address>0x568e</load_address>
         <run_address>0x568e</run_address>
         <size>0xf5</size>
         <input_file_ref idref="fl-4"/>
      </object_component>
      <object_component id="oc-189">
         <name>.const:.string:g_pucLightOn</name>
         <load_address>0x5783</load_address>
         <run_address>0x5783</run_address>
         <size>0xe6</size>
         <input_file_ref idref="fl-4"/>
      </object_component>
      <object_component id="oc-1ff">
         <name>.const:g_sFontCm12</name>
         <load_address>0x586c</load_address>
         <run_address>0x586c</run_address>
         <size>0xc8</size>
         <input_file_ref idref="fl-24"/>
      </object_component>
      <object_component id="oc-1f3">
         <name>.const:g_sFontCm14</name>
         <load_address>0x5934</load_address>
         <run_address>0x5934</run_address>
         <size>0xc8</size>
         <input_file_ref idref="fl-25"/>
      </object_component>
      <object_component id="oc-1b3">
         <name>.const:g_sFontCm18</name>
         <load_address>0x59fc</load_address>
         <run_address>0x59fc</run_address>
         <size>0xc8</size>
         <input_file_ref idref="fl-26"/>
      </object_component>
      <object_component id="oc-205">
         <name>.const:g_sFontCm20</name>
         <load_address>0x5ac4</load_address>
         <run_address>0x5ac4</run_address>
         <size>0xc8</size>
         <input_file_ref idref="fl-27"/>
      </object_component>
      <object_component id="oc-1f6">
         <name>.const:g_sFontCm22</name>
         <load_address>0x5b8c</load_address>
         <run_address>0x5b8c</run_address>
         <size>0xc8</size>
         <input_file_ref idref="fl-28"/>
      </object_component>
      <object_component id="oc-1f9">
         <name>.const:g_sFontCm24</name>
         <load_address>0x5c54</load_address>
         <run_address>0x5c54</run_address>
         <size>0xc8</size>
         <input_file_ref idref="fl-29"/>
      </object_component>
      <object_component id="oc-472">
         <name>.const:g_pui32GPIOBaseAddrs</name>
         <load_address>0x5d1c</load_address>
         <run_address>0x5d1c</run_address>
         <size>0x90</size>
         <input_file_ref idref="fl-10"/>
      </object_component>
      <object_component id="oc-11f">
         <name>.const</name>
         <load_address>0x5dac</load_address>
         <run_address>0x5dac</run_address>
         <size>0x70</size>
         <input_file_ref idref="fl-11"/>
      </object_component>
      <object_component id="oc-135">
         <name>.const:g_pui32Xtals</name>
         <load_address>0x5e1c</load_address>
         <run_address>0x5e1c</run_address>
         <size>0x6c</size>
         <input_file_ref idref="fl-13"/>
      </object_component>
      <object_component id="oc-25d">
         <name>.const</name>
         <load_address>0x5e88</load_address>
         <run_address>0x5e88</run_address>
         <size>0x4c</size>
         <input_file_ref idref="fl-7"/>
      </object_component>
      <object_component id="oc-d7">
         <name>.const:g_lTouchParameters</name>
         <load_address>0x5ed4</load_address>
         <run_address>0x5ed4</run_address>
         <size>0x38</size>
         <input_file_ref idref="fl-6"/>
      </object_component>
      <object_component id="oc-202">
         <name>.const:g_sKentec320x240x16_SSD2119</name>
         <load_address>0x5f0c</load_address>
         <run_address>0x5f0c</run_address>
         <size>0x28</size>
         <input_file_ref idref="fl-2"/>
      </object_component>
      <object_component id="oc-3b9">
         <name>.const:.string</name>
         <load_address>0x5f34</load_address>
         <run_address>0x5f34</run_address>
         <size>0x12</size>
         <input_file_ref idref="fl-7"/>
      </object_component>
      <object_component id="oc-353">
         <name>.const</name>
         <load_address>0x5f48</load_address>
         <run_address>0x5f48</run_address>
         <size>0x10</size>
         <input_file_ref idref="fl-1b"/>
      </object_component>
      <object_component id="oc-52c">
         <name>.cinit..data.load</name>
         <load_address>0xacb0</load_address>
         <run_address>0xacb0</run_address>
         <size>0xba7</size>
      </object_component>
      <object_component id="oc-52a">
         <name>__TI_handler_table</name>
         <load_address>0xb858</load_address>
         <run_address>0xb858</run_address>
         <size>0xc</size>
      </object_component>
      <object_component id="oc-52d">
         <name>.cinit..bss.load</name>
         <load_address>0xb868</load_address>
         <run_address>0xb868</run_address>
         <size>0x8</size>
      </object_component>
      <object_component id="oc-52b">
         <name>__TI_cinit_table</name>
         <load_address>0xb870</load_address>
         <run_address>0xb870</run_address>
         <size>0x10</size>
      </object_component>
      <object_component id="oc-29">
         <name>.stack</name>
         <uninitialized>true</uninitialized>
         <run_address>0x200016c8</run_address>
         <size>0x0</size>
         <input_file_ref idref="fl-14c"/>
      </object_component>
      <object_component id="oc-52e">
         <name>.stack</name>
         <uninitialized>true</uninitialized>
         <run_address>0x200016c8</run_address>
         <size>0x0</size>
      </object_component>
      <object_component id="oc-254">
         <name>.bss:g_psMQ</name>
         <uninitialized>true</uninitialized>
         <run_address>0x20001ac8</run_address>
         <size>0x140</size>
         <input_file_ref idref="fl-23"/>
      </object_component>
      <object_component id="oc-d6">
         <name>.common:g_sTouchX</name>
         <uninitialized>true</uninitialized>
         <run_address>0x20001c2c</run_address>
         <size>0x2</size>
      </object_component>
      <object_component id="oc-d2">
         <name>.common:g_sTouchY</name>
         <uninitialized>true</uninitialized>
         <run_address>0x20001c2e</run_address>
         <size>0x2</size>
      </object_component>
      <object_component id="oc-356">
         <name>.common:g_psGrLibDefaults</name>
         <uninitialized>true</uninitialized>
         <run_address>0x20001c28</run_address>
         <size>0x4</size>
      </object_component>
      <object_component id="oc-450">
         <name>.common:g_pui8Dictionary</name>
         <uninitialized>true</uninitialized>
         <run_address>0x20001c08</run_address>
         <size>0x20</size>
      </object_component>
      <object_component id="oc-31f">
         <name>.data</name>
         <load_address>0x200016a8</load_address>
         <run_address>0x200016a8</run_address>
         <size>0x8</size>
         <input_file_ref idref="fl-2"/>
      </object_component>
      <object_component id="oc-298">
         <name>.data:g_sIntroduction</name>
         <load_address>0x20001530</load_address>
         <run_address>0x20001530</run_address>
         <size>0x40</size>
         <input_file_ref idref="fl-3"/>
      </object_component>
      <object_component id="oc-29b">
         <name>.data:g_sPrimitives</name>
         <load_address>0x20001570</load_address>
         <run_address>0x20001570</run_address>
         <size>0x40</size>
         <input_file_ref idref="fl-3"/>
      </object_component>
      <object_component id="oc-4c8">
         <name>.data:g_sCanvas3</name>
         <load_address>0x200014f0</load_address>
         <run_address>0x200014f0</run_address>
         <size>0x40</size>
         <input_file_ref idref="fl-3"/>
      </object_component>
      <object_component id="oc-40f">
         <name>.data:g_sCanvas2</name>
         <load_address>0x200014b0</load_address>
         <run_address>0x200014b0</run_address>
         <size>0x40</size>
         <input_file_ref idref="fl-3"/>
      </object_component>
      <object_component id="oc-29e">
         <name>.data:g_sCanvas1</name>
         <load_address>0x20001470</load_address>
         <run_address>0x20001470</run_address>
         <size>0x40</size>
         <input_file_ref idref="fl-3"/>
      </object_component>
      <object_component id="oc-4cd">
         <name>.data:g_sContainer3</name>
         <load_address>0x20001620</load_address>
         <run_address>0x20001620</run_address>
         <size>0x38</size>
         <input_file_ref idref="fl-3"/>
      </object_component>
      <object_component id="oc-414">
         <name>.data:g_sContainer2</name>
         <load_address>0x200015e8</load_address>
         <run_address>0x200015e8</run_address>
         <size>0x38</size>
         <input_file_ref idref="fl-3"/>
      </object_component>
      <object_component id="oc-2a1">
         <name>.data:g_sContainer1</name>
         <load_address>0x200015b0</load_address>
         <run_address>0x200015b0</run_address>
         <size>0x38</size>
         <input_file_ref idref="fl-3"/>
      </object_component>
      <object_component id="oc-289">
         <name>.data:g_psRadioContainers</name>
         <load_address>0x20001400</load_address>
         <run_address>0x20001400</run_address>
         <size>0x70</size>
         <input_file_ref idref="fl-3"/>
      </object_component>
      <object_component id="oc-177">
         <name>.data</name>
         <load_address>0x20000000</load_address>
         <run_address>0x20000000</run_address>
         <size>0x1400</size>
         <input_file_ref idref="fl-3"/>
      </object_component>
      <object_component id="oc-cf">
         <name>.data</name>
         <load_address>0x20001688</load_address>
         <run_address>0x20001688</run_address>
         <size>0x20</size>
         <input_file_ref idref="fl-6"/>
      </object_component>
      <object_component id="oc-260">
         <name>.data</name>
         <load_address>0x200016c4</load_address>
         <run_address>0x200016c4</run_address>
         <size>0x4</size>
         <input_file_ref idref="fl-7"/>
      </object_component>
      <object_component id="oc-17a">
         <name>.data</name>
         <load_address>0x20001658</load_address>
         <run_address>0x20001658</run_address>
         <size>0x2d</size>
         <input_file_ref idref="fl-23"/>
      </object_component>
      <object_component id="oc-10e">
         <name>.data</name>
         <load_address>0x200016b8</load_address>
         <run_address>0x200016b8</run_address>
         <size>0x8</size>
         <input_file_ref idref="fl-150"/>
      </object_component>
      <object_component id="oc-76">
         <name>.data</name>
         <load_address>0x200016c0</load_address>
         <run_address>0x200016c0</run_address>
         <size>0x4</size>
         <input_file_ref idref="fl-154"/>
      </object_component>
      <object_component id="oc-10b">
         <name>.data</name>
         <load_address>0x200016b0</load_address>
         <run_address>0x200016b0</run_address>
         <size>0x8</size>
         <input_file_ref idref="fl-156"/>
      </object_component>
      <object_component id="oc-23b">
         <name>.debug_info</name>
         <load_address>0x0</load_address>
         <run_address>0x0</run_address>
         <size>0x61e</size>
         <input_file_ref idref="fl-2"/>
      </object_component>
      <object_component id="oc-203">
         <name>.debug_info</name>
         <load_address>0x61e</load_address>
         <run_address>0x61e</run_address>
         <size>0xfc</size>
         <input_file_ref idref="fl-2"/>
      </object_component>
      <object_component id="oc-320">
         <name>.debug_info</name>
         <load_address>0x71a</load_address>
         <run_address>0x71a</run_address>
         <size>0x102</size>
         <input_file_ref idref="fl-2"/>
      </object_component>
      <object_component id="oc-1d5">
         <name>.debug_info</name>
         <load_address>0x81c</load_address>
         <run_address>0x81c</run_address>
         <size>0x1284</size>
         <input_file_ref idref="fl-2"/>
      </object_component>
      <object_component id="oc-145">
         <name>.debug_info</name>
         <load_address>0x1aa0</load_address>
         <run_address>0x1aa0</run_address>
         <size>0x6bd</size>
         <input_file_ref idref="fl-2"/>
      </object_component>
      <object_component id="oc-13b">
         <name>.debug_info</name>
         <load_address>0x215d</load_address>
         <run_address>0x215d</run_address>
         <size>0x8b</size>
         <input_file_ref idref="fl-2"/>
      </object_component>
      <object_component id="oc-46b">
         <name>.debug_info</name>
         <load_address>0x21e8</load_address>
         <run_address>0x21e8</run_address>
         <size>0x47</size>
         <input_file_ref idref="fl-2"/>
      </object_component>
      <object_component id="oc-db">
         <name>.debug_info</name>
         <load_address>0x222f</load_address>
         <run_address>0x222f</run_address>
         <size>0x18b</size>
         <input_file_ref idref="fl-2"/>
      </object_component>
      <object_component id="oc-26b">
         <name>.debug_info</name>
         <load_address>0x23ba</load_address>
         <run_address>0x23ba</run_address>
         <size>0x4e</size>
         <input_file_ref idref="fl-2"/>
      </object_component>
      <object_component id="oc-20f">
         <name>.debug_info</name>
         <load_address>0x2408</load_address>
         <run_address>0x2408</run_address>
         <size>0x12b8</size>
         <input_file_ref idref="fl-3"/>
      </object_component>
      <object_component id="oc-299">
         <name>.debug_info</name>
         <load_address>0x36c0</load_address>
         <run_address>0x36c0</run_address>
         <size>0xd1</size>
         <input_file_ref idref="fl-3"/>
      </object_component>
      <object_component id="oc-29c">
         <name>.debug_info</name>
         <load_address>0x3791</load_address>
         <run_address>0x3791</run_address>
         <size>0xcd</size>
         <input_file_ref idref="fl-3"/>
      </object_component>
      <object_component id="oc-4c9">
         <name>.debug_info</name>
         <load_address>0x385e</load_address>
         <run_address>0x385e</run_address>
         <size>0xc7</size>
         <input_file_ref idref="fl-3"/>
      </object_component>
      <object_component id="oc-410">
         <name>.debug_info</name>
         <load_address>0x3925</load_address>
         <run_address>0x3925</run_address>
         <size>0xc7</size>
         <input_file_ref idref="fl-3"/>
      </object_component>
      <object_component id="oc-29f">
         <name>.debug_info</name>
         <load_address>0x39ec</load_address>
         <run_address>0x39ec</run_address>
         <size>0xc7</size>
         <input_file_ref idref="fl-3"/>
      </object_component>
      <object_component id="oc-4ce">
         <name>.debug_info</name>
         <load_address>0x3ab3</load_address>
         <run_address>0x3ab3</run_address>
         <size>0xcd</size>
         <input_file_ref idref="fl-3"/>
      </object_component>
      <object_component id="oc-415">
         <name>.debug_info</name>
         <load_address>0x3b80</load_address>
         <run_address>0x3b80</run_address>
         <size>0xcd</size>
         <input_file_ref idref="fl-3"/>
      </object_component>
      <object_component id="oc-2a2">
         <name>.debug_info</name>
         <load_address>0x3c4d</load_address>
         <run_address>0x3c4d</run_address>
         <size>0xcd</size>
         <input_file_ref idref="fl-3"/>
      </object_component>
      <object_component id="oc-28a">
         <name>.debug_info</name>
         <load_address>0x3d1a</load_address>
         <run_address>0x3d1a</run_address>
         <size>0xda</size>
         <input_file_ref idref="fl-3"/>
      </object_component>
      <object_component id="oc-178">
         <name>.debug_info</name>
         <load_address>0x3df4</load_address>
         <run_address>0x3df4</run_address>
         <size>0x3ce</size>
         <input_file_ref idref="fl-3"/>
      </object_component>
      <object_component id="oc-104">
         <name>.debug_info</name>
         <load_address>0x41c2</load_address>
         <run_address>0x41c2</run_address>
         <size>0xe4b</size>
         <input_file_ref idref="fl-3"/>
      </object_component>
      <object_component id="oc-38f">
         <name>.debug_info</name>
         <load_address>0x500d</load_address>
         <run_address>0x500d</run_address>
         <size>0x86</size>
         <input_file_ref idref="fl-3"/>
      </object_component>
      <object_component id="oc-2b8">
         <name>.debug_info</name>
         <load_address>0x5093</load_address>
         <run_address>0x5093</run_address>
         <size>0xea</size>
         <input_file_ref idref="fl-3"/>
      </object_component>
      <object_component id="oc-394">
         <name>.debug_info</name>
         <load_address>0x517d</load_address>
         <run_address>0x517d</run_address>
         <size>0xfe</size>
         <input_file_ref idref="fl-3"/>
      </object_component>
      <object_component id="oc-399">
         <name>.debug_info</name>
         <load_address>0x527b</load_address>
         <run_address>0x527b</run_address>
         <size>0xc2</size>
         <input_file_ref idref="fl-3"/>
      </object_component>
      <object_component id="oc-2bd">
         <name>.debug_info</name>
         <load_address>0x533d</load_address>
         <run_address>0x533d</run_address>
         <size>0x14e</size>
         <input_file_ref idref="fl-3"/>
      </object_component>
      <object_component id="oc-39e">
         <name>.debug_info</name>
         <load_address>0x548b</load_address>
         <run_address>0x548b</run_address>
         <size>0xfe</size>
         <input_file_ref idref="fl-3"/>
      </object_component>
      <object_component id="oc-3a3">
         <name>.debug_info</name>
         <load_address>0x5589</load_address>
         <run_address>0x5589</run_address>
         <size>0x176</size>
         <input_file_ref idref="fl-3"/>
      </object_component>
      <object_component id="oc-266">
         <name>.debug_info</name>
         <load_address>0x56ff</load_address>
         <run_address>0x56ff</run_address>
         <size>0x16f</size>
         <input_file_ref idref="fl-3"/>
      </object_component>
      <object_component id="oc-14a">
         <name>.debug_info</name>
         <load_address>0x586e</load_address>
         <run_address>0x586e</run_address>
         <size>0xc6</size>
         <input_file_ref idref="fl-3"/>
      </object_component>
      <object_component id="oc-2d6">
         <name>.debug_info</name>
         <load_address>0x5934</load_address>
         <run_address>0x5934</run_address>
         <size>0x353</size>
         <input_file_ref idref="fl-4"/>
      </object_component>
      <object_component id="oc-1fd">
         <name>.debug_info</name>
         <load_address>0x5c87</load_address>
         <run_address>0x5c87</run_address>
         <size>0xc1</size>
         <input_file_ref idref="fl-4"/>
      </object_component>
      <object_component id="oc-18d">
         <name>.debug_info</name>
         <load_address>0x5d48</load_address>
         <run_address>0x5d48</run_address>
         <size>0xc9</size>
         <input_file_ref idref="fl-4"/>
      </object_component>
      <object_component id="oc-18a">
         <name>.debug_info</name>
         <load_address>0x5e11</load_address>
         <run_address>0x5e11</run_address>
         <size>0xc7</size>
         <input_file_ref idref="fl-4"/>
      </object_component>
      <object_component id="oc-27e">
         <name>.debug_info</name>
         <load_address>0x5ed8</load_address>
         <run_address>0x5ed8</run_address>
         <size>0xcb</size>
         <input_file_ref idref="fl-4"/>
      </object_component>
      <object_component id="oc-281">
         <name>.debug_info</name>
         <load_address>0x5fa3</load_address>
         <run_address>0x5fa3</run_address>
         <size>0xd6</size>
         <input_file_ref idref="fl-4"/>
      </object_component>
      <object_component id="oc-2ab">
         <name>.debug_info</name>
         <load_address>0x6079</load_address>
         <run_address>0x6079</run_address>
         <size>0xe0</size>
         <input_file_ref idref="fl-4"/>
      </object_component>
      <object_component id="oc-2ae">
         <name>.debug_info</name>
         <load_address>0x6159</load_address>
         <run_address>0x6159</run_address>
         <size>0xe8</size>
         <input_file_ref idref="fl-4"/>
      </object_component>
      <object_component id="oc-2b1">
         <name>.debug_info</name>
         <load_address>0x6241</load_address>
         <run_address>0x6241</run_address>
         <size>0xdc</size>
         <input_file_ref idref="fl-4"/>
      </object_component>
      <object_component id="oc-2b4">
         <name>.debug_info</name>
         <load_address>0x631d</load_address>
         <run_address>0x631d</run_address>
         <size>0xd8</size>
         <input_file_ref idref="fl-4"/>
      </object_component>
      <object_component id="oc-38">
         <name>.debug_info</name>
         <load_address>0x63f5</load_address>
         <run_address>0x63f5</run_address>
         <size>0x126</size>
         <input_file_ref idref="fl-5"/>
      </object_component>
      <object_component id="oc-10">
         <name>.debug_info</name>
         <load_address>0x651b</load_address>
         <run_address>0x651b</run_address>
         <size>0xd9</size>
         <input_file_ref idref="fl-5"/>
      </object_component>
      <object_component id="oc-2b">
         <name>.debug_info</name>
         <load_address>0x65f4</load_address>
         <run_address>0x65f4</run_address>
         <size>0x255</size>
         <input_file_ref idref="fl-5"/>
      </object_component>
      <object_component id="oc-e2">
         <name>.debug_info</name>
         <load_address>0x6849</load_address>
         <run_address>0x6849</run_address>
         <size>0x84</size>
         <input_file_ref idref="fl-5"/>
      </object_component>
      <object_component id="oc-d3">
         <name>.debug_info</name>
         <load_address>0x68cd</load_address>
         <run_address>0x68cd</run_address>
         <size>0x7f3</size>
         <input_file_ref idref="fl-6"/>
      </object_component>
      <object_component id="oc-d8">
         <name>.debug_info</name>
         <load_address>0x70c0</load_address>
         <run_address>0x70c0</run_address>
         <size>0xd2</size>
         <input_file_ref idref="fl-6"/>
      </object_component>
      <object_component id="oc-d0">
         <name>.debug_info</name>
         <load_address>0x7192</load_address>
         <run_address>0x7192</run_address>
         <size>0x1a7</size>
         <input_file_ref idref="fl-6"/>
      </object_component>
      <object_component id="oc-31">
         <name>.debug_info</name>
         <load_address>0x7339</load_address>
         <run_address>0x7339</run_address>
         <size>0x423</size>
         <input_file_ref idref="fl-6"/>
      </object_component>
      <object_component id="oc-264">
         <name>.debug_info</name>
         <load_address>0x775c</load_address>
         <run_address>0x775c</run_address>
         <size>0x1cc</size>
         <input_file_ref idref="fl-7"/>
      </object_component>
      <object_component id="oc-25e">
         <name>.debug_info</name>
         <load_address>0x7928</load_address>
         <run_address>0x7928</run_address>
         <size>0x13b</size>
         <input_file_ref idref="fl-7"/>
      </object_component>
      <object_component id="oc-261">
         <name>.debug_info</name>
         <load_address>0x7a63</load_address>
         <run_address>0x7a63</run_address>
         <size>0xee</size>
         <input_file_ref idref="fl-7"/>
      </object_component>
      <object_component id="oc-172">
         <name>.debug_info</name>
         <load_address>0x7b51</load_address>
         <run_address>0x7b51</run_address>
         <size>0x12d6</size>
         <input_file_ref idref="fl-7"/>
      </object_component>
      <object_component id="oc-119">
         <name>.debug_info</name>
         <load_address>0x8e27</load_address>
         <run_address>0x8e27</run_address>
         <size>0x23d</size>
         <input_file_ref idref="fl-e"/>
      </object_component>
      <object_component id="oc-90">
         <name>.debug_info</name>
         <load_address>0x9064</load_address>
         <run_address>0x9064</run_address>
         <size>0x333</size>
         <input_file_ref idref="fl-e"/>
      </object_component>
      <object_component id="oc-96">
         <name>.debug_info</name>
         <load_address>0x9397</load_address>
         <run_address>0x9397</run_address>
         <size>0x2a0</size>
         <input_file_ref idref="fl-e"/>
      </object_component>
      <object_component id="oc-8a">
         <name>.debug_info</name>
         <load_address>0x9637</load_address>
         <run_address>0x9637</run_address>
         <size>0x326</size>
         <input_file_ref idref="fl-e"/>
      </object_component>
      <object_component id="oc-9b">
         <name>.debug_info</name>
         <load_address>0x995d</load_address>
         <run_address>0x995d</run_address>
         <size>0x296</size>
         <input_file_ref idref="fl-e"/>
      </object_component>
      <object_component id="oc-83">
         <name>.debug_info</name>
         <load_address>0x9bf3</load_address>
         <run_address>0x9bf3</run_address>
         <size>0x2c1</size>
         <input_file_ref idref="fl-e"/>
      </object_component>
      <object_component id="oc-1c9">
         <name>.debug_info</name>
         <load_address>0x9eb4</load_address>
         <run_address>0x9eb4</run_address>
         <size>0x225</size>
         <input_file_ref idref="fl-f"/>
      </object_component>
      <object_component id="oc-1c3">
         <name>.debug_info</name>
         <load_address>0xa0d9</load_address>
         <run_address>0xa0d9</run_address>
         <size>0x20d</size>
         <input_file_ref idref="fl-f"/>
      </object_component>
      <object_component id="oc-131">
         <name>.debug_info</name>
         <load_address>0xa2e6</load_address>
         <run_address>0xa2e6</run_address>
         <size>0x230</size>
         <input_file_ref idref="fl-10"/>
      </object_component>
      <object_component id="oc-473">
         <name>.debug_info</name>
         <load_address>0xa516</load_address>
         <run_address>0xa516</run_address>
         <size>0x15b</size>
         <input_file_ref idref="fl-10"/>
      </object_component>
      <object_component id="oc-ac">
         <name>.debug_info</name>
         <load_address>0xa671</load_address>
         <run_address>0xa671</run_address>
         <size>0x2a3</size>
         <input_file_ref idref="fl-10"/>
      </object_component>
      <object_component id="oc-12b">
         <name>.debug_info</name>
         <load_address>0xa914</load_address>
         <run_address>0xa914</run_address>
         <size>0x2b3</size>
         <input_file_ref idref="fl-10"/>
      </object_component>
      <object_component id="oc-125">
         <name>.debug_info</name>
         <load_address>0xabc7</load_address>
         <run_address>0xabc7</run_address>
         <size>0x316</size>
         <input_file_ref idref="fl-10"/>
      </object_component>
      <object_component id="oc-335">
         <name>.debug_info</name>
         <load_address>0xaedd</load_address>
         <run_address>0xaedd</run_address>
         <size>0x2a9</size>
         <input_file_ref idref="fl-10"/>
      </object_component>
      <object_component id="oc-a6">
         <name>.debug_info</name>
         <load_address>0xb186</load_address>
         <run_address>0xb186</run_address>
         <size>0x2b7</size>
         <input_file_ref idref="fl-10"/>
      </object_component>
      <object_component id="oc-32f">
         <name>.debug_info</name>
         <load_address>0xb43d</load_address>
         <run_address>0xb43d</run_address>
         <size>0x280</size>
         <input_file_ref idref="fl-10"/>
      </object_component>
      <object_component id="oc-123">
         <name>.debug_info</name>
         <load_address>0xb6bd</load_address>
         <run_address>0xb6bd</run_address>
         <size>0x20e</size>
         <input_file_ref idref="fl-11"/>
      </object_component>
      <object_component id="oc-120">
         <name>.debug_info</name>
         <load_address>0xb8cb</load_address>
         <run_address>0xb8cb</run_address>
         <size>0x210</size>
         <input_file_ref idref="fl-11"/>
      </object_component>
      <object_component id="oc-a0">
         <name>.debug_info</name>
         <load_address>0xbadb</load_address>
         <run_address>0xbadb</run_address>
         <size>0x268</size>
         <input_file_ref idref="fl-11"/>
      </object_component>
      <object_component id="oc-468">
         <name>.debug_info</name>
         <load_address>0xbd43</load_address>
         <run_address>0xbd43</run_address>
         <size>0x21c</size>
         <input_file_ref idref="fl-12"/>
      </object_component>
      <object_component id="oc-347">
         <name>.debug_info</name>
         <load_address>0xbf5f</load_address>
         <run_address>0xbf5f</run_address>
         <size>0x242</size>
         <input_file_ref idref="fl-12"/>
      </object_component>
      <object_component id="oc-329">
         <name>.debug_info</name>
         <load_address>0xc1a1</load_address>
         <run_address>0xc1a1</run_address>
         <size>0x244</size>
         <input_file_ref idref="fl-12"/>
      </object_component>
      <object_component id="oc-31a">
         <name>.debug_info</name>
         <load_address>0xc3e5</load_address>
         <run_address>0xc3e5</run_address>
         <size>0x276</size>
         <input_file_ref idref="fl-12"/>
      </object_component>
      <object_component id="oc-341">
         <name>.debug_info</name>
         <load_address>0xc65b</load_address>
         <run_address>0xc65b</run_address>
         <size>0x3d9</size>
         <input_file_ref idref="fl-12"/>
      </object_component>
      <object_component id="oc-33b">
         <name>.debug_info</name>
         <load_address>0xca34</load_address>
         <run_address>0xca34</run_address>
         <size>0x28c</size>
         <input_file_ref idref="fl-12"/>
      </object_component>
      <object_component id="oc-117">
         <name>.debug_info</name>
         <load_address>0xccc0</load_address>
         <run_address>0xccc0</run_address>
         <size>0x27f</size>
         <input_file_ref idref="fl-13"/>
      </object_component>
      <object_component id="oc-136">
         <name>.debug_info</name>
         <load_address>0xcf3f</load_address>
         <run_address>0xcf3f</run_address>
         <size>0x14d</size>
         <input_file_ref idref="fl-13"/>
      </object_component>
      <object_component id="oc-323">
         <name>.debug_info</name>
         <load_address>0xd08c</load_address>
         <run_address>0xd08c</run_address>
         <size>0x27f</size>
         <input_file_ref idref="fl-13"/>
      </object_component>
      <object_component id="oc-7c">
         <name>.debug_info</name>
         <load_address>0xd30b</load_address>
         <run_address>0xd30b</run_address>
         <size>0x27d</size>
         <input_file_ref idref="fl-13"/>
      </object_component>
      <object_component id="oc-1cf">
         <name>.debug_info</name>
         <load_address>0xd588</load_address>
         <run_address>0xd588</run_address>
         <size>0x2db</size>
         <input_file_ref idref="fl-13"/>
      </object_component>
      <object_component id="oc-b8">
         <name>.debug_info</name>
         <load_address>0xd863</load_address>
         <run_address>0xd863</run_address>
         <size>0x2b5</size>
         <input_file_ref idref="fl-13"/>
      </object_component>
      <object_component id="oc-228">
         <name>.debug_info</name>
         <load_address>0xdb18</load_address>
         <run_address>0xdb18</run_address>
         <size>0x5f</size>
         <input_file_ref idref="fl-13"/>
      </object_component>
      <object_component id="oc-134">
         <name>.debug_info</name>
         <load_address>0xdb77</load_address>
         <run_address>0xdb77</run_address>
         <size>0x228</size>
         <input_file_ref idref="fl-14"/>
      </object_component>
      <object_component id="oc-be">
         <name>.debug_info</name>
         <load_address>0xdd9f</load_address>
         <run_address>0xdd9f</run_address>
         <size>0x2ba</size>
         <input_file_ref idref="fl-14"/>
      </object_component>
      <object_component id="oc-ca">
         <name>.debug_info</name>
         <load_address>0xe059</load_address>
         <run_address>0xe059</run_address>
         <size>0x27f</size>
         <input_file_ref idref="fl-14"/>
      </object_component>
      <object_component id="oc-c4">
         <name>.debug_info</name>
         <load_address>0xe2d8</load_address>
         <run_address>0xe2d8</run_address>
         <size>0x2d7</size>
[...]
      </symbol>
      <symbol id="sm-304">
         <name>usnprintf</name>
         <value>0x7483</value>
         <object_component_ref idref="oc-171"/>
      </symbol>
      <symbol id="sm-305">
         <name>ustrtoul</name>
         <value>0x718d</value>
         <object_component_ref idref="oc-171"/>
      </symbol>
      <symbol id="sm-306">
         <name>ustrcasecmp</name>
         <value>0x7455</value>
         <object_component_ref idref="oc-171"/>
      </symbol>
      <symbol id="sm-307">
         <name>umktime</name>
         <value>0x75a5</value>
         <object_component_ref idref="oc-171"/>
      </symbol>
      <symbol id="sm-308">
         <name>usrand</name>
         <value>0x745d</value>
         <object_component_ref idref="oc-171"/>
      </symbol>
      <symbol id="sm-309">
         <name>ustrncmp</name>
         <value>0x738d</value>
         <object_component_ref idref="oc-171"/>
      </symbol>
      <symbol id="sm-30a">
         <name>urand</name>
         <value>0x749d</value>
         <object_component_ref idref="oc-171"/>
      </symbol>
      <symbol id="sm-33c">
         <name>ADCSequenceEnable</name>
         <value>0xac01</value>
         <object_component_ref idref="oc-93"/>
      </symbol>
      <symbol id="sm-33d">
         <name>ADCSequenceConfigure</name>
         <value>0xa70f</value>
         <object_component_ref idref="oc-87"/>
      </symbol>
      <symbol id="sm-33e">
         <name>ADCIntEnable</name>
         <value>0xabbf</value>
         <object_component_ref idref="oc-99"/>
      </symbol>
      <symbol id="sm-33f">
         <name>ADCSequenceStepConfigure</name>
         <value>0x9e35</value>
         <object_component_ref idref="oc-8d"/>
      </symbol>
      <symbol id="sm-340">
         <name>ADCHardwareOversampleConfigure</name>
         <value>0xab89</value>
         <object_component_ref idref="oc-81"/>
      </symbol>
      <symbol id="sm-356">
         <name>FPULazyStackingEnable</name>
         <value>0xabe1</value>
         <object_component_ref idref="oc-1c8"/>
      </symbol>
      <symbol id="sm-357">
         <name>FPUEnable</name>
         <value>0xabd1</value>
         <object_component_ref idref="oc-1c2"/>
      </symbol>
      <symbol id="sm-399">
         <name>GPIOPinConfigure</name>
         <value>0xa5b5</value>
         <object_component_ref idref="oc-32e"/>
      </symbol>
      <symbol id="sm-39a">
         <name>GPIOPinTypeGPIOOutput</name>
         <value>0xaaf1</value>
         <object_component_ref idref="oc-a5"/>
      </symbol>
      <symbol id="sm-39b">
         <name>GPIODirModeSet</name>
         <value>0xa97d</value>
         <object_component_ref idref="oc-12a"/>
      </symbol>
      <symbol id="sm-39c">
         <name>GPIOPinWrite</name>
         <value>0xac83</value>
         <object_component_ref idref="oc-ab"/>
      </symbol>
      <symbol id="sm-39d">
         <name>GPIOPadConfigSet</name>
         <value>0x915d</value>
         <object_component_ref idref="oc-124"/>
      </symbol>
      <symbol id="sm-39e">
         <name>GPIOPinTypeSSI</name>
         <value>0xab9b</value>
         <object_component_ref idref="oc-334"/>
      </symbol>
      <symbol id="sm-3c5">
         <name>IntEnable</name>
         <value>0xa0d1</value>
         <object_component_ref idref="oc-9f"/>
      </symbol>
      <symbol id="sm-3f4">
         <name>SSIDataPut</name>
         <value>0xac5d</value>
         <object_component_ref idref="oc-319"/>
      </symbol>
      <symbol id="sm-3f5">
         <name>SSIConfigSetExpClk</name>
         <value>0xa74d</value>
         <object_component_ref idref="oc-340"/>
      </symbol>
      <symbol id="sm-3f6">
         <name>SSIEnable</name>
         <value>0xac71</value>
         <object_component_ref idref="oc-346"/>
      </symbol>
      <symbol id="sm-3f7">
         <name>SSIClockSourceSet</name>
         <value>0xac8f</value>
         <object_component_ref idref="oc-33a"/>
      </symbol>
      <symbol id="sm-3f8">
         <name>SSIDisable</name>
         <value>0xac67</value>
         <object_component_ref idref="oc-328"/>
      </symbol>
      <symbol id="sm-454">
         <name>SysCtlClockSet</name>
         <value>0x9591</value>
         <object_component_ref idref="oc-1ce"/>
      </symbol>
      <symbol id="sm-455">
         <name>SysCtlDelay</name>
         <value>0xac95</value>
         <object_component_ref idref="oc-1e0"/>
      </symbol>
      <symbol id="sm-456">
         <name>SysCtlPeripheralEnable</name>
         <value>0xa86d</value>
         <object_component_ref idref="oc-7b"/>
      </symbol>
      <symbol id="sm-457">
         <name>SysCtlClockGet</name>
         <value>0x928d</value>
         <object_component_ref idref="oc-b7"/>
      </symbol>
      <symbol id="sm-458">
         <name>SysCtlPeripheralReady</name>
         <value>0xa7fd</value>
         <object_component_ref idref="oc-322"/>
      </symbol>
      <symbol id="sm-48b">
         <name>TimerLoadSet</name>
         <value>0xabad</value>
         <object_component_ref idref="oc-bd"/>
      </symbol>
      <symbol id="sm-48c">
         <name>TimerEnable</name>
         <value>0xac1d</value>
         <object_component_ref idref="oc-c9"/>
      </symbol>
      <symbol id="sm-48d">
         <name>TimerControlTrigger</name>
         <value>0xa3d9</value>
         <object_component_ref idref="oc-c3"/>
      </symbol>
      <symbol id="sm-48e">
         <name>TimerConfigure</name>
         <value>0xa269</value>
         <object_component_ref idref="oc-b1"/>
      </symbol>
      <symbol id="sm-4a7">
         <name>uDMAEnable</name>
         <value>0xabf1</value>
         <object_component_ref idref="oc-1e7"/>
      </symbol>
      <symbol id="sm-4a8">
         <name>uDMAControlBaseSet</name>
         <value>0xac51</value>
         <object_component_ref idref="oc-1e1"/>
      </symbol>
      <symbol id="sm-4ca">
         <name>CanvasMsgProc</name>
         <value>0xab37</value>
         <object_component_ref idref="oc-271"/>
      </symbol>
      <symbol id="sm-4f8">
         <name>CheckBoxMsgProc</name>
         <value>0xa953</value>
         <object_component_ref idref="oc-283"/>
      </symbol>
      <symbol id="sm-521">
         <name>GrCircleFill</name>
         <value>0x9017</value>
         <object_component_ref idref="oc-195"/>
      </symbol>
      <symbol id="sm-522">
         <name>GrCircleDraw</name>
         <value>0x8691</value>
         <object_component_ref idref="oc-19b"/>
      </symbol>
      <symbol id="sm-53d">
         <name>ContainerMsgProc</name>
         <value>0xab4b</value>
         <object_component_ref idref="oc-3e8"/>
      </symbol>
      <symbol id="sm-568">
         <name>GrContextInit</name>
         <value>0xa069</value>
         <object_component_ref idref="oc-1da"/>
      </symbol>
      <symbol id="sm-569">
         <name>GrContextClipRegionSet</name>
         <value>0xa205</value>
         <object_component_ref idref="oc-4a3"/>
      </symbol>
      <symbol id="sm-56a">
         <name>g_psDefaultCodePointMapTable</name>
         <value>0x5f48</value>
         <object_component_ref idref="oc-353"/>
      </symbol>
      <symbol id="sm-5c1">
         <name>GrImageDraw</name>
         <value>0xac0f</value>
         <object_component_ref idref="oc-1ad"/>
      </symbol>
      <symbol id="sm-605">
         <name>GrLineDrawH</name>
         <value>0xa5fd</value>
         <object_component_ref idref="oc-2df"/>
      </symbol>
      <symbol id="sm-606">
         <name>GrLineDrawV</name>
         <value>0xa643</value>
         <object_component_ref idref="oc-2e5"/>
      </symbol>
      <symbol id="sm-607">
         <name>GrLineDraw</name>
         <value>0x9399</value>
         <object_component_ref idref="oc-18f"/>
      </symbol>
      <symbol id="sm-668">
         <name>RectangularButtonMsgProc</name>
         <value>0xaa23</value>
         <object_component_ref idref="oc-277"/>
      </symbol>
      <symbol id="sm-669">
         <name>CircularButtonMsgProc</name>
         <value>0xa9fb</value>
         <object_component_ref idref="oc-292"/>
      </symbol>
      <symbol id="sm-69c">
         <name>RadioButtonMsgProc</name>
         <value>0xa9a7</value>
         <object_component_ref idref="oc-28c"/>
      </symbol>
      <symbol id="sm-6c8">
         <name>GrRectIntersectGet</name>
         <value>0x9d25</value>
         <object_component_ref idref="oc-4d2"/>
      </symbol>
      <symbol id="sm-6c9">
         <name>GrRectFill</name>
         <value>0x9daf</value>
         <object_component_ref idref="oc-1a1"/>
      </symbol>
      <symbol id="sm-6ca">
         <name>GrRectOverlapCheck</name>
         <value>0xa7c3</value>
         <object_component_ref idref="oc-4fd"/>
      </symbol>
      <symbol id="sm-6cb">
         <name>GrRectDraw</name>
         <value>0xa139</value>
         <object_component_ref idref="oc-1a7"/>
      </symbol>
      <symbol id="sm-719">
         <name>SliderMsgProc</name>
         <value>0xa927</value>
         <object_component_ref idref="oc-2a4"/>
      </symbol>
      <symbol id="sm-7c5">
         <name>GrFontInfoGet</name>
         <value>0xaa4b</value>
         <object_component_ref idref="oc-30e"/>
      </symbol>
      <symbol id="sm-7c6">
         <name>GrDefaultStringRenderer</name>
         <value>0x990f</value>
         <object_component_ref idref="oc-34d"/>
      </symbol>
      <symbol id="sm-7c7">
         <name>GrFontGlyphRender</name>
         <value>0x822d</value>
         <object_component_ref idref="oc-47a"/>
      </symbol>
      <symbol id="sm-7c8">
         <name>GrFontHeightGet</name>
         <value>0xa8fb</value>
         <object_component_ref idref="oc-4a9"/>
      </symbol>
      <symbol id="sm-7c9">
         <name>GrContextFontSet</name>
         <value>0xac89</value>
         <object_component_ref idref="oc-17d"/>
      </symbol>
      <symbol id="sm-7ca">
         <name>GrFontGlyphDataGet</name>
         <value>0xaa95</value>
         <object_component_ref idref="oc-308"/>
      </symbol>
      <symbol id="sm-7cb">
         <name>GrStringDraw</name>
         <value>0xab21</value>
         <object_component_ref idref="oc-183"/>
      </symbol>
      <symbol id="sm-7cc">
         <name>GrFontCodepageGet</name>
         <value>0xaab7</value>
         <object_component_ref idref="oc-430"/>
      </symbol>
      <symbol id="sm-7cd">
         <name>GrStringNextCharGet</name>
         <value>0xa8a1</value>
         <object_component_ref idref="oc-302"/>
      </symbol>
      <symbol id="sm-7ce">
         <name>GrStringWidthGet</name>
         <value>0x9f95</value>
         <object_component_ref idref="oc-1b6"/>
      </symbol>
      <symbol id="sm-7cf">
         <name>GrFontBaselineGet</name>
         <value>0xa8cf</value>
         <object_component_ref idref="oc-1bc"/>
      </symbol>
      <symbol id="sm-879">
         <name>g_sRoot</name>
         <value>0x20001658</value>
         <object_component_ref idref="oc-17a"/>
      </symbol>
      <symbol id="sm-87a">
         <name>WidgetMessageQueueAdd</name>
         <value>0x9681</value>
         <object_component_ref idref="oc-16b"/>
      </symbol>
      <symbol id="sm-87b">
         <name>WidgetMessageSendPostOrder</name>
         <value>0x9a95</value>
         <object_component_ref idref="oc-363"/>
      </symbol>
      <symbol id="sm-87c">
         <name>WidgetAdd</name>
         <value>0xaa71</value>
         <object_component_ref idref="oc-165"/>
      </symbol>
      <symbol id="sm-87d">
         <name>WidgetRemove</name>
         <value>0xa4d1</value>
         <object_component_ref idref="oc-15f"/>
      </symbol>
      <symbol id="sm-87e">
         <name>WidgetDefaultMsgProc</name>
         <value>0xaca7</value>
         <object_component_ref idref="oc-2c2"/>
      </symbol>
      <symbol id="sm-87f">
         <name>WidgetMutexPut</name>
         <value>0xac9b</value>
         <object_component_ref idref="oc-24e"/>
      </symbol>
      <symbol id="sm-880">
         <name>WidgetMessageQueueProcess</name>
         <value>0xa1a1</value>
         <object_component_ref idref="oc-1ed"/>
      </symbol>
      <symbol id="sm-881">
         <name>WidgetMutexGet</name>
         <value>0xab5f</value>
         <object_component_ref idref="oc-24d"/>
      </symbol>
      <symbol id="sm-882">
         <name>WidgetPointerMessage</name>
         <value>0xaad5</value>
         <object_component_ref idref="oc-208"/>
      </symbol>
      <symbol id="sm-883">
         <name>WidgetMessageSendPreOrder</name>
         <value>0xa2c9</value>
         <object_component_ref idref="oc-35d"/>
      </symbol>
      <symbol id="sm-895">
         <name>g_sFontCm12</name>
         <value>0x586c</value>
         <object_component_ref idref="oc-1ff"/>
      </symbol>
      <symbol id="sm-8a7">
         <name>g_sFontCm14</name>
         <value>0x5934</value>
         <object_component_ref idref="oc-1f3"/>
      </symbol>
      <symbol id="sm-8b9">
         <name>g_sFontCm18</name>
         <value>0x59fc</value>
         <object_component_ref idref="oc-1b3"/>
      </symbol>
      <symbol id="sm-8cb">
         <name>g_sFontCm20</name>
         <value>0x5ac4</value>
         <object_component_ref idref="oc-205"/>
      </symbol>
      <symbol id="sm-8dd">
         <name>g_sFontCm22</name>
         <value>0x5b8c</value>
         <object_component_ref idref="oc-1f6"/>
      </symbol>
      <symbol id="sm-8ef">
         <name>g_sFontCm24</name>
         <value>0x5c54</value>
         <object_component_ref idref="oc-1f9"/>
      </symbol>
      <symbol id="sm-8fc">
         <name>GrMapISO8859_1_Unicode</name>
         <value>0xac7b</value>
         <object_component_ref idref="oc-481"/>
      </symbol>
      <symbol id="sm-90e">
         <name>_c_int00</name>
         <value>0xa481</value>
         <object_component_ref idref="oc-24"/>
      </symbol>
      <symbol id="sm-90f">
         <name>__stack</name>
         <value>0x200016c8</value>
         <object_component_ref idref="oc-29"/>
      </symbol>
      <symbol id="sm-926">
         <name>__TI_decompress_none</name>
         <value>0xac2b</value>
         <object_component_ref idref="oc-12"/>
      </symbol>
      <symbol id="sm-94e">
         <name>__TI_decompress_rle24</name>
         <value>0xaca1</value>
         <object_component_ref idref="oc-18"/>
      </symbol>
      <symbol id="sm-960">
         <name>__TI_zero_init</name>
         <value>0xac39</value>
         <object_component_ref idref="oc-1e"/>
      </symbol>
      <symbol id="sm-97f">
         <name>C$$EXIT</name>
         <value>0xa689</value>
         <object_component_ref idref="oc-70"/>
      </symbol>
      <symbol id="sm-980">
         <name>abort</name>
         <value>0xa68d</value>
         <object_component_ref idref="oc-70"/>
      </symbol>
      <symbol id="sm-981">
         <name>exit</name>
         <value>0xa695</value>
         <object_component_ref idref="oc-70"/>
      </symbol>
      <symbol id="sm-982">
         <name>__TI_dtors_ptr</name>
         <value>0x200016bc</value>
         <object_component_ref idref="oc-10e"/>
      </symbol>
      <symbol id="sm-983">
         <name>__TI_cleanup_ptr</name>
         <value>0x200016b8</value>
         <object_component_ref idref="oc-10e"/>
      </symbol>
      <symbol id="sm-99e">
         <name>memcpy</name>
         <value>0x9bf9</value>
         <object_component_ref idref="oc-39"/>
      </symbol>
      <symbol id="sm-99f">
         <name>__aeabi_memcpy</name>
         <value>0x9bf9</value>
         <object_component_ref idref="oc-39"/>
      </symbol>
      <symbol id="sm-9a0">
         <name>__aeabi_memcpy8</name>
         <value>0x9bf9</value>
         <object_component_ref idref="oc-39"/>
      </symbol>
      <symbol id="sm-9a1">
         <name>__aeabi_memcpy4</name>
         <value>0x9bf9</value>
         <object_component_ref idref="oc-39"/>
      </symbol>
      <symbol id="sm-9b0">
         <name>__aeabi_memset</name>
         <value>0x9eb1</value>
         <object_component_ref idref="oc-52"/>
      </symbol>
      <symbol id="sm-9b1">
         <name>memset</name>
         <value>0x9eb7</value>
         <object_component_ref idref="oc-52"/>
      </symbol>
      <symbol id="sm-9b2">
         <name>__aeabi_memset8</name>
         <value>0x9eb1</value>
         <object_component_ref idref="oc-52"/>
      </symbol>
      <symbol id="sm-9b3">
         <name>__aeabi_memset4</name>
         <value>0x9eb1</value>
         <object_component_ref idref="oc-52"/>
      </symbol>
      <symbol id="sm-9b4">
         <name>__aeabi_memclr8</name>
         <value>0x9eaf</value>
         <object_component_ref idref="oc-52"/>
      </symbol>
      <symbol id="sm-9b5">
         <name>__aeabi_memclr4</name>
         <value>0x9eaf</value>
         <object_component_ref idref="oc-52"/>
      </symbol>
      <symbol id="sm-9b6">
         <name>__aeabi_memclr</name>
         <value>0x9eaf</value>
         <object_component_ref idref="oc-52"/>
      </symbol>
      <symbol id="sm-9c0">
         <name>_system_pre_init</name>
         <value>0xacab</value>
         <object_component_ref idref="oc-5e"/>
      </symbol>
      <symbol id="sm-9c8">
         <name>main_func_sp</name>
         <value>0x200016c0</value>
         <object_component_ref idref="oc-76"/>
      </symbol>
      <symbol id="sm-9db">
         <name>__aeabi_uidivmod</name>
         <value>0xa6cd</value>
         <object_component_ref idref="oc-258"/>
      </symbol>
      <symbol id="sm-9dc">
         <name>__aeabi_uidiv</name>
         <value>0xa6cd</value>
         <object_component_ref idref="oc-258"/>
      </symbol>
      <symbol id="sm-9f5">
         <name>_nop</name>
         <value>0xab83</value>
         <object_component_ref idref="oc-218"/>
      </symbol>
      <symbol id="sm-9f6">
         <name>_lock</name>
         <value>0x200016b0</value>
         <object_component_ref idref="oc-10b"/>
      </symbol>
      <symbol id="sm-9f7">
         <name>_unlock</name>
         <value>0x200016b4</value>
         <object_component_ref idref="oc-10b"/>
      </symbol>
      <symbol id="sm-9f8">
         <name>_register_lock</name>
         <value>0xab7b</value>
         <object_component_ref idref="oc-218"/>
      </symbol>
      <symbol id="sm-9f9">
         <name>_register_unlock</name>
         <value>0xab75</value>
         <object_component_ref idref="oc-218"/>
      </symbol>
      <symbol id="sm-a0e">
         <name>_args_main</name>
         <value>0xab09</value>
         <object_component_ref idref="oc-6a"/>
      </symbol>
      <symbol id="sm-a34">
         <name>__TI_auto_init</name>
         <value>0x9f29</value>
         <object_component_ref idref="oc-64"/>
      </symbol>
      <symbol id="sm-a4e">
         <name>copy_in</name>
         <value>0xa51d</value>
         <object_component_ref idref="oc-fb"/>
      </symbol>
      <symbol id="sm-a4f">
         <name>__TI_static_base__</name>
         <value>0x0</value>
      </symbol>
      <symbol id="sm-a52">
         <name>SHT$$INIT_ARRAY$$Limit</name>
         <value>0x0</value>
      </symbol>
      <symbol id="sm-a53">
         <name>SHT$$INIT_ARRAY$$Base</name>
         <value>0x0</value>
      </symbol>
   </symbol_table>
   <title>Link successful</title>
</link_info>
